
As-needed library included to satisfy reference by file (symbol)

libarsal.so                   /home/sunho/bebop_ws/devel/arsdk/out/arsdk-native/build/libARUpdater/obj/Sources/ARUPDATER_Downloader.c.o (ARSAL_Mutex_Lock)
libardiscovery.so             /home/sunho/bebop_ws/devel/arsdk/out/arsdk-native/build/libARUpdater/obj/Sources/ARUPDATER_Uploader.c.o (ARDISCOVERY_getProductService)
libarutils.so                 /home/sunho/bebop_ws/devel/arsdk/out/arsdk-native/build/libARUpdater/obj/Sources/ARUPDATER_Downloader.c.o (ARUTILS_Http_Get)
libardatatransfer.so          /home/sunho/bebop_ws/devel/arsdk/out/arsdk-native/build/libARUpdater/obj/Sources/ARUPDATER_Uploader.c.o (ARDATATRANSFER_Uploader_CancelThread)
libmux.so                     /home/sunho/bebop_ws/devel/arsdk/out/arsdk-native/build/libARUpdater/obj/Sources/ARUPDATER_Uploader.c.o (mux_ref)
libpomp.so                    /home/sunho/bebop_ws/devel/arsdk/out/arsdk-native/build/libARUpdater/obj/Sources/ARUPDATER_Uploader.c.o (pomp_msg_get_id)
libjson.so                    /home/sunho/bebop_ws/devel/arsdk/out/arsdk-native/build/libARUpdater/obj/Sources/ARUPDATER_Downloader.c.o (json_tokener_parse)
libpthread.so.0               /home/sunho/bebop_ws/devel/arsdk/out/arsdk-native/build/libARUpdater/obj/Sources/ARUPDATER_Uploader.c.o (write@@GLIBC_2.2.5)
libc.so.6                     /home/sunho/bebop_ws/devel/arsdk/out/arsdk-native/build/libARUpdater/obj/Sources/ARUPDATER_Downloader.c.o (__stpcpy_chk@@GLIBC_2.3.4)

Discarded input sections

 .text          0x0000000000000000        0x0 /usr/lib/gcc/x86_64-linux-gnu/4.8/../../../x86_64-linux-gnu/crti.o
 .data          0x0000000000000000        0x0 /usr/lib/gcc/x86_64-linux-gnu/4.8/../../../x86_64-linux-gnu/crti.o
 .bss           0x0000000000000000        0x0 /usr/lib/gcc/x86_64-linux-gnu/4.8/../../../x86_64-linux-gnu/crti.o
 .note.GNU-stack
                0x0000000000000000        0x0 /usr/lib/gcc/x86_64-linux-gnu/4.8/../../../x86_64-linux-gnu/crti.o
 .gnu_debuglink
                0x0000000000000000        0xc /usr/lib/gcc/x86_64-linux-gnu/4.8/../../../x86_64-linux-gnu/crti.o
 .data          0x0000000000000000        0x0 /usr/lib/gcc/x86_64-linux-gnu/4.8/crtbeginS.o
 .note.GNU-stack
                0x0000000000000000        0x0 /usr/lib/gcc/x86_64-linux-gnu/4.8/crtbeginS.o
 .text          0x0000000000000000        0x0 /home/sunho/bebop_ws/devel/arsdk/out/arsdk-native/build/libARUpdater/obj/Sources/ARUPDATER_Downloader.c.o
 .data          0x0000000000000000        0x0 /home/sunho/bebop_ws/devel/arsdk/out/arsdk-native/build/libARUpdater/obj/Sources/ARUPDATER_Downloader.c.o
 .bss           0x0000000000000000        0x0 /home/sunho/bebop_ws/devel/arsdk/out/arsdk-native/build/libARUpdater/obj/Sources/ARUPDATER_Downloader.c.o
 .note.GNU-stack
                0x0000000000000000        0x0 /home/sunho/bebop_ws/devel/arsdk/out/arsdk-native/build/libARUpdater/obj/Sources/ARUPDATER_Downloader.c.o
 .text          0x0000000000000000        0x0 /home/sunho/bebop_ws/devel/arsdk/out/arsdk-native/build/libARUpdater/obj/Sources/ARUPDATER_DownloadInformation.c.o
 .data          0x0000000000000000        0x0 /home/sunho/bebop_ws/devel/arsdk/out/arsdk-native/build/libARUpdater/obj/Sources/ARUPDATER_DownloadInformation.c.o
 .bss           0x0000000000000000        0x0 /home/sunho/bebop_ws/devel/arsdk/out/arsdk-native/build/libARUpdater/obj/Sources/ARUPDATER_DownloadInformation.c.o
 .note.GNU-stack
                0x0000000000000000        0x0 /home/sunho/bebop_ws/devel/arsdk/out/arsdk-native/build/libARUpdater/obj/Sources/ARUPDATER_DownloadInformation.c.o
 .text          0x0000000000000000        0x0 /home/sunho/bebop_ws/devel/arsdk/out/arsdk-native/build/libARUpdater/obj/Sources/ARUPDATER_Manager.c.o
 .data          0x0000000000000000        0x0 /home/sunho/bebop_ws/devel/arsdk/out/arsdk-native/build/libARUpdater/obj/Sources/ARUPDATER_Manager.c.o
 .bss           0x0000000000000000        0x0 /home/sunho/bebop_ws/devel/arsdk/out/arsdk-native/build/libARUpdater/obj/Sources/ARUPDATER_Manager.c.o
 .note.GNU-stack
                0x0000000000000000        0x0 /home/sunho/bebop_ws/devel/arsdk/out/arsdk-native/build/libARUpdater/obj/Sources/ARUPDATER_Manager.c.o
 .text          0x0000000000000000        0x0 /home/sunho/bebop_ws/devel/arsdk/out/arsdk-native/build/libARUpdater/obj/Sources/ARUPDATER_Plf.c.o
 .data          0x0000000000000000        0x0 /home/sunho/bebop_ws/devel/arsdk/out/arsdk-native/build/libARUpdater/obj/Sources/ARUPDATER_Plf.c.o
 .bss           0x0000000000000000        0x0 /home/sunho/bebop_ws/devel/arsdk/out/arsdk-native/build/libARUpdater/obj/Sources/ARUPDATER_Plf.c.o
 .note.GNU-stack
                0x0000000000000000        0x0 /home/sunho/bebop_ws/devel/arsdk/out/arsdk-native/build/libARUpdater/obj/Sources/ARUPDATER_Plf.c.o
 .text          0x0000000000000000        0x0 /home/sunho/bebop_ws/devel/arsdk/out/arsdk-native/build/libARUpdater/obj/Sources/ARUPDATER_Uploader.c.o
 .data          0x0000000000000000        0x0 /home/sunho/bebop_ws/devel/arsdk/out/arsdk-native/build/libARUpdater/obj/Sources/ARUPDATER_Uploader.c.o
 .bss           0x0000000000000000        0x0 /home/sunho/bebop_ws/devel/arsdk/out/arsdk-native/build/libARUpdater/obj/Sources/ARUPDATER_Uploader.c.o
 .note.GNU-stack
                0x0000000000000000        0x0 /home/sunho/bebop_ws/devel/arsdk/out/arsdk-native/build/libARUpdater/obj/Sources/ARUPDATER_Uploader.c.o
 .text          0x0000000000000000        0x0 /home/sunho/bebop_ws/devel/arsdk/out/arsdk-native/build/libARUpdater/obj/Sources/ARUPDATER_Utils.c.o
 .data          0x0000000000000000        0x0 /home/sunho/bebop_ws/devel/arsdk/out/arsdk-native/build/libARUpdater/obj/Sources/ARUPDATER_Utils.c.o
 .bss           0x0000000000000000        0x0 /home/sunho/bebop_ws/devel/arsdk/out/arsdk-native/build/libARUpdater/obj/Sources/ARUPDATER_Utils.c.o
 .note.GNU-stack
                0x0000000000000000        0x0 /home/sunho/bebop_ws/devel/arsdk/out/arsdk-native/build/libARUpdater/obj/Sources/ARUPDATER_Utils.c.o
 .text          0x0000000000000000        0x0 /home/sunho/bebop_ws/devel/arsdk/out/arsdk-native/build/libARUpdater/obj/gen/Sources/ARUPDATER_Error.c.o
 .data          0x0000000000000000        0x0 /home/sunho/bebop_ws/devel/arsdk/out/arsdk-native/build/libARUpdater/obj/gen/Sources/ARUPDATER_Error.c.o
 .bss           0x0000000000000000        0x0 /home/sunho/bebop_ws/devel/arsdk/out/arsdk-native/build/libARUpdater/obj/gen/Sources/ARUPDATER_Error.c.o
 .note.GNU-stack
                0x0000000000000000        0x0 /home/sunho/bebop_ws/devel/arsdk/out/arsdk-native/build/libARUpdater/obj/gen/Sources/ARUPDATER_Error.c.o
 .text          0x0000000000000000        0x0 /usr/lib/gcc/x86_64-linux-gnu/4.8/crtendS.o
 .data          0x0000000000000000        0x0 /usr/lib/gcc/x86_64-linux-gnu/4.8/crtendS.o
 .bss           0x0000000000000000        0x0 /usr/lib/gcc/x86_64-linux-gnu/4.8/crtendS.o
 .note.GNU-stack
                0x0000000000000000        0x0 /usr/lib/gcc/x86_64-linux-gnu/4.8/crtendS.o
 .text          0x0000000000000000        0x0 /usr/lib/gcc/x86_64-linux-gnu/4.8/../../../x86_64-linux-gnu/crtn.o
 .data          0x0000000000000000        0x0 /usr/lib/gcc/x86_64-linux-gnu/4.8/../../../x86_64-linux-gnu/crtn.o
 .bss           0x0000000000000000        0x0 /usr/lib/gcc/x86_64-linux-gnu/4.8/../../../x86_64-linux-gnu/crtn.o
 .note.GNU-stack
                0x0000000000000000        0x0 /usr/lib/gcc/x86_64-linux-gnu/4.8/../../../x86_64-linux-gnu/crtn.o
 .gnu_debuglink
                0x0000000000000000        0xc /usr/lib/gcc/x86_64-linux-gnu/4.8/../../../x86_64-linux-gnu/crtn.o

Memory Configuration

Name             Origin             Length             Attributes
*default*        0x0000000000000000 0xffffffffffffffff

Linker script and memory map

LOAD /usr/lib/gcc/x86_64-linux-gnu/4.8/../../../x86_64-linux-gnu/crti.o
LOAD /usr/lib/gcc/x86_64-linux-gnu/4.8/crtbeginS.o
LOAD /home/sunho/bebop_ws/devel/arsdk/out/arsdk-native/build/libARUpdater/obj/Sources/ARUPDATER_Downloader.c.o
LOAD /home/sunho/bebop_ws/devel/arsdk/out/arsdk-native/build/libARUpdater/obj/Sources/ARUPDATER_DownloadInformation.c.o
LOAD /home/sunho/bebop_ws/devel/arsdk/out/arsdk-native/build/libARUpdater/obj/Sources/ARUPDATER_Manager.c.o
LOAD /home/sunho/bebop_ws/devel/arsdk/out/arsdk-native/build/libARUpdater/obj/Sources/ARUPDATER_Plf.c.o
LOAD /home/sunho/bebop_ws/devel/arsdk/out/arsdk-native/build/libARUpdater/obj/Sources/ARUPDATER_Uploader.c.o
LOAD /home/sunho/bebop_ws/devel/arsdk/out/arsdk-native/build/libARUpdater/obj/Sources/ARUPDATER_Utils.c.o
LOAD /home/sunho/bebop_ws/devel/arsdk/out/arsdk-native/build/libARUpdater/obj/gen/Sources/ARUPDATER_Error.c.o
LOAD /home/sunho/bebop_ws/devel/arsdk/out/arsdk-native/staging/usr/lib/libarsal.so
LOAD /home/sunho/bebop_ws/devel/arsdk/out/arsdk-native/staging/usr/lib/libardiscovery.so
LOAD /home/sunho/bebop_ws/devel/arsdk/out/arsdk-native/staging/usr/lib/libarcommands.so
LOAD /home/sunho/bebop_ws/devel/arsdk/out/arsdk-native/staging/usr/lib/libarutils.so
LOAD /home/sunho/bebop_ws/devel/arsdk/out/arsdk-native/staging/usr/lib/libardatatransfer.so
LOAD /home/sunho/bebop_ws/devel/arsdk/out/arsdk-native/staging/usr/lib/libmux.so
LOAD /home/sunho/bebop_ws/devel/arsdk/out/arsdk-native/staging/usr/lib/libpomp.so
LOAD /home/sunho/bebop_ws/devel/arsdk/out/arsdk-native/staging/usr/lib/libjson.so
LOAD /usr/lib/gcc/x86_64-linux-gnu/4.8/../../../x86_64-linux-gnu/librt.so
LOAD /usr/lib/gcc/x86_64-linux-gnu/4.8/libstdc++.so
LOAD /usr/lib/gcc/x86_64-linux-gnu/4.8/../../../x86_64-linux-gnu/libm.so
LOAD /usr/lib/gcc/x86_64-linux-gnu/4.8/libgcc_s.so
LOAD /usr/lib/gcc/x86_64-linux-gnu/4.8/../../../x86_64-linux-gnu/libpthread.so
START GROUP
LOAD /lib/x86_64-linux-gnu/libpthread.so.0
LOAD /usr/lib/x86_64-linux-gnu/libpthread_nonshared.a
END GROUP
LOAD /usr/lib/gcc/x86_64-linux-gnu/4.8/../../../x86_64-linux-gnu/libc.so
START GROUP
LOAD /lib/x86_64-linux-gnu/libc.so.6
LOAD /usr/lib/x86_64-linux-gnu/libc_nonshared.a
LOAD /lib/x86_64-linux-gnu/ld-linux-x86-64.so.2
END GROUP
LOAD /usr/lib/gcc/x86_64-linux-gnu/4.8/libgcc_s.so
LOAD /usr/lib/gcc/x86_64-linux-gnu/4.8/crtendS.o
LOAD /usr/lib/gcc/x86_64-linux-gnu/4.8/../../../x86_64-linux-gnu/crtn.o
                0x00000000000001c8                . = (0x0 + SIZEOF_HEADERS)

.note.gnu.build-id
                0x00000000000001c8       0x24
 *(.note.gnu.build-id)
 .note.gnu.build-id
                0x00000000000001c8       0x24 /usr/lib/gcc/x86_64-linux-gnu/4.8/../../../x86_64-linux-gnu/crti.o

.hash
 *(.hash)

.gnu.hash       0x00000000000001f0      0x104
 *(.gnu.hash)
 .gnu.hash      0x00000000000001f0      0x104 /usr/lib/gcc/x86_64-linux-gnu/4.8/../../../x86_64-linux-gnu/crti.o

.dynsym         0x00000000000002f8      0xd38
 *(.dynsym)
 .dynsym        0x00000000000002f8      0xd38 /usr/lib/gcc/x86_64-linux-gnu/4.8/../../../x86_64-linux-gnu/crti.o

.dynstr         0x0000000000001030      0xbad
 *(.dynstr)
 .dynstr        0x0000000000001030      0xbad /usr/lib/gcc/x86_64-linux-gnu/4.8/../../../x86_64-linux-gnu/crti.o

.gnu.version    0x0000000000001bde      0x11a
 *(.gnu.version)
 .gnu.version   0x0000000000001bde      0x11a /usr/lib/gcc/x86_64-linux-gnu/4.8/../../../x86_64-linux-gnu/crti.o

.gnu.version_d  0x0000000000001cf8        0x0
 *(.gnu.version_d)
 .gnu.version_d
                0x0000000000000000        0x0 /usr/lib/gcc/x86_64-linux-gnu/4.8/../../../x86_64-linux-gnu/crti.o

.gnu.version_r  0x0000000000001cf8       0x90
 *(.gnu.version_r)
 .gnu.version_r
                0x0000000000001cf8       0x90 /usr/lib/gcc/x86_64-linux-gnu/4.8/../../../x86_64-linux-gnu/crti.o

.rela.dyn       0x0000000000001d88      0x150
 *(.rela.init)
 *(.rela.text .rela.text.* .rela.gnu.linkonce.t.*)
 .rela.text     0x0000000000000000        0x0 /usr/lib/gcc/x86_64-linux-gnu/4.8/../../../x86_64-linux-gnu/crti.o
 *(.rela.fini)
 *(.rela.rodata .rela.rodata.* .rela.gnu.linkonce.r.*)
 *(.rela.data .rela.data.* .rela.gnu.linkonce.d.*)
 .rela.data.rel
                0x0000000000001d88       0x18 /usr/lib/gcc/x86_64-linux-gnu/4.8/../../../x86_64-linux-gnu/crti.o
 .rela.data.rel.ro.local
                0x0000000000001da0       0x60 /usr/lib/gcc/x86_64-linux-gnu/4.8/../../../x86_64-linux-gnu/crti.o
 *(.rela.tdata .rela.tdata.* .rela.gnu.linkonce.td.*)
 *(.rela.tbss .rela.tbss.* .rela.gnu.linkonce.tb.*)
 *(.rela.ctors)
 *(.rela.dtors)
 *(.rela.got)
 .rela.got      0x0000000000001e00       0xa8 /usr/lib/gcc/x86_64-linux-gnu/4.8/../../../x86_64-linux-gnu/crti.o
 *(.rela.bss .rela.bss.* .rela.gnu.linkonce.b.*)
 *(.rela.ldata .rela.ldata.* .rela.gnu.linkonce.l.*)
 *(.rela.lbss .rela.lbss.* .rela.gnu.linkonce.lb.*)
 *(.rela.lrodata .rela.lrodata.* .rela.gnu.linkonce.lr.*)
 *(.rela.ifunc)
 .rela.ifunc    0x0000000000000000        0x0 /usr/lib/gcc/x86_64-linux-gnu/4.8/../../../x86_64-linux-gnu/crti.o
 .rela.fini_array
                0x0000000000001ea8       0x18 /usr/lib/gcc/x86_64-linux-gnu/4.8/../../../x86_64-linux-gnu/crti.o
 .rela.init_array
                0x0000000000001ec0       0x18 /usr/lib/gcc/x86_64-linux-gnu/4.8/../../../x86_64-linux-gnu/crti.o

.rela.plt       0x0000000000001ed8      0xab0
 *(.rela.plt)
 .rela.plt      0x0000000000001ed8      0xab0 /usr/lib/gcc/x86_64-linux-gnu/4.8/../../../x86_64-linux-gnu/crti.o
 *(.rela.iplt)

.init           0x0000000000002988       0x1a
 *(SORT(.init))
 .init          0x0000000000002988       0x15 /usr/lib/gcc/x86_64-linux-gnu/4.8/../../../x86_64-linux-gnu/crti.o
                0x0000000000002988                _init
 .init          0x000000000000299d        0x5 /usr/lib/gcc/x86_64-linux-gnu/4.8/../../../x86_64-linux-gnu/crtn.o

.plt            0x00000000000029b0      0x730
 *(.plt)
 .plt           0x00000000000029b0      0x730 /usr/lib/gcc/x86_64-linux-gnu/4.8/../../../x86_64-linux-gnu/crti.o
 *(.iplt)

.text           0x00000000000030e0     0x6e28
 *(.text.unlikely .text.*_unlikely .text.unlikely.*)
 *(.text.exit .text.exit.*)
 *(.text.startup .text.startup.*)
 *(.text.hot .text.hot.*)
 *(.text .stub .text.* .gnu.linkonce.t.*)
 .text          0x00000000000030e0       0xe5 /usr/lib/gcc/x86_64-linux-gnu/4.8/crtbeginS.o
 *fill*         0x00000000000031c5        0xb 
 .text.ARUPDATER_Downloader_Delete
                0x00000000000031d0      0x16f /home/sunho/bebop_ws/devel/arsdk/out/arsdk-native/build/libARUpdater/obj/Sources/ARUPDATER_Downloader.c.o
                0x00000000000031d0                ARUPDATER_Downloader_Delete
 *fill*         0x000000000000333f        0x1 
 .text.ARUPDATER_Downloader_New
                0x0000000000003340      0x643 /home/sunho/bebop_ws/devel/arsdk/out/arsdk-native/build/libARUpdater/obj/Sources/ARUPDATER_Downloader.c.o
                0x0000000000003340                ARUPDATER_Downloader_New
 *fill*         0x0000000000003983        0xd 
 .text.ARUPDATER_Downloader_SetUpdatesProductList
                0x0000000000003990       0xc8 /home/sunho/bebop_ws/devel/arsdk/out/arsdk-native/build/libARUpdater/obj/Sources/ARUPDATER_Downloader.c.o
                0x0000000000003990                ARUPDATER_Downloader_SetUpdatesProductList
 *fill*         0x0000000000003a58        0x8 
 .text.ARUPDATER_Downloader_CancelThread
                0x0000000000003a60       0xb7 /home/sunho/bebop_ws/devel/arsdk/out/arsdk-native/build/libARUpdater/obj/Sources/ARUPDATER_Downloader.c.o
                0x0000000000003a60                ARUPDATER_Downloader_CancelThread
 *fill*         0x0000000000003b17        0x9 
 .text.ARUPDATER_Downloader_ThreadIsRunning
                0x0000000000003b20       0x32 /home/sunho/bebop_ws/devel/arsdk/out/arsdk-native/build/libARUpdater/obj/Sources/ARUPDATER_Downloader.c.o
                0x0000000000003b20                ARUPDATER_Downloader_ThreadIsRunning
 *fill*         0x0000000000003b52        0xe 
 .text.ARUPDATER_Downloader_GetPlatformName
                0x0000000000003b60       0x1d /home/sunho/bebop_ws/devel/arsdk/out/arsdk-native/build/libARUpdater/obj/Sources/ARUPDATER_Downloader.c.o
                0x0000000000003b60                ARUPDATER_Downloader_GetPlatformName
 *fill*         0x0000000000003b7d        0x3 
 .text.ARUPDATER_Downloader_CheckUpdatesSync
                0x0000000000003b80      0xa34 /home/sunho/bebop_ws/devel/arsdk/out/arsdk-native/build/libARUpdater/obj/Sources/ARUPDATER_Downloader.c.o
                0x0000000000003b80                ARUPDATER_Downloader_CheckUpdatesSync
 *fill*         0x00000000000045b4        0xc 
 .text.ARUPDATER_Downloader_CheckUpdatesAsync
                0x00000000000045c0       0x6e /home/sunho/bebop_ws/devel/arsdk/out/arsdk-native/build/libARUpdater/obj/Sources/ARUPDATER_Downloader.c.o
                0x00000000000045c0                ARUPDATER_Downloader_CheckUpdatesAsync
 *fill*         0x000000000000462e        0x2 
 .text.ARUPDATER_Downloader_ThreadRun
                0x0000000000004630      0x881 /home/sunho/bebop_ws/devel/arsdk/out/arsdk-native/build/libARUpdater/obj/Sources/ARUPDATER_Downloader.c.o
                0x0000000000004630                ARUPDATER_Downloader_ThreadRun
 *fill*         0x0000000000004eb1        0xf 
 .text.ARUPDATER_Downloader_GetBlacklistedFirmwareVersionsSync
                0x0000000000004ec0      0x689 /home/sunho/bebop_ws/devel/arsdk/out/arsdk-native/build/libARUpdater/obj/Sources/ARUPDATER_Downloader.c.o
                0x0000000000004ec0                ARUPDATER_Downloader_GetBlacklistedFirmwareVersionsSync
 *fill*         0x0000000000005549        0x7 
 .text.ARUPDATER_Downloader_GetUpdatesInfoSync
                0x0000000000005550      0x8e2 /home/sunho/bebop_ws/devel/arsdk/out/arsdk-native/build/libARUpdater/obj/Sources/ARUPDATER_Downloader.c.o
                0x0000000000005550                ARUPDATER_Downloader_GetUpdatesInfoSync
 *fill*         0x0000000000005e32        0xe 
 .text.ARUPDATER_DownloadInformation_Delete
                0x0000000000005e40       0x6d /home/sunho/bebop_ws/devel/arsdk/out/arsdk-native/build/libARUpdater/obj/Sources/ARUPDATER_DownloadInformation.c.o
                0x0000000000005e40                ARUPDATER_DownloadInformation_Delete
 *fill*         0x0000000000005ead        0x3 
 .text.ARUPDATER_DownloadInformation_New
                0x0000000000005eb0      0x1ef /home/sunho/bebop_ws/devel/arsdk/out/arsdk-native/build/libARUpdater/obj/Sources/ARUPDATER_DownloadInformation.c.o
                0x0000000000005eb0                ARUPDATER_DownloadInformation_New
 *fill*         0x000000000000609f        0x1 
 .text.ARUPDATER_Manager_Delete
                0x00000000000060a0       0xf0 /home/sunho/bebop_ws/devel/arsdk/out/arsdk-native/build/libARUpdater/obj/Sources/ARUPDATER_Manager.c.o
                0x00000000000060a0                ARUPDATER_Manager_Delete
 .text.ARUPDATER_Manager_New
                0x0000000000006190      0x11c /home/sunho/bebop_ws/devel/arsdk/out/arsdk-native/build/libARUpdater/obj/Sources/ARUPDATER_Manager.c.o
                0x0000000000006190                ARUPDATER_Manager_New
 *fill*         0x00000000000062ac        0x4 
 .text.ARUPDATER_Manager_PlfVersionIsUpToDate
                0x00000000000062b0      0x48b /home/sunho/bebop_ws/devel/arsdk/out/arsdk-native/build/libARUpdater/obj/Sources/ARUPDATER_Manager.c.o
                0x00000000000062b0                ARUPDATER_Manager_PlfVersionIsUpToDate
 *fill*         0x000000000000673b        0x5 
 .text.ARUPDATER_Plf_GetHeader
                0x0000000000006740       0xa7 /home/sunho/bebop_ws/devel/arsdk/out/arsdk-native/build/libARUpdater/obj/Sources/ARUPDATER_Plf.c.o
                0x0000000000006740                ARUPDATER_Plf_GetHeader
 *fill*         0x00000000000067e7        0x9 
 .text.ARUPDATER_Uploader_ProgressCallback
                0x00000000000067f0       0x22 /home/sunho/bebop_ws/devel/arsdk/out/arsdk-native/build/libARUpdater/obj/Sources/ARUPDATER_Uploader.c.o
                0x00000000000067f0                ARUPDATER_Uploader_ProgressCallback
 *fill*         0x0000000000006812        0xe 
 .text.ARUPDATER_Uploader_CompletionCallback
                0x0000000000006820       0x11 /home/sunho/bebop_ws/devel/arsdk/out/arsdk-native/build/libARUpdater/obj/Sources/ARUPDATER_Uploader.c.o
                0x0000000000006820                ARUPDATER_Uploader_CompletionCallback
 *fill*         0x0000000000006831        0xf 
 .text.updater_mux_write_msg
                0x0000000000006840      0x277 /home/sunho/bebop_ws/devel/arsdk/out/arsdk-native/build/libARUpdater/obj/Sources/ARUPDATER_Uploader.c.o
 *fill*         0x0000000000006ab7        0x9 
 .text.updater_mux_send_next_chunk
                0x0000000000006ac0      0x25b /home/sunho/bebop_ws/devel/arsdk/out/arsdk-native/build/libARUpdater/obj/Sources/ARUPDATER_Uploader.c.o
 *fill*         0x0000000000006d1b        0x5 
 .text.update_mux_notify_status.isra.0
                0x0000000000006d20       0x3d /home/sunho/bebop_ws/devel/arsdk/out/arsdk-native/build/libARUpdater/obj/Sources/ARUPDATER_Uploader.c.o
 *fill*         0x0000000000006d5d        0x3 
 .text.updater_mux_channel_recv.isra.2
                0x0000000000006d60      0x853 /home/sunho/bebop_ws/devel/arsdk/out/arsdk-native/build/libARUpdater/obj/Sources/ARUPDATER_Uploader.c.o
 *fill*         0x00000000000075b3        0xd 
 .text.update_mux_channel_cb
                0x00000000000075c0       0x48 /home/sunho/bebop_ws/devel/arsdk/out/arsdk-native/build/libARUpdater/obj/Sources/ARUPDATER_Uploader.c.o
 *fill*         0x0000000000007608        0x8 
 .text.ARUPDATER_Uploader_Delete
                0x0000000000007610       0xa7 /home/sunho/bebop_ws/devel/arsdk/out/arsdk-native/build/libARUpdater/obj/Sources/ARUPDATER_Uploader.c.o
                0x0000000000007610                ARUPDATER_Uploader_Delete
 *fill*         0x00000000000076b7        0x9 
 .text.ARUPDATER_Uploader_New
                0x00000000000076c0      0x4b0 /home/sunho/bebop_ws/devel/arsdk/out/arsdk-native/build/libARUpdater/obj/Sources/ARUPDATER_Uploader.c.o
                0x00000000000076c0                ARUPDATER_Uploader_New
 .text.ARUPDATER_Uploader_ThreadRunAndroidDelos
                0x0000000000007b70      0x505 /home/sunho/bebop_ws/devel/arsdk/out/arsdk-native/build/libARUpdater/obj/Sources/ARUPDATER_Uploader.c.o
                0x0000000000007b70                ARUPDATER_Uploader_ThreadRunAndroidDelos
 *fill*         0x0000000000008075        0xb 
 .text.ARUPDATER_Uploader_ThreadRunMux
                0x0000000000008080      0x97b /home/sunho/bebop_ws/devel/arsdk/out/arsdk-native/build/libARUpdater/obj/Sources/ARUPDATER_Uploader.c.o
                0x0000000000008080                ARUPDATER_Uploader_ThreadRunMux
 *fill*         0x00000000000089fb        0x5 
 .text.ARUPDATER_Uploader_ThreadRunNormal
                0x0000000000008a00      0xc0f /home/sunho/bebop_ws/devel/arsdk/out/arsdk-native/build/libARUpdater/obj/Sources/ARUPDATER_Uploader.c.o
                0x0000000000008a00                ARUPDATER_Uploader_ThreadRunNormal
 *fill*         0x000000000000960f        0x1 
 .text.ARUPDATER_Uploader_ThreadRun
                0x0000000000009610       0x71 /home/sunho/bebop_ws/devel/arsdk/out/arsdk-native/build/libARUpdater/obj/Sources/ARUPDATER_Uploader.c.o
                0x0000000000009610                ARUPDATER_Uploader_ThreadRun
 *fill*         0x0000000000009681        0xf 
 .text.ARUPDATER_Uploader_CancelThread
                0x0000000000009690       0x96 /home/sunho/bebop_ws/devel/arsdk/out/arsdk-native/build/libARUpdater/obj/Sources/ARUPDATER_Uploader.c.o
                0x0000000000009690                ARUPDATER_Uploader_CancelThread
 *fill*         0x0000000000009726        0xa 
 .text.ARUPDATER_Uploader_ThreadIsRunning
                0x0000000000009730       0x32 /home/sunho/bebop_ws/devel/arsdk/out/arsdk-native/build/libARUpdater/obj/Sources/ARUPDATER_Uploader.c.o
                0x0000000000009730                ARUPDATER_Uploader_ThreadIsRunning
 *fill*         0x0000000000009762        0xe 
 .text.ARUPDATER_Utils_PlfVersionFromString
                0x0000000000009770      0x271 /home/sunho/bebop_ws/devel/arsdk/out/arsdk-native/build/libARUpdater/obj/Sources/ARUPDATER_Utils.c.o
                0x0000000000009770                ARUPDATER_Utils_PlfVersionFromString
 *fill*         0x00000000000099e1        0xf 
 .text.ARUPDATER_Utils_PlfVersionToString
                0x00000000000099f0       0xc2 /home/sunho/bebop_ws/devel/arsdk/out/arsdk-native/build/libARUpdater/obj/Sources/ARUPDATER_Utils.c.o
                0x00000000000099f0                ARUPDATER_Utils_PlfVersionToString
 *fill*         0x0000000000009ab2        0xe 
 .text.ARUPDATER_Utils_ReadPlfVersion
                0x0000000000009ac0       0xd6 /home/sunho/bebop_ws/devel/arsdk/out/arsdk-native/build/libARUpdater/obj/Sources/ARUPDATER_Utils.c.o
                0x0000000000009ac0                ARUPDATER_Utils_ReadPlfVersion
 *fill*         0x0000000000009b96        0xa 
 .text.ARUPDATER_Utils_PlfVersionCompare
                0x0000000000009ba0       0x5d /home/sunho/bebop_ws/devel/arsdk/out/arsdk-native/build/libARUpdater/obj/Sources/ARUPDATER_Utils.c.o
                0x0000000000009ba0                ARUPDATER_Utils_PlfVersionCompare
 *fill*         0x0000000000009bfd        0x3 
 .text.ARUPDATER_Utils_GetPlfInFolder
                0x0000000000009c00       0xe6 /home/sunho/bebop_ws/devel/arsdk/out/arsdk-native/build/libARUpdater/obj/Sources/ARUPDATER_Utils.c.o
                0x0000000000009c00                ARUPDATER_Utils_GetPlfInFolder
 *fill*         0x0000000000009ce6        0xa 
 .text.ARUPDATER_Utils_ExtractUnixFileFromPlf
                0x0000000000009cf0        0x6 /home/sunho/bebop_ws/devel/arsdk/out/arsdk-native/build/libARUpdater/obj/Sources/ARUPDATER_Utils.c.o
                0x0000000000009cf0                ARUPDATER_Utils_ExtractUnixFileFromPlf
 *fill*         0x0000000000009cf6        0xa 
 .text.ARUPDATER_Error_ToString
                0x0000000000009d00      0x208 /home/sunho/bebop_ws/devel/arsdk/out/arsdk-native/build/libARUpdater/obj/gen/Sources/ARUPDATER_Error.c.o
                0x0000000000009d00                ARUPDATER_Error_ToString
 *(.gnu.warning)

.fini           0x0000000000009f08        0x9
 *(SORT(.fini))
 .fini          0x0000000000009f08        0x4 /usr/lib/gcc/x86_64-linux-gnu/4.8/../../../x86_64-linux-gnu/crti.o
                0x0000000000009f08                _fini
 .fini          0x0000000000009f0c        0x5 /usr/lib/gcc/x86_64-linux-gnu/4.8/../../../x86_64-linux-gnu/crtn.o
                0x0000000000009f11                PROVIDE (__etext, .)
                0x0000000000009f11                PROVIDE (_etext, .)
                0x0000000000009f11                PROVIDE (etext, .)

.rodata         0x0000000000009f20      0xde8
 *(.rodata .rodata.* .gnu.linkonce.r.*)
 .rodata.str1.1
                0x0000000000009f20       0xb9 /home/sunho/bebop_ws/devel/arsdk/out/arsdk-native/build/libARUpdater/obj/Sources/ARUPDATER_Downloader.c.o
                                         0xbb (size before relaxing)
 *fill*         0x0000000000009fd9        0x7 
 .rodata.str1.8
                0x0000000000009fe0       0x52 /home/sunho/bebop_ws/devel/arsdk/out/arsdk-native/build/libARUpdater/obj/Sources/ARUPDATER_Downloader.c.o
 *fill*         0x000000000000a032        0xe 
 .rodata        0x000000000000a040       0xe9 /home/sunho/bebop_ws/devel/arsdk/out/arsdk-native/build/libARUpdater/obj/Sources/ARUPDATER_Downloader.c.o
 .rodata.str1.1
                0x000000000000a129       0x14 /home/sunho/bebop_ws/devel/arsdk/out/arsdk-native/build/libARUpdater/obj/Sources/ARUPDATER_DownloadInformation.c.o
                                         0x3a (size before relaxing)
 *fill*         0x000000000000a13d        0x3 
 .rodata        0x000000000000a140       0x22 /home/sunho/bebop_ws/devel/arsdk/out/arsdk-native/build/libARUpdater/obj/Sources/ARUPDATER_DownloadInformation.c.o
 .rodata.str1.1
                0x000000000000a162       0x2b /home/sunho/bebop_ws/devel/arsdk/out/arsdk-native/build/libARUpdater/obj/Sources/ARUPDATER_Manager.c.o
                                         0x56 (size before relaxing)
 *fill*         0x000000000000a18d        0x3 
 .rodata.str1.8
                0x000000000000a190       0x36 /home/sunho/bebop_ws/devel/arsdk/out/arsdk-native/build/libARUpdater/obj/Sources/ARUPDATER_Manager.c.o
 *fill*         0x000000000000a1c6       0x1a 
 .rodata        0x000000000000a1e0       0x66 /home/sunho/bebop_ws/devel/arsdk/out/arsdk-native/build/libARUpdater/obj/Sources/ARUPDATER_Manager.c.o
 .rodata.str1.1
                0x000000000000a246        0x3 /home/sunho/bebop_ws/devel/arsdk/out/arsdk-native/build/libARUpdater/obj/Sources/ARUPDATER_Plf.c.o
 .rodata.str1.1
                0x000000000000a249       0x49 /home/sunho/bebop_ws/devel/arsdk/out/arsdk-native/build/libARUpdater/obj/Sources/ARUPDATER_Uploader.c.o
                                         0x7d (size before relaxing)
 *fill*         0x000000000000a292        0x6 
 .rodata.str1.8
                0x000000000000a298      0x558 /home/sunho/bebop_ws/devel/arsdk/out/arsdk-native/build/libARUpdater/obj/Sources/ARUPDATER_Uploader.c.o
 *fill*         0x000000000000a7f0       0x10 
 .rodata        0x000000000000a800      0x107 /home/sunho/bebop_ws/devel/arsdk/out/arsdk-native/build/libARUpdater/obj/Sources/ARUPDATER_Uploader.c.o
 *fill*         0x000000000000a907        0x1 
 .rodata.cst4   0x000000000000a908        0x4 /home/sunho/bebop_ws/devel/arsdk/out/arsdk-native/build/libARUpdater/obj/Sources/ARUPDATER_Uploader.c.o
 *fill*         0x000000000000a90c        0x4 
 .rodata.cst8   0x000000000000a910        0x8 /home/sunho/bebop_ws/devel/arsdk/out/arsdk-native/build/libARUpdater/obj/Sources/ARUPDATER_Uploader.c.o
 .rodata.str1.1
                0x000000000000a918       0x6e /home/sunho/bebop_ws/devel/arsdk/out/arsdk-native/build/libARUpdater/obj/Sources/ARUPDATER_Utils.c.o
                                         0x77 (size before relaxing)
 *fill*         0x000000000000a986        0x2 
 .rodata.str1.8
                0x000000000000a988       0x30 /home/sunho/bebop_ws/devel/arsdk/out/arsdk-native/build/libARUpdater/obj/Sources/ARUPDATER_Utils.c.o
 *fill*         0x000000000000a9b8        0x8 
 .rodata        0x000000000000a9c0       0x25 /home/sunho/bebop_ws/devel/arsdk/out/arsdk-native/build/libARUpdater/obj/Sources/ARUPDATER_Utils.c.o
 .rodata.str1.1
                0x000000000000a9e5      0x16e /home/sunho/bebop_ws/devel/arsdk/out/arsdk-native/build/libARUpdater/obj/gen/Sources/ARUPDATER_Error.c.o
 *fill*         0x000000000000ab53        0x5 
 .rodata.str1.8
                0x000000000000ab58      0x1b0 /home/sunho/bebop_ws/devel/arsdk/out/arsdk-native/build/libARUpdater/obj/gen/Sources/ARUPDATER_Error.c.o
                                        0x1af (size before relaxing)

.rodata1
 *(.rodata1)

.eh_frame_hdr   0x000000000000ad08      0x144
 *(.eh_frame_hdr)
 .eh_frame_hdr  0x000000000000ad08      0x144 /home/sunho/bebop_ws/devel/arsdk/out/arsdk-native/build/libARUpdater/obj/Sources/ARUPDATER_Downloader.c.o

.eh_frame       0x000000000000ae50      0x8cc
 *(.eh_frame)
 .eh_frame      0x000000000000ae50       0x40 /usr/lib/gcc/x86_64-linux-gnu/4.8/../../../x86_64-linux-gnu/crti.o
 .eh_frame      0x000000000000ae90      0x2b0 /home/sunho/bebop_ws/devel/arsdk/out/arsdk-native/build/libARUpdater/obj/Sources/ARUPDATER_Downloader.c.o
                                        0x298 (size before relaxing)
 .eh_frame      0x000000000000b140       0x78 /home/sunho/bebop_ws/devel/arsdk/out/arsdk-native/build/libARUpdater/obj/Sources/ARUPDATER_DownloadInformation.c.o
                                         0x90 (size before relaxing)
 .eh_frame      0x000000000000b1b8       0xc0 /home/sunho/bebop_ws/devel/arsdk/out/arsdk-native/build/libARUpdater/obj/Sources/ARUPDATER_Manager.c.o
                                         0xd0 (size before relaxing)
 .eh_frame      0x000000000000b278       0x38 /home/sunho/bebop_ws/devel/arsdk/out/arsdk-native/build/libARUpdater/obj/Sources/ARUPDATER_Plf.c.o
                                         0x50 (size before relaxing)
 .eh_frame      0x000000000000b2b0      0x310 /home/sunho/bebop_ws/devel/arsdk/out/arsdk-native/build/libARUpdater/obj/Sources/ARUPDATER_Uploader.c.o
                                        0x318 (size before relaxing)
 .eh_frame      0x000000000000b5c0      0x140 /home/sunho/bebop_ws/devel/arsdk/out/arsdk-native/build/libARUpdater/obj/Sources/ARUPDATER_Utils.c.o
                                        0x148 (size before relaxing)
 .eh_frame      0x000000000000b700       0x18 /home/sunho/bebop_ws/devel/arsdk/out/arsdk-native/build/libARUpdater/obj/gen/Sources/ARUPDATER_Error.c.o
                                         0x30 (size before relaxing)
 .eh_frame      0x000000000000b718        0x4 /usr/lib/gcc/x86_64-linux-gnu/4.8/crtendS.o

.gcc_except_table
 *(.gcc_except_table .gcc_except_table.*)

.exception_ranges
 *(.exception_ranges .exception_ranges*)
                0x000000000000b71c                . = (ALIGN (0x200000) - ((0x200000 - .) & 0x1fffff))
                0x000000000020bd14                . = DATA_SEGMENT_ALIGN (0x200000, 0x1000)

.eh_frame
 *(.eh_frame)

.gcc_except_table
 *(.gcc_except_table .gcc_except_table.*)

.exception_ranges
 *(.exception_ranges .exception_ranges*)

.tdata
 *(.tdata .tdata.* .gnu.linkonce.td.*)

.tbss
 *(.tbss .tbss.* .gnu.linkonce.tb.*)
 *(.tcommon)

.preinit_array
 *(.preinit_array)

.init_array     0x000000000020bd18        0x8
 *(SORT(.init_array.*) SORT(.ctors.*))
 *(.init_array EXCLUDE_FILE(*crtend?.o *crtend.o *crtbegin?.o *crtbegin.o) .ctors)
 .init_array    0x000000000020bd18        0x8 /usr/lib/gcc/x86_64-linux-gnu/4.8/crtbeginS.o

.fini_array     0x000000000020bd20        0x8
 *(SORT(.fini_array.*) SORT(.dtors.*))
 *(.fini_array EXCLUDE_FILE(*crtend?.o *crtend.o *crtbegin?.o *crtbegin.o) .dtors)
 .fini_array    0x000000000020bd20        0x8 /usr/lib/gcc/x86_64-linux-gnu/4.8/crtbeginS.o

.ctors
 *crtbegin.o(.ctors)
 *crtbegin?.o(.ctors)
 *(EXCLUDE_FILE(*crtend?.o *crtend.o) .ctors)
 *(SORT(.ctors.*))
 *(.ctors)

.dtors
 *crtbegin.o(.dtors)
 *crtbegin?.o(.dtors)
 *(EXCLUDE_FILE(*crtend?.o *crtend.o) .dtors)
 *(SORT(.dtors.*))
 *(.dtors)

.jcr            0x000000000020bd28        0x8
 *(.jcr)
 .jcr           0x000000000020bd28        0x0 /usr/lib/gcc/x86_64-linux-gnu/4.8/crtbeginS.o
 .jcr           0x000000000020bd28        0x8 /usr/lib/gcc/x86_64-linux-gnu/4.8/crtendS.o

.data.rel.ro    0x000000000020bd40       0x20
 *(.data.rel.ro.local* .gnu.linkonce.d.rel.ro.local.*)
 .data.rel.ro.local
                0x000000000020bd40       0x20 /home/sunho/bebop_ws/devel/arsdk/out/arsdk-native/build/libARUpdater/obj/Sources/ARUPDATER_Utils.c.o
 *(.data.rel.ro .data.rel.ro.* .gnu.linkonce.d.rel.ro.*)

.dynamic        0x000000000020bd60      0x250
 *(.dynamic)
 .dynamic       0x000000000020bd60      0x250 /usr/lib/gcc/x86_64-linux-gnu/4.8/../../../x86_64-linux-gnu/crti.o
                0x000000000020bd60                _DYNAMIC

.got            0x000000000020bfb0       0x38
 *(.got)
 .got           0x000000000020bfb0       0x38 /usr/lib/gcc/x86_64-linux-gnu/4.8/../../../x86_64-linux-gnu/crti.o
 *(.igot)
                0x000000000020bfe8                . = DATA_SEGMENT_RELRO_END (., (SIZEOF (.got.plt) >= 0x18)?0x18:0x0)

.got.plt        0x000000000020c000      0x3a8
 *(.got.plt)
 .got.plt       0x000000000020c000      0x3a8 /usr/lib/gcc/x86_64-linux-gnu/4.8/../../../x86_64-linux-gnu/crti.o
                0x000000000020c000                _GLOBAL_OFFSET_TABLE_
 *(.igot.plt)

.data           0x000000000020c3a8        0x8
 *(.data .data.* .gnu.linkonce.d.*)
 .data.rel      0x000000000020c3a8        0x8 /usr/lib/gcc/x86_64-linux-gnu/4.8/crtbeginS.o
                0x000000000020c3a8                __dso_handle

.tm_clone_table
                0x000000000020c3b0        0x0
 .tm_clone_table
                0x000000000020c3b0        0x0 /usr/lib/gcc/x86_64-linux-gnu/4.8/crtbeginS.o
 .tm_clone_table
                0x000000000020c3b0        0x0 /usr/lib/gcc/x86_64-linux-gnu/4.8/crtendS.o

.data1
 *(.data1)
                0x000000000020c3b0                _edata = .
                0x000000000020c3b0                PROVIDE (edata, .)
                0x000000000020c3b0                . = .
                0x000000000020c3b0                __bss_start = .

.bss            0x000000000020c3b0        0x8
 *(.dynbss)
 .dynbss        0x0000000000000000        0x0 /usr/lib/gcc/x86_64-linux-gnu/4.8/../../../x86_64-linux-gnu/crti.o
 *(.bss .bss.* .gnu.linkonce.b.*)
 .bss           0x000000000020c3b0        0x1 /usr/lib/gcc/x86_64-linux-gnu/4.8/crtbeginS.o
 *(COMMON)
                0x000000000020c3b8                . = ALIGN ((. != 0x0)?0x8:0x1)
 *fill*         0x000000000020c3b1        0x7 

.lbss
 *(.dynlbss)
 *(.lbss .lbss.* .gnu.linkonce.lb.*)
 *(LARGE_COMMON)
                0x000000000020c3b8                . = ALIGN (0x8)
                0x000000000020c3b8                . = SEGMENT_START ("ldata-segment", .)

.lrodata
 *(.lrodata .lrodata.* .gnu.linkonce.lr.*)

.ldata          0x000000000060c3b8        0x0
 *(.ldata .ldata.* .gnu.linkonce.l.*)
                0x000000000060c3b8                . = ALIGN ((. != 0x0)?0x8:0x1)
                0x000000000060c3b8                . = ALIGN (0x8)
                0x000000000060c3b8                _end = .
                0x000000000060c3b8                PROVIDE (end, .)
                0x000000000060c3b8                . = DATA_SEGMENT_END (.)

.stab
 *(.stab)

.stabstr
 *(.stabstr)

.stab.excl
 *(.stab.excl)

.stab.exclstr
 *(.stab.exclstr)

.stab.index
 *(.stab.index)

.stab.indexstr
 *(.stab.indexstr)

.comment        0x0000000000000000       0x2b
 *(.comment)
 .comment       0x0000000000000000       0x2b /usr/lib/gcc/x86_64-linux-gnu/4.8/crtbeginS.o
                                         0x2c (size before relaxing)
 .comment       0x0000000000000000       0x2c /home/sunho/bebop_ws/devel/arsdk/out/arsdk-native/build/libARUpdater/obj/Sources/ARUPDATER_Downloader.c.o
 .comment       0x0000000000000000       0x2c /home/sunho/bebop_ws/devel/arsdk/out/arsdk-native/build/libARUpdater/obj/Sources/ARUPDATER_DownloadInformation.c.o
 .comment       0x0000000000000000       0x2c /home/sunho/bebop_ws/devel/arsdk/out/arsdk-native/build/libARUpdater/obj/Sources/ARUPDATER_Manager.c.o
 .comment       0x0000000000000000       0x2c /home/sunho/bebop_ws/devel/arsdk/out/arsdk-native/build/libARUpdater/obj/Sources/ARUPDATER_Plf.c.o
 .comment       0x0000000000000000       0x2c /home/sunho/bebop_ws/devel/arsdk/out/arsdk-native/build/libARUpdater/obj/Sources/ARUPDATER_Uploader.c.o
 .comment       0x0000000000000000       0x2c /home/sunho/bebop_ws/devel/arsdk/out/arsdk-native/build/libARUpdater/obj/Sources/ARUPDATER_Utils.c.o
 .comment       0x0000000000000000       0x2c /home/sunho/bebop_ws/devel/arsdk/out/arsdk-native/build/libARUpdater/obj/gen/Sources/ARUPDATER_Error.c.o
 .comment       0x0000000000000000       0x2c /usr/lib/gcc/x86_64-linux-gnu/4.8/crtendS.o

.debug
 *(.debug)

.line
 *(.line)

.debug_srcinfo
 *(.debug_srcinfo)

.debug_sfnames
 *(.debug_sfnames)

.debug_aranges  0x0000000000000000      0x350
 *(.debug_aranges)
 .debug_aranges
                0x0000000000000000       0xd0 /home/sunho/bebop_ws/devel/arsdk/out/arsdk-native/build/libARUpdater/obj/Sources/ARUPDATER_Downloader.c.o
 .debug_aranges
                0x00000000000000d0       0x40 /home/sunho/bebop_ws/devel/arsdk/out/arsdk-native/build/libARUpdater/obj/Sources/ARUPDATER_DownloadInformation.c.o
 .debug_aranges
                0x0000000000000110       0x50 /home/sunho/bebop_ws/devel/arsdk/out/arsdk-native/build/libARUpdater/obj/Sources/ARUPDATER_Manager.c.o
 .debug_aranges
                0x0000000000000160       0x30 /home/sunho/bebop_ws/devel/arsdk/out/arsdk-native/build/libARUpdater/obj/Sources/ARUPDATER_Plf.c.o
 .debug_aranges
                0x0000000000000190      0x110 /home/sunho/bebop_ws/devel/arsdk/out/arsdk-native/build/libARUpdater/obj/Sources/ARUPDATER_Uploader.c.o
 .debug_aranges
                0x00000000000002a0       0x80 /home/sunho/bebop_ws/devel/arsdk/out/arsdk-native/build/libARUpdater/obj/Sources/ARUPDATER_Utils.c.o
 .debug_aranges
                0x0000000000000320       0x30 /home/sunho/bebop_ws/devel/arsdk/out/arsdk-native/build/libARUpdater/obj/gen/Sources/ARUPDATER_Error.c.o

.debug_pubnames
 *(.debug_pubnames)

.debug_info     0x0000000000000000     0xf381
 *(.debug_info .gnu.linkonce.wi.*)
 .debug_info    0x0000000000000000     0x552e /home/sunho/bebop_ws/devel/arsdk/out/arsdk-native/build/libARUpdater/obj/Sources/ARUPDATER_Downloader.c.o
 .debug_info    0x000000000000552e      0xa47 /home/sunho/bebop_ws/devel/arsdk/out/arsdk-native/build/libARUpdater/obj/Sources/ARUPDATER_DownloadInformation.c.o
 .debug_info    0x0000000000005f75     0x1c4f /home/sunho/bebop_ws/devel/arsdk/out/arsdk-native/build/libARUpdater/obj/Sources/ARUPDATER_Manager.c.o
 .debug_info    0x0000000000007bc4      0x64f /home/sunho/bebop_ws/devel/arsdk/out/arsdk-native/build/libARUpdater/obj/Sources/ARUPDATER_Plf.c.o
 .debug_info    0x0000000000008213     0x6120 /home/sunho/bebop_ws/devel/arsdk/out/arsdk-native/build/libARUpdater/obj/Sources/ARUPDATER_Uploader.c.o
 .debug_info    0x000000000000e333      0xf21 /home/sunho/bebop_ws/devel/arsdk/out/arsdk-native/build/libARUpdater/obj/Sources/ARUPDATER_Utils.c.o
 .debug_info    0x000000000000f254      0x12d /home/sunho/bebop_ws/devel/arsdk/out/arsdk-native/build/libARUpdater/obj/gen/Sources/ARUPDATER_Error.c.o

.debug_abbrev   0x0000000000000000     0x1535
 *(.debug_abbrev)
 .debug_abbrev  0x0000000000000000      0x428 /home/sunho/bebop_ws/devel/arsdk/out/arsdk-native/build/libARUpdater/obj/Sources/ARUPDATER_Downloader.c.o
 .debug_abbrev  0x0000000000000428      0x234 /home/sunho/bebop_ws/devel/arsdk/out/arsdk-native/build/libARUpdater/obj/Sources/ARUPDATER_DownloadInformation.c.o
 .debug_abbrev  0x000000000000065c      0x30e /home/sunho/bebop_ws/devel/arsdk/out/arsdk-native/build/libARUpdater/obj/Sources/ARUPDATER_Manager.c.o
 .debug_abbrev  0x000000000000096a      0x21b /home/sunho/bebop_ws/devel/arsdk/out/arsdk-native/build/libARUpdater/obj/Sources/ARUPDATER_Plf.c.o
 .debug_abbrev  0x0000000000000b85      0x5c6 /home/sunho/bebop_ws/devel/arsdk/out/arsdk-native/build/libARUpdater/obj/Sources/ARUPDATER_Uploader.c.o
 .debug_abbrev  0x000000000000114b      0x36d /home/sunho/bebop_ws/devel/arsdk/out/arsdk-native/build/libARUpdater/obj/Sources/ARUPDATER_Utils.c.o
 .debug_abbrev  0x00000000000014b8       0x7d /home/sunho/bebop_ws/devel/arsdk/out/arsdk-native/build/libARUpdater/obj/gen/Sources/ARUPDATER_Error.c.o

.debug_line     0x0000000000000000     0x2c02
 *(.debug_line .debug_line.* .debug_line_end)
 .debug_line    0x0000000000000000      0xf95 /home/sunho/bebop_ws/devel/arsdk/out/arsdk-native/build/libARUpdater/obj/Sources/ARUPDATER_Downloader.c.o
 .debug_line    0x0000000000000f95      0x2c1 /home/sunho/bebop_ws/devel/arsdk/out/arsdk-native/build/libARUpdater/obj/Sources/ARUPDATER_DownloadInformation.c.o
 .debug_line    0x0000000000001256      0x545 /home/sunho/bebop_ws/devel/arsdk/out/arsdk-native/build/libARUpdater/obj/Sources/ARUPDATER_Manager.c.o
 .debug_line    0x000000000000179b      0x174 /home/sunho/bebop_ws/devel/arsdk/out/arsdk-native/build/libARUpdater/obj/Sources/ARUPDATER_Plf.c.o
 .debug_line    0x000000000000190f      0xdbf /home/sunho/bebop_ws/devel/arsdk/out/arsdk-native/build/libARUpdater/obj/Sources/ARUPDATER_Uploader.c.o
 .debug_line    0x00000000000026ce      0x3c8 /home/sunho/bebop_ws/devel/arsdk/out/arsdk-native/build/libARUpdater/obj/Sources/ARUPDATER_Utils.c.o
 .debug_line    0x0000000000002a96      0x16c /home/sunho/bebop_ws/devel/arsdk/out/arsdk-native/build/libARUpdater/obj/gen/Sources/ARUPDATER_Error.c.o

.debug_frame
 *(.debug_frame)

.debug_str      0x0000000000000000     0x3047
 *(.debug_str)
 .debug_str     0x0000000000000000     0x2287 /home/sunho/bebop_ws/devel/arsdk/out/arsdk-native/build/libARUpdater/obj/Sources/ARUPDATER_Downloader.c.o
                                       0x23e2 (size before relaxing)
 .debug_str     0x0000000000002287       0x4e /home/sunho/bebop_ws/devel/arsdk/out/arsdk-native/build/libARUpdater/obj/Sources/ARUPDATER_DownloadInformation.c.o
                                        0xbf5 (size before relaxing)
 .debug_str     0x00000000000022d5      0x167 /home/sunho/bebop_ws/devel/arsdk/out/arsdk-native/build/libARUpdater/obj/Sources/ARUPDATER_Manager.c.o
                                       0x1ccb (size before relaxing)
 .debug_str     0x000000000000243c      0x106 /home/sunho/bebop_ws/devel/arsdk/out/arsdk-native/build/libARUpdater/obj/Sources/ARUPDATER_Plf.c.o
                                        0x73e (size before relaxing)
 .debug_str     0x0000000000002542      0x9b4 /home/sunho/bebop_ws/devel/arsdk/out/arsdk-native/build/libARUpdater/obj/Sources/ARUPDATER_Uploader.c.o
                                       0x268d (size before relaxing)
 .debug_str     0x0000000000002ef6      0x11d /home/sunho/bebop_ws/devel/arsdk/out/arsdk-native/build/libARUpdater/obj/Sources/ARUPDATER_Utils.c.o
                                        0xb56 (size before relaxing)
 .debug_str     0x0000000000003013       0x34 /home/sunho/bebop_ws/devel/arsdk/out/arsdk-native/build/libARUpdater/obj/gen/Sources/ARUPDATER_Error.c.o
                                        0x46c (size before relaxing)

.debug_loc      0x0000000000000000     0xc310
 *(.debug_loc)
 .debug_loc     0x0000000000000000     0x5a8a /home/sunho/bebop_ws/devel/arsdk/out/arsdk-native/build/libARUpdater/obj/Sources/ARUPDATER_Downloader.c.o
 .debug_loc     0x0000000000005a8a      0x3e2 /home/sunho/bebop_ws/devel/arsdk/out/arsdk-native/build/libARUpdater/obj/Sources/ARUPDATER_DownloadInformation.c.o
 .debug_loc     0x0000000000005e6c      0xf80 /home/sunho/bebop_ws/devel/arsdk/out/arsdk-native/build/libARUpdater/obj/Sources/ARUPDATER_Manager.c.o
 .debug_loc     0x0000000000006dec      0x221 /home/sunho/bebop_ws/devel/arsdk/out/arsdk-native/build/libARUpdater/obj/Sources/ARUPDATER_Plf.c.o
 .debug_loc     0x000000000000700d     0x4d2d /home/sunho/bebop_ws/devel/arsdk/out/arsdk-native/build/libARUpdater/obj/Sources/ARUPDATER_Uploader.c.o
 .debug_loc     0x000000000000bd3a      0x5d6 /home/sunho/bebop_ws/devel/arsdk/out/arsdk-native/build/libARUpdater/obj/Sources/ARUPDATER_Utils.c.o

.debug_macinfo
 *(.debug_macinfo)

.debug_weaknames
 *(.debug_weaknames)

.debug_funcnames
 *(.debug_funcnames)

.debug_typenames
 *(.debug_typenames)

.debug_varnames
 *(.debug_varnames)

.debug_pubtypes
 *(.debug_pubtypes)

.debug_ranges   0x0000000000000000     0x23a0
 *(.debug_ranges)
 .debug_ranges  0x0000000000000000     0x1310 /home/sunho/bebop_ws/devel/arsdk/out/arsdk-native/build/libARUpdater/obj/Sources/ARUPDATER_Downloader.c.o
 .debug_ranges  0x0000000000001310       0xc0 /home/sunho/bebop_ws/devel/arsdk/out/arsdk-native/build/libARUpdater/obj/Sources/ARUPDATER_DownloadInformation.c.o
 .debug_ranges  0x00000000000013d0      0x2b0 /home/sunho/bebop_ws/devel/arsdk/out/arsdk-native/build/libARUpdater/obj/Sources/ARUPDATER_Manager.c.o
 .debug_ranges  0x0000000000001680       0x60 /home/sunho/bebop_ws/devel/arsdk/out/arsdk-native/build/libARUpdater/obj/Sources/ARUPDATER_Plf.c.o
 .debug_ranges  0x00000000000016e0      0xaf0 /home/sunho/bebop_ws/devel/arsdk/out/arsdk-native/build/libARUpdater/obj/Sources/ARUPDATER_Uploader.c.o
 .debug_ranges  0x00000000000021d0      0x1b0 /home/sunho/bebop_ws/devel/arsdk/out/arsdk-native/build/libARUpdater/obj/Sources/ARUPDATER_Utils.c.o
 .debug_ranges  0x0000000000002380       0x20 /home/sunho/bebop_ws/devel/arsdk/out/arsdk-native/build/libARUpdater/obj/gen/Sources/ARUPDATER_Error.c.o

.debug_macro
 *(.debug_macro)

.gnu.attributes
 *(.gnu.attributes)

/DISCARD/
 *(.note.GNU-stack)
 *(.gnu_debuglink)
 *(.gnu.lto_*)
OUTPUT(out/arsdk-native/build/libARUpdater/libarupdater.so elf64-x86-64)
