
As-needed library included to satisfy reference by file (symbol)

libarsal.so                   /home/sunho/bebop_ws/devel/arsdk/out/arsdk-native/build/libARController/obj/Sources/ARCONTROLLER_StreamQueue.c.o (ARSAL_Sem_Wait)
libardiscovery.so             /home/sunho/bebop_ws/devel/arsdk/out/arsdk-native/build/libARController/obj/Sources/ARCONTROLLER_Network.c.o (ARDISCOVERY_Device_WifiSetDeviceToControllerPort)
libarcommands.so              /home/sunho/bebop_ws/devel/arsdk/out/arsdk-native/build/libARController/obj/Sources/ARCONTROLLER_Network.c.o (ARCOMMANDS_Decoder_DescribeBuffer)
libarstream.so                /home/sunho/bebop_ws/devel/arsdk/out/arsdk-native/build/libARController/obj/Sources/ARCONTROLLER_Stream1.c.o (ARSTREAM_Reader_New)
libarstream2.so               /home/sunho/bebop_ws/devel/arsdk/out/arsdk-native/build/libARController/obj/Sources/ARCONTROLLER_Stream2.c.o (ARSTREAM2_StreamReceiver_RunControlThread)
libarnetworkal.so             /home/sunho/bebop_ws/devel/arsdk/out/arsdk-native/build/libARController/obj/Sources/ARCONTROLLER_Network.c.o (ARNETWORKAL_Error_ToString)
libarnetwork.so               /home/sunho/bebop_ws/devel/arsdk/out/arsdk-native/build/libARController/obj/Sources/ARCONTROLLER_Network.c.o (ARNETWORK_Manager_ReceivingThreadRun)
libmux.so                     /home/sunho/bebop_ws/devel/arsdk/out/arsdk-native/build/libARController/obj/Sources/ARCONTROLLER_Stream2.c.o (mux_ref)
libjson.so                    /home/sunho/bebop_ws/devel/arsdk/out/arsdk-native/build/libARController/obj/gen/Sources/ARCONTROLLER_Device.c.o (json_object_new_string)
libpthread.so.0               /home/sunho/bebop_ws/devel/arsdk/out/arsdk-native/build/libARController/obj/Sources/ARCONTROLLER_Network.c.o (__errno_location@@GLIBC_2.2.5)
libc.so.6                     /home/sunho/bebop_ws/devel/arsdk/out/arsdk-native/build/libARController/obj/Sources/ARCONTROLLER_Dictionary.c.o (exit@@GLIBC_2.2.5)

Discarded input sections

 .text          0x0000000000000000        0x0 /usr/lib/gcc/x86_64-linux-gnu/4.8/../../../x86_64-linux-gnu/crti.o
 .data          0x0000000000000000        0x0 /usr/lib/gcc/x86_64-linux-gnu/4.8/../../../x86_64-linux-gnu/crti.o
 .bss           0x0000000000000000        0x0 /usr/lib/gcc/x86_64-linux-gnu/4.8/../../../x86_64-linux-gnu/crti.o
 .note.GNU-stack
                0x0000000000000000        0x0 /usr/lib/gcc/x86_64-linux-gnu/4.8/../../../x86_64-linux-gnu/crti.o
 .gnu_debuglink
                0x0000000000000000        0xc /usr/lib/gcc/x86_64-linux-gnu/4.8/../../../x86_64-linux-gnu/crti.o
 .data          0x0000000000000000        0x0 /usr/lib/gcc/x86_64-linux-gnu/4.8/crtbeginS.o
 .note.GNU-stack
                0x0000000000000000        0x0 /usr/lib/gcc/x86_64-linux-gnu/4.8/crtbeginS.o
 .text          0x0000000000000000        0x0 /home/sunho/bebop_ws/devel/arsdk/out/arsdk-native/build/libARController/obj/Sources/ARCONTROLLER_Dictionary.c.o
 .data          0x0000000000000000        0x0 /home/sunho/bebop_ws/devel/arsdk/out/arsdk-native/build/libARController/obj/Sources/ARCONTROLLER_Dictionary.c.o
 .bss           0x0000000000000000        0x0 /home/sunho/bebop_ws/devel/arsdk/out/arsdk-native/build/libARController/obj/Sources/ARCONTROLLER_Dictionary.c.o
 .note.GNU-stack
                0x0000000000000000        0x0 /home/sunho/bebop_ws/devel/arsdk/out/arsdk-native/build/libARController/obj/Sources/ARCONTROLLER_Dictionary.c.o
 .text          0x0000000000000000        0x0 /home/sunho/bebop_ws/devel/arsdk/out/arsdk-native/build/libARController/obj/Sources/ARCONTROLLER_Frame.c.o
 .data          0x0000000000000000        0x0 /home/sunho/bebop_ws/devel/arsdk/out/arsdk-native/build/libARController/obj/Sources/ARCONTROLLER_Frame.c.o
 .bss           0x0000000000000000        0x0 /home/sunho/bebop_ws/devel/arsdk/out/arsdk-native/build/libARController/obj/Sources/ARCONTROLLER_Frame.c.o
 .note.GNU-stack
                0x0000000000000000        0x0 /home/sunho/bebop_ws/devel/arsdk/out/arsdk-native/build/libARController/obj/Sources/ARCONTROLLER_Frame.c.o
 .text          0x0000000000000000        0x0 /home/sunho/bebop_ws/devel/arsdk/out/arsdk-native/build/libARController/obj/Sources/ARCONTROLLER_Network.c.o
 .data          0x0000000000000000        0x0 /home/sunho/bebop_ws/devel/arsdk/out/arsdk-native/build/libARController/obj/Sources/ARCONTROLLER_Network.c.o
 .bss           0x0000000000000000        0x0 /home/sunho/bebop_ws/devel/arsdk/out/arsdk-native/build/libARController/obj/Sources/ARCONTROLLER_Network.c.o
 .note.GNU-stack
                0x0000000000000000        0x0 /home/sunho/bebop_ws/devel/arsdk/out/arsdk-native/build/libARController/obj/Sources/ARCONTROLLER_Network.c.o
 .text          0x0000000000000000        0x0 /home/sunho/bebop_ws/devel/arsdk/out/arsdk-native/build/libARController/obj/Sources/ARCONTROLLER_Stream.c.o
 .data          0x0000000000000000        0x0 /home/sunho/bebop_ws/devel/arsdk/out/arsdk-native/build/libARController/obj/Sources/ARCONTROLLER_Stream.c.o
[...]
Memory Configuration

Name             Origin             Length             Attributes
*default*        0x0000000000000000 0xffffffffffffffff

Linker script and memory map

LOAD /usr/lib/gcc/x86_64-linux-gnu/4.8/../../../x86_64-linux-gnu/crti.o
LOAD /usr/lib/gcc/x86_64-linux-gnu/4.8/crtbeginS.o
LOAD /home/sunho/bebop_ws/devel/arsdk/out/arsdk-native/build/libARController/obj/Sources/ARCONTROLLER_Dictionary.c.o
LOAD /home/sunho/bebop_ws/devel/arsdk/out/arsdk-native/build/libARController/obj/Sources/ARCONTROLLER_Frame.c.o
LOAD /home/sunho/bebop_ws/devel/arsdk/out/arsdk-native/build/libARController/obj/Sources/ARCONTROLLER_Network.c.o
LOAD /home/sunho/bebop_ws/devel/arsdk/out/arsdk-native/build/libARController/obj/Sources/ARCONTROLLER_Stream.c.o
LOAD /home/sunho/bebop_ws/devel/arsdk/out/arsdk-native/build/libARController/obj/Sources/ARCONTROLLER_StreamPool.c.o
LOAD /home/sunho/bebop_ws/devel/arsdk/out/arsdk-native/build/libARController/obj/Sources/ARCONTROLLER_StreamQueue.c.o
LOAD /home/sunho/bebop_ws/devel/arsdk/out/arsdk-native/build/libARController/obj/Sources/ARCONTROLLER_Stream1.c.o
LOAD /home/sunho/bebop_ws/devel/arsdk/out/arsdk-native/build/libARController/obj/Sources/ARCONTROLLER_Stream2.c.o
LOAD /home/sunho/bebop_ws/devel/arsdk/out/arsdk-native/build/libARController/obj/Sources/ARCONTROLLER_StreamSender.c.o
LOAD /home/sunho/bebop_ws/devel/arsdk/out/arsdk-native/build/libARController/obj/gen/Sources/ARCONTROLLER_Device.c.o
LOAD /home/sunho/bebop_ws/devel/arsdk/out/arsdk-native/build/libARController/obj/gen/Sources/ARCONTROLLER_DICTIONARY_Key.c.o
LOAD /home/sunho/bebop_ws/devel/arsdk/out/arsdk-native/build/libARController/obj/gen/Sources/ARCONTROLLER_Error.c.o
LOAD /home/sunho/bebop_ws/devel/arsdk/out/arsdk-native/build/libARController/obj/gen/Sources/ARCONTROLLER_Feature.c.o
LOAD /home/sunho/bebop_ws/devel/arsdk/out/arsdk-native/staging/usr/lib/libarsal.so
LOAD /home/sunho/bebop_ws/devel/arsdk/out/arsdk-native/staging/usr/lib/libardiscovery.so
LOAD /home/sunho/bebop_ws/devel/arsdk/out/arsdk-native/staging/usr/lib/libarcommands.so
LOAD /home/sunho/bebop_ws/devel/arsdk/out/arsdk-native/staging/usr/lib/libarutils.so
LOAD /home/sunho/bebop_ws/devel/arsdk/out/arsdk-native/staging/usr/lib/libarstream.so
LOAD /home/sunho/bebop_ws/devel/arsdk/out/arsdk-native/staging/usr/lib/libarstream2.so
LOAD /home/sunho/bebop_ws/devel/arsdk/out/arsdk-native/staging/usr/lib/libarnetworkal.so
LOAD /home/sunho/bebop_ws/devel/arsdk/out/arsdk-native/staging/usr/lib/libarnetwork.so
LOAD /home/sunho/bebop_ws/devel/arsdk/out/arsdk-native/staging/usr/lib/libmux.so
LOAD /home/sunho/bebop_ws/devel/arsdk/out/arsdk-native/staging/usr/lib/libjson.so
LOAD /usr/lib/gcc/x86_64-linux-gnu/4.8/../../../x86_64-linux-gnu/librt.so
LOAD /usr/lib/gcc/x86_64-linux-gnu/4.8/libstdc++.so
LOAD /usr/lib/gcc/x86_64-linux-gnu/4.8/../../../x86_64-linux-gnu/libm.so
LOAD /usr/lib/gcc/x86_64-linux-gnu/4.8/libgcc_s.so
LOAD /usr/lib/gcc/x86_64-linux-gnu/4.8/../../../x86_64-linux-gnu/libpthread.so
START GROUP
LOAD /lib/x86_64-linux-gnu/libpthread.so.0
LOAD /usr/lib/x86_64-linux-gnu/libpthread_nonshared.a
END GROUP
LOAD /usr/lib/gcc/x86_64-linux-gnu/4.8/../../../x86_64-linux-gnu/libc.so
START GROUP
LOAD /lib/x86_64-linux-gnu/libc.so.6
LOAD /usr/lib/x86_64-linux-gnu/libc_nonshared.a
LOAD /lib/x86_64-linux-gnu/ld-linux-x86-64.so.2
END GROUP
LOAD /usr/lib/gcc/x86_64-linux-gnu/4.8/libgcc_s.so
LOAD /usr/lib/gcc/x86_64-linux-gnu/4.8/crtendS.o
LOAD /usr/lib/gcc/x86_64-linux-gnu/4.8/../../../x86_64-linux-gnu/crtn.o
                0x00000000000001c8                . = (0x0 + SIZEOF_HEADERS)

.note.gnu.build-id
                0x00000000000001c8       0x24
 *(.note.gnu.build-id)
 .note.gnu.build-id
                0x00000000000001c8       0x24 /usr/lib/gcc/x86_64-linux-gnu/4.8/../../../x86_64-linux-gnu/crti.o

.hash
 *(.hash)

.gnu.hash       0x00000000000001f0     0x3298
 *(.gnu.hash)
 .gnu.hash      0x00000000000001f0     0x3298 /usr/lib/gcc/x86_64-linux-gnu/4.8/../../../x86_64-linux-gnu/crti.o

.dynsym         0x0000000000003488     0xd8a8
 *(.dynsym)
 .dynsym        0x0000000000003488     0xd8a8 /usr/lib/gcc/x86_64-linux-gnu/4.8/../../../x86_64-linux-gnu/crti.o

.dynstr         0x0000000000010d30    0x23cec
 *(.dynstr)
 .dynstr        0x0000000000010d30    0x23cec /usr/lib/gcc/x86_64-linux-gnu/4.8/../../../x86_64-linux-gnu/crti.o

.gnu.version    0x0000000000034a1c     0x120e
 *(.gnu.version)
 .gnu.version   0x0000000000034a1c     0x120e /usr/lib/gcc/x86_64-linux-gnu/4.8/../../../x86_64-linux-gnu/crti.o

.gnu.version_d  0x0000000000035c30        0x0
 *(.gnu.version_d)
 .gnu.version_d
                0x0000000000000000        0x0 /usr/lib/gcc/x86_64-linux-gnu/4.8/../../../x86_64-linux-gnu/crti.o

.gnu.version_r  0x0000000000035c30       0x80
 *(.gnu.version_r)
 .gnu.version_r
                0x0000000000035c30       0x80 /usr/lib/gcc/x86_64-linux-gnu/4.8/../../../x86_64-linux-gnu/crti.o

.rela.dyn       0x0000000000035cb0     0x9e70
 *(.rela.init)
 *(.rela.text .rela.text.* .rela.gnu.linkonce.t.*)
 .rela.text     0x0000000000000000        0x0 /usr/lib/gcc/x86_64-linux-gnu/4.8/../../../x86_64-linux-gnu/crti.o
 *(.rela.fini)
 *(.rela.rodata .rela.rodata.* .rela.gnu.linkonce.r.*)
 *(.rela.data .rela.data.* .rela.gnu.linkonce.d.*)
 .rela.data.rel
                0x0000000000035cb0       0x18 /usr/lib/gcc/x86_64-linux-gnu/4.8/../../../x86_64-linux-gnu/crti.o
 .rela.data.rel.local
                0x0000000000035cc8     0x3480 /usr/lib/gcc/x86_64-linux-gnu/4.8/../../../x86_64-linux-gnu/crti.o
 *(.rela.tdata .rela.tdata.* .rela.gnu.linkonce.td.*)
 *(.rela.tbss .rela.tbss.* .rela.gnu.linkonce.tb.*)
 *(.rela.ctors)
 *(.rela.dtors)
 *(.rela.got)
 .rela.got      0x0000000000039148     0x69a8 /usr/lib/gcc/x86_64-linux-gnu/4.8/../../../x86_64-linux-gnu/crti.o
 *(.rela.bss .rela.bss.* .rela.gnu.linkonce.b.*)
 *(.rela.ldata .rela.ldata.* .rela.gnu.linkonce.l.*)
 *(.rela.lbss .rela.lbss.* .rela.gnu.linkonce.lb.*)
 *(.rela.lrodata .rela.lrodata.* .rela.gnu.linkonce.lr.*)
 *(.rela.ifunc)
 .rela.ifunc    0x0000000000000000        0x0 /usr/lib/gcc/x86_64-linux-gnu/4.8/../../../x86_64-linux-gnu/crti.o
 .rela.fini_array
                0x000000000003faf0       0x18 /usr/lib/gcc/x86_64-linux-gnu/4.8/../../../x86_64-linux-gnu/crti.o
 .rela.init_array
                0x000000000003fb08       0x18 /usr/lib/gcc/x86_64-linux-gnu/4.8/../../../x86_64-linux-gnu/crti.o

.rela.plt       0x000000000003fb20     0x69d8
 *(.rela.plt)
 .rela.plt      0x000000000003fb20     0x69d8 /usr/lib/gcc/x86_64-linux-gnu/4.8/../../../x86_64-linux-gnu/crti.o
 *(.rela.iplt)

.init           0x00000000000464f8       0x1a
 *(SORT(.init))
 .init          0x00000000000464f8       0x15 /usr/lib/gcc/x86_64-linux-gnu/4.8/../../../x86_64-linux-gnu/crti.o
                0x00000000000464f8                _init
 .init          0x000000000004650d        0x5 /usr/lib/gcc/x86_64-linux-gnu/4.8/../../../x86_64-linux-gnu/crtn.o

.plt            0x0000000000046520     0x46a0
 *(.plt)
 .plt           0x0000000000046520     0x46a0 /usr/lib/gcc/x86_64-linux-gnu/4.8/../../../x86_64-linux-gnu/crti.o
 *(.iplt)

.text           0x000000000004abc0   0x151d50
 *(.text.unlikely .text.*_unlikely .text.unlikely.*)
 *(.text.exit .text.exit.*)
 *(.text.startup .text.startup.*)
 *(.text.hot .text.hot.*)
 *(.text .stub .text.* .gnu.linkonce.t.*)
 .text          0x000000000004abc0       0xe5 /usr/lib/gcc/x86_64-linux-gnu/4.8/crtbeginS.o
 *fill*         0x000000000004aca5        0xb 
 .text.ARCONTROLLER_Dictionary_DeleteCallbackList
                0x000000000004acb0       0x9c /home/sunho/bebop_ws/devel/arsdk/out/arsdk-native/build/libARController/obj/Sources/ARCONTROLLER_Dictionary.c.o
                0x000000000004acb0                ARCONTROLLER_Dictionary_DeleteCallbackList
 *fill*         0x000000000004ad4c        0x4 
 .text.ARCONTROLLER_Dictionary_Delete
                0x000000000004ad50       0x32 /home/sunho/bebop_ws/devel/arsdk/out/arsdk-native/build/libARController/obj/Sources/ARCONTROLLER_Dictionary.c.o
                0x000000000004ad50                ARCONTROLLER_Dictionary_Delete
 *fill*         0x000000000004ad82        0xe 
 .text.ARCONTROLLER_Dictionary_New
                0x000000000004ad90       0x56 /home/sunho/bebop_ws/devel/arsdk/out/arsdk-native/build/libARController/obj/Sources/ARCONTROLLER_Dictionary.c.o
                0x000000000004ad90                ARCONTROLLER_Dictionary_New
 *fill*         0x000000000004ade6        0xa 
 .text.ARCONTROLLER_Dictionary_AddCallbackInList
                0x000000000004adf0       0x75 /home/sunho/bebop_ws/devel/arsdk/out/arsdk-native/build/libARController/obj/Sources/ARCONTROLLER_Dictionary.c.o
                0x000000000004adf0                ARCONTROLLER_Dictionary_AddCallbackInList
 *fill*         0x000000000004ae65        0xb 
 .text.ARCONTROLLER_Dictionary_DeleteDictionary
                0x000000000004ae70      0x17c /home/sunho/bebop_ws/devel/arsdk/out/arsdk-native/build/libARController/obj/Sources/ARCONTROLLER_Dictionary.c.o
                0x000000000004ae70                ARCONTROLLER_Dictionary_DeleteDictionary
 *fill*         0x000000000004afec        0x4 
 .text.ARCONTROLLER_DICTIONARY_NotifyAllCallbackInList
                0x000000000004aff0       0x3d /home/sunho/bebop_ws/devel/arsdk/out/arsdk-native/build/libARController/obj/Sources/ARCONTROLLER_Dictionary.c.o
                0x000000000004aff0                ARCONTROLLER_DICTIONARY_NotifyAllCallbackInList
 *fill*         0x000000000004b02d        0x3 
 .text.ARCONTROLLER_Dictionary_Notify
                0x000000000004b030      0x129 /home/sunho/bebop_ws/devel/arsdk/out/arsdk-native/build/libARController/obj/Sources/ARCONTROLLER_Dictionary.c.o
                0x000000000004b030                ARCONTROLLER_Dictionary_Notify
 *fill*         0x000000000004b159        0x7 
 .text.ARCONTROLLER_DICTIONARY_ElementCompare
                0x000000000004b160       0x1f /home/sunho/bebop_ws/devel/arsdk/out/arsdk-native/build/libARController/obj/Sources/ARCONTROLLER_Dictionary.c.o
                0x000000000004b160                ARCONTROLLER_DICTIONARY_ElementCompare
 *fill*         0x000000000004b17f        0x1 
 .text.ARCONTROLLER_Dictionary_AddCallback
                0x000000000004b180       0x9d /home/sunho/bebop_ws/devel/arsdk/out/arsdk-native/build/libARController/obj/Sources/ARCONTROLLER_Dictionary.c.o
                0x000000000004b180                ARCONTROLLER_Dictionary_AddCallback
 *fill*         0x000000000004b21d        0x3 
 .text.ARCONTROLLER_Dictionary_AddDictionaryElement
                0x000000000004b220      0x5b1 /home/sunho/bebop_ws/devel/arsdk/out/arsdk-native/build/libARController/obj/Sources/ARCONTROLLER_Dictionary.c.o
                0x000000000004b220                ARCONTROLLER_Dictionary_AddDictionaryElement
 *fill*         0x000000000004b7d1        0xf 
 .text.ARCONTROLLER_Dictionary_RemoveCallbackFromList
                0x000000000004b7e0       0xd4 /home/sunho/bebop_ws/devel/arsdk/out/arsdk-native/build/libARController/obj/Sources/ARCONTROLLER_Dictionary.c.o
                0x000000000004b7e0                ARCONTROLLER_Dictionary_RemoveCallbackFromList
 *fill*         0x000000000004b8b4        0xc 
 .text.ARCONTROLLER_Dictionary_RemoveCallback
                0x000000000004b8c0       0x1e /home/sunho/bebop_ws/devel/arsdk/out/arsdk-native/build/libARController/obj/Sources/ARCONTROLLER_Dictionary.c.o
                0x000000000004b8c0                ARCONTROLLER_Dictionary_RemoveCallback
 *fill*         0x000000000004b8de        0x2 
 .text.ARCONTROLLER_Dictionary_RemoveDictionaryElement
                0x000000000004b8e0      0x146 /home/sunho/bebop_ws/devel/arsdk/out/arsdk-native/build/libARController/obj/Sources/ARCONTROLLER_Dictionary.c.o
                0x000000000004b8e0                ARCONTROLLER_Dictionary_RemoveDictionaryElement
 *fill*         0x000000000004ba26        0xa 
 .text.ARCONTROLLER_Frame_NewWithCapacity
                0x000000000004ba30       0xc8 /home/sunho/bebop_ws/devel/arsdk/out/arsdk-native/build/libARController/obj/Sources/ARCONTROLLER_Frame.c.o
                0x000000000004ba30                ARCONTROLLER_Frame_NewWithCapacity
 *fill*         0x000000000004baf8        0x8 
 .text.ARCONTROLLER_Frame_New
                0x000000000004bb00        0xd /home/sunho/bebop_ws/devel/arsdk/out/arsdk-native/build/libARController/obj/Sources/ARCONTROLLER_Frame.c.o
                0x000000000004bb00                ARCONTROLLER_Frame_New
 *fill*         0x000000000004bb0d        0x3 
 .text.ARCONTROLLER_Frame_Delete
                0x000000000004bb10       0x48 /home/sunho/bebop_ws/devel/arsdk/out/arsdk-native/build/libARController/obj/Sources/ARCONTROLLER_Frame.c.o
                0x000000000004bb10                ARCONTROLLER_Frame_Delete
 *fill*         0x000000000004bb58        0x8 
 .text.ARCONTROLLER_Frame_ensureCapacityIsAtLeast
                0x000000000004bb60       0x8a /home/sunho/bebop_ws/devel/arsdk/out/arsdk-native/build/libARController/obj/Sources/ARCONTROLLER_Frame.c.o
                0x000000000004bb60                ARCONTROLLER_Frame_ensureCapacityIsAtLeast
 *fill*         0x000000000004bbea        0x6 
 .text.ARCONTROLLER_Frame_SetFree
                0x000000000004bbf0       0x4f /home/sunho/bebop_ws/devel/arsdk/out/arsdk-native/build/libARController/obj/Sources/ARCONTROLLER_Frame.c.o
                0x000000000004bbf0                ARCONTROLLER_Frame_SetFree
 *fill*         0x000000000004bc3f        0x1 
 .text.ARCONTROLLER_Network_OnDisconnectNetwork
                0x000000000004bc40       0x22 /home/sunho/bebop_ws/devel/arsdk/out/arsdk-native/build/libARController/obj/Sources/ARCONTROLLER_Network.c.o
                0x000000000004bc40                ARCONTROLLER_Network_OnDisconnectNetwork
 *fill*         0x000000000004bc62        0xe 
 .text.ARCONTROLLER_Network_OnSendJson
                0x000000000004bc70       0x69 /home/sunho/bebop_ws/devel/arsdk/out/arsdk-native/build/libARController/obj/Sources/ARCONTROLLER_Network.c.o
                0x000000000004bc70                ARCONTROLLER_Network_OnSendJson
 *fill*         0x000000000004bcd9        0x7 
 .text.ARCONTROLLER_Network_OnReceiveJson
                0x000000000004bce0       0x93 /home/sunho/bebop_ws/devel/arsdk/out/arsdk-native/build/libARController/obj/Sources/ARCONTROLLER_Network.c.o
                0x000000000004bce0                ARCONTROLLER_Network_OnReceiveJson
 *fill*         0x000000000004bd73        0xd 
 .text.ARCONTROLLER_Network_ReaderRun
                0x000000000004bd80      0x3ab /home/sunho/bebop_ws/devel/arsdk/out/arsdk-native/build/libARController/obj/Sources/ARCONTROLLER_Network.c.o
                0x000000000004bd80                ARCONTROLLER_Network_ReaderRun
 *fill*         0x000000000004c12b        0x5 
 .text.ARCONTROLLER_Network_SendingCallback
                0x000000000004c130      0x13c /home/sunho/bebop_ws/devel/arsdk/out/arsdk-native/build/libARController/obj/Sources/ARCONTROLLER_Network.c.o
                0x000000000004c130                ARCONTROLLER_Network_SendingCallback
 *fill*         0x000000000004c26c        0x4 
 .text.ARCONTROLLER_Network_Pause
                0x000000000004c270      0x1d5 /home/sunho/bebop_ws/devel/arsdk/out/arsdk-native/build/libARController/obj/Sources/ARCONTROLLER_Network.c.o
                0x000000000004c270                ARCONTROLLER_Network_Pause
 *fill*         0x000000000004c445        0xb 
 .text.ARCONTROLLER_Network_Resume
                0x000000000004c450      0x1c2 /home/sunho/bebop_ws/devel/arsdk/out/arsdk-native/build/libARController/obj/Sources/ARCONTROLLER_Network.c.o
                0x000000000004c450                ARCONTROLLER_Network_Resume
 *fill*         0x000000000004c612        0xe 
 .text.ARCONTROLLER_Network_SetVideoReceiveCallback
                0x000000000004c620       0x82 /home/sunho/bebop_ws/devel/arsdk/out/arsdk-native/build/libARController/obj/Sources/ARCONTROLLER_Network.c.o
                0x000000000004c620                ARCONTROLLER_Network_SetVideoReceiveCallback
 *fill*         0x000000000004c6a2        0xe 
 .text.ARCONTROLLER_Network_StartVideoStream
                0x000000000004c6b0       0x5c /home/sunho/bebop_ws/devel/arsdk/out/arsdk-native/build/libARController/obj/Sources/ARCONTROLLER_Network.c.o
                0x000000000004c6b0                ARCONTROLLER_Network_StartVideoStream
 *fill*         0x000000000004c70c        0x4 
 .text.ARCONTROLLER_Network_StopVideoStream
                0x000000000004c710       0x58 /home/sunho/bebop_ws/devel/arsdk/out/arsdk-native/build/libARController/obj/Sources/ARCONTROLLER_Network.c.o
                0x000000000004c710                ARCONTROLLER_Network_StopVideoStream
 *fill*         0x000000000004c768        0x8 
 .text.ARCONTROLLER_Network_SetVideoStreamMP4Compliant
                0x000000000004c770       0x6b /home/sunho/bebop_ws/devel/arsdk/out/arsdk-native/build/libARController/obj/Sources/ARCONTROLLER_Network.c.o
                0x000000000004c770                ARCONTROLLER_Network_SetVideoStreamMP4Compliant
 *fill*         0x000000000004c7db        0x5 
 .text.ARCONTROLLER_Network_SetAudioReceiveCallback
                0x000000000004c7e0       0x82 /home/sunho/bebop_ws/devel/arsdk/out/arsdk-native/build/libARController/obj/Sources/ARCONTROLLER_Network.c.o
                0x000000000004c7e0                ARCONTROLLER_Network_SetAudioReceiveCallback
 *fill*         0x000000000004c862        0xe 
 .text.ARCONTROLLER_Network_StartAudioStream
                0x000000000004c870       0x78 /home/sunho/bebop_ws/devel/arsdk/out/arsdk-native/build/libARController/obj/Sources/ARCONTROLLER_Network.c.o
                0x000000000004c870                ARCONTROLLER_Network_StartAudioStream
 *fill*         0x000000000004c8e8        0x8 
 .text.ARCONTROLLER_Network_StopAudioStream
                0x000000000004c8f0       0x74 /home/sunho/bebop_ws/devel/arsdk/out/arsdk-native/build/libARController/obj/Sources/ARCONTROLLER_Network.c.o
                0x000000000004c8f0                ARCONTROLLER_Network_StopAudioStream
 *fill*         0x000000000004c964        0xc 
 .text.ARCONTROLLER_Network_SendData
                0x000000000004c970      0x1ef /home/sunho/bebop_ws/devel/arsdk/out/arsdk-native/build/libARController/obj/Sources/ARCONTROLLER_Network.c.o
                0x000000000004c970                ARCONTROLLER_Network_SendData
 *fill*         0x000000000004cb5f        0x1 
 .text.ARCONTROLLER_Network_SendAudioFrame
                0x000000000004cb60       0x36 /home/sunho/bebop_ws/devel/arsdk/out/arsdk-native/build/libARController/obj/Sources/ARCONTROLLER_Network.c.o
                0x000000000004cb60                ARCONTROLLER_Network_SendAudioFrame
 *fill*         0x000000000004cb96        0xa 
 .text.ARCONTROLLER_Network_CreateNetworkThreads
                0x000000000004cba0      0x179 /home/sunho/bebop_ws/devel/arsdk/out/arsdk-native/build/libARController/obj/Sources/ARCONTROLLER_Network.c.o
                0x000000000004cba0                ARCONTROLLER_Network_CreateNetworkThreads
 *fill*         0x000000000004cd19        0x7 
 .text.ARCONTROLLER_Network_StopNetworkThreads
                0x000000000004cd20       0x7d /home/sunho/bebop_ws/devel/arsdk/out/arsdk-native/build/libARController/obj/Sources/ARCONTROLLER_Network.c.o
                0x000000000004cd20                ARCONTROLLER_Network_StopNetworkThreads
 *fill*         0x000000000004cd9d        0x3 
 .text.ARCONTROLLER_Network_CreateReaderThreads
                0x000000000004cda0      0x27d /home/sunho/bebop_ws/devel/arsdk/out/arsdk-native/build/libARController/obj/Sources/ARCONTROLLER_Network.c.o
                0x000000000004cda0                ARCONTROLLER_Network_CreateReaderThreads
 *fill*         0x000000000004d01d        0x3 
 .text.ARCONTROLLER_Network_StopReaderThreads
                0x000000000004d020       0xbc /home/sunho/bebop_ws/devel/arsdk/out/arsdk-native/build/libARController/obj/Sources/ARCONTROLLER_Network.c.o
                0x000000000004d020                ARCONTROLLER_Network_StopReaderThreads
 *fill*         0x000000000004d0dc        0x4 
 .text.ARCONTROLLER_Network_Delete
                0x000000000004d0e0       0xff /home/sunho/bebop_ws/devel/arsdk/out/arsdk-native/build/libARController/obj/Sources/ARCONTROLLER_Network.c.o
                0x000000000004d0e0                ARCONTROLLER_Network_Delete
 *fill*         0x000000000004d1df        0x1 
 .text.ARCONTROLLER_Network_New
                0x000000000004d1e0      0xa3f /home/sunho/bebop_ws/devel/arsdk/out/arsdk-native/build/libARController/obj/Sources/ARCONTROLLER_Network.c.o
                0x000000000004d1e0                ARCONTROLLER_Network_New
 *fill*         0x000000000004dc1f        0x1 
 .text.ARCONTROLLER_Stream_SetMP4Compliant
                0x000000000004dc20       0x34 /home/sunho/bebop_ws/devel/arsdk/out/arsdk-native/build/libARController/obj/Sources/ARCONTROLLER_Stream.c.o
                0x000000000004dc20                ARCONTROLLER_Stream_SetMP4Compliant
 *fill*         0x000000000004dc54        0xc 
 .text.ARCONTROLLER_Stream_Stop
                0x000000000004dc60       0x76 /home/sunho/bebop_ws/devel/arsdk/out/arsdk-native/build/libARController/obj/Sources/ARCONTROLLER_Stream.c.o
                0x000000000004dc60                ARCONTROLLER_Stream_Stop
 *fill*         0x000000000004dcd6        0xa 
 .text.ARCONTROLLER_Stream_Delete
                0x000000000004dce0       0x3f /home/sunho/bebop_ws/devel/arsdk/out/arsdk-native/build/libARController/obj/Sources/ARCONTROLLER_Stream.c.o
                0x000000000004dce0                ARCONTROLLER_Stream_Delete
 *fill*         0x000000000004dd1f        0x1 
 .text.ARCONTROLLER_Stream_New
                0x000000000004dd20       0xd5 /home/sunho/bebop_ws/devel/arsdk/out/arsdk-native/build/libARController/obj/Sources/ARCONTROLLER_Stream.c.o
                0x000000000004dd20                ARCONTROLLER_Stream_New
 *fill*         0x000000000004ddf5        0xb 
 .text.ARCONTROLLER_Stream_video_New
                0x000000000004de00       0x74 /home/sunho/bebop_ws/devel/arsdk/out/arsdk-native/build/libARController/obj/Sources/ARCONTROLLER_Stream.c.o
                0x000000000004de00                ARCONTROLLER_Stream_video_New
 *fill*         0x000000000004de74        0xc 
 .text.ARCONTROLLER_Stream_audio_New
                0x000000000004de80        0xd /home/sunho/bebop_ws/devel/arsdk/out/arsdk-native/build/libARController/obj/Sources/ARCONTROLLER_Stream.c.o
                0x000000000004de80                ARCONTROLLER_Stream_audio_New
 *fill*         0x000000000004de8d        0x3 
 .text.ARCONTROLLER_Stream_Start
                0x000000000004de90       0x6d /home/sunho/bebop_ws/devel/arsdk/out/arsdk-native/build/libARController/obj/Sources/ARCONTROLLER_Stream.c.o
                0x000000000004de90                ARCONTROLLER_Stream_Start
 *fill*         0x000000000004defd        0x3 
 .text.ARCONTROLLER_Stream_SetReceiveFrameCallback
                0x000000000004df00       0x58 /home/sunho/bebop_ws/devel/arsdk/out/arsdk-native/build/libARController/obj/Sources/ARCONTROLLER_Stream.c.o
                0x000000000004df00                ARCONTROLLER_Stream_SetReceiveFrameCallback
 *fill*         0x000000000004df58        0x8 
 .text.ARCONTROLLER_Stream_OnSendJson
                0x000000000004df60       0x1e /home/sunho/bebop_ws/devel/arsdk/out/arsdk-native/build/libARController/obj/Sources/ARCONTROLLER_Stream.c.o
                0x000000000004df60                ARCONTROLLER_Stream_OnSendJson
 *fill*         0x000000000004df7e        0x2 
 .text.ARCONTROLLER_Stream_OnReceiveJson
                0x000000000004df80       0x44 /home/sunho/bebop_ws/devel/arsdk/out/arsdk-native/build/libARController/obj/Sources/ARCONTROLLER_Stream.c.o
                0x000000000004df80                ARCONTROLLER_Stream_OnReceiveJson
 *fill*         0x000000000004dfc4        0xc 
 .text.ARCONTROLLER_StreamPool_Delete
                0x000000000004dfd0       0x77 /home/sunho/bebop_ws/devel/arsdk/out/arsdk-native/build/libARController/obj/Sources/ARCONTROLLER_StreamPool.c.o
                0x000000000004dfd0                ARCONTROLLER_StreamPool_Delete
 *fill*         0x000000000004e047        0x9 
 .text.ARCONTROLLER_StreamPool_New
                0x000000000004e050       0xef /home/sunho/bebop_ws/devel/arsdk/out/arsdk-native/build/libARController/obj/Sources/ARCONTROLLER_StreamPool.c.o
                0x000000000004e050                ARCONTROLLER_StreamPool_New
 *fill*         0x000000000004e13f        0x1 
 .text.ARCONTROLLER_StreamPool_GetNextFreeFrame
                0x000000000004e140       0x69 /home/sunho/bebop_ws/devel/arsdk/out/arsdk-native/build/libARController/obj/Sources/ARCONTROLLER_StreamPool.c.o
                0x000000000004e140                ARCONTROLLER_StreamPool_GetNextFreeFrame
 *fill*         0x000000000004e1a9        0x7 
 .text.ARCONTROLLER_StreamPool_GetFrameFromData
                0x000000000004e1b0       0x61 /home/sunho/bebop_ws/devel/arsdk/out/arsdk-native/build/libARController/obj/Sources/ARCONTROLLER_StreamPool.c.o
                0x000000000004e1b0                ARCONTROLLER_StreamPool_GetFrameFromData
 *fill*         0x000000000004e211        0xf 
 .text.ARCONTROLLER_StreamQueue_New
                0x000000000004e220       0x7c /home/sunho/bebop_ws/devel/arsdk/out/arsdk-native/build/libARController/obj/Sources/ARCONTROLLER_StreamQueue.c.o
                0x000000000004e220                ARCONTROLLER_StreamQueue_New
 *fill*         0x000000000004e29c        0x4 
 .text.ARCONTROLLER_StreamQueue_LocalPopFrame
                0x000000000004e2a0       0x8b /home/sunho/bebop_ws/devel/arsdk/out/arsdk-native/build/libARController/obj/Sources/ARCONTROLLER_StreamQueue.c.o
                0x000000000004e2a0                ARCONTROLLER_StreamQueue_LocalPopFrame
 *fill*         0x000000000004e32b        0x5 
 .text.ARCONTROLLER_StreamQueue_Pop
                0x000000000004e330       0x59 /home/sunho/bebop_ws/devel/arsdk/out/arsdk-native/build/libARController/obj/Sources/ARCONTROLLER_StreamQueue.c.o
                0x000000000004e330                ARCONTROLLER_StreamQueue_Pop
 *fill*         0x000000000004e389        0x7 
 .text.ARCONTROLLER_StreamQueue_PopWithTimeout
                0x000000000004e390       0x89 /home/sunho/bebop_ws/devel/arsdk/out/arsdk-native/build/libARController/obj/Sources/ARCONTROLLER_StreamQueue.c.o
                0x000000000004e390                ARCONTROLLER_StreamQueue_PopWithTimeout
 *fill*         0x000000000004e419        0x7 
 .text.ARCONTROLLER_StreamQueue_LocalTryPop
                0x000000000004e420       0x49 /home/sunho/bebop_ws/devel/arsdk/out/arsdk-native/build/libARController/obj/Sources/ARCONTROLLER_StreamQueue.c.o
                0x000000000004e420                ARCONTROLLER_StreamQueue_LocalTryPop
 *fill*         0x000000000004e469        0x7 
 .text.ARCONTROLLER_StreamQueue_TryPop
                0x000000000004e470       0x3c /home/sunho/bebop_ws/devel/arsdk/out/arsdk-native/build/libARController/obj/Sources/ARCONTROLLER_StreamQueue.c.o
                0x000000000004e470                ARCONTROLLER_StreamQueue_TryPop
 *fill*         0x000000000004e4ac        0x4 
 .text.ARCONTROLLER_StreamQueue_LocalFlush
                0x000000000004e4b0      0x148 /home/sunho/bebop_ws/devel/arsdk/out/arsdk-native/build/libARController/obj/Sources/ARCONTROLLER_StreamQueue.c.o
                0x000000000004e4b0                ARCONTROLLER_StreamQueue_LocalFlush
 *fill*         0x000000000004e5f8        0x8 
 .text.ARCONTROLLER_StreamQueue_Push
                0x000000000004e600       0xdb /home/sunho/bebop_ws/devel/arsdk/out/arsdk-native/build/libARController/obj/Sources/ARCONTROLLER_StreamQueue.c.o
                0x000000000004e600                ARCONTROLLER_StreamQueue_Push
 *fill*         0x000000000004e6db        0x5 
 .text.ARCONTROLLER_StreamQueue_Flush
                0x000000000004e6e0       0x16 /home/sunho/bebop_ws/devel/arsdk/out/arsdk-native/build/libARController/obj/Sources/ARCONTROLLER_StreamQueue.c.o
                0x000000000004e6e0                ARCONTROLLER_StreamQueue_Flush
 *fill*         0x000000000004e6f6        0xa 
 .text.ARCONTROLLER_StreamQueue_Delete
                0x000000000004e700       0x3f /home/sunho/bebop_ws/devel/arsdk/out/arsdk-native/build/libARController/obj/Sources/ARCONTROLLER_StreamQueue.c.o
                0x000000000004e700                ARCONTROLLER_StreamQueue_Delete
 *fill*         0x000000000004e73f        0x1 
 .text.ARCONTROLLER_Stream1_FrameCompleteCallback
                0x000000000004e740      0x36b /home/sunho/bebop_ws/devel/arsdk/out/arsdk-native/build/libARController/obj/Sources/ARCONTROLLER_Stream1.c.o
                0x000000000004e740                ARCONTROLLER_Stream1_FrameCompleteCallback
 *fill*         0x000000000004eaab        0x5 
 .text.ARCONTROLLER_Stream1_Stop
                0x000000000004eab0       0xb1 /home/sunho/bebop_ws/devel/arsdk/out/arsdk-native/build/libARController/obj/Sources/ARCONTROLLER_Stream1.c.o
                0x000000000004eab0                ARCONTROLLER_Stream1_Stop
 *fill*         0x000000000004eb61        0xf 
 .text.ARCONTROLLER_Stream1_Delete
                0x000000000004eb70       0x3f /home/sunho/bebop_ws/devel/arsdk/out/arsdk-native/build/libARController/obj/Sources/ARCONTROLLER_Stream1.c.o
                0x000000000004eb70                ARCONTROLLER_Stream1_Delete
 *fill*         0x000000000004ebaf        0x1 
 .text.ARCONTROLLER_Stream1_New
                0x000000000004ebb0      0x162 /home/sunho/bebop_ws/devel/arsdk/out/arsdk-native/build/libARController/obj/Sources/ARCONTROLLER_Stream1.c.o
                0x000000000004ebb0                ARCONTROLLER_Stream1_New
 *fill*         0x000000000004ed12        0xe 
 .text.ARCONTROLLER_Stream1_Start
                0x000000000004ed20      0x3ce /home/sunho/bebop_ws/devel/arsdk/out/arsdk-native/build/libARController/obj/Sources/ARCONTROLLER_Stream1.c.o
                0x000000000004ed20                ARCONTROLLER_Stream1_Start
 *fill*         0x000000000004f0ee        0x2 
 .text.ARCONTROLLER_Stream1_SetCallbacks
                0x000000000004f0f0       0x21 /home/sunho/bebop_ws/devel/arsdk/out/arsdk-native/build/libARController/obj/Sources/ARCONTROLLER_Stream1.c.o
                0x000000000004f0f0                ARCONTROLLER_Stream1_SetCallbacks
 *fill*         0x000000000004f111        0xf 
 .text.ARCONTROLLER_Stream1_IsRunning
                0x000000000004f120       0x29 /home/sunho/bebop_ws/devel/arsdk/out/arsdk-native/build/libARController/obj/Sources/ARCONTROLLER_Stream1.c.o
                0x000000000004f120                ARCONTROLLER_Stream1_IsRunning
 *fill*         0x000000000004f149        0x7 
 .text.ARCONTROLLER_Stream1_SetMP4Compliant
                0x000000000004f150       0x1e /home/sunho/bebop_ws/devel/arsdk/out/arsdk-native/build/libARController/obj/Sources/ARCONTROLLER_Stream1.c.o
                0x000000000004f150                ARCONTROLLER_Stream1_SetMP4Compliant
 *fill*         0x000000000004f16e        0x2 
 .text.ARCONTROLLER_Stream1_GetFrame
                0x000000000004f170       0x54 /home/sunho/bebop_ws/devel/arsdk/out/arsdk-native/build/libARController/obj/Sources/ARCONTROLLER_Stream1.c.o
                0x000000000004f170                ARCONTROLLER_Stream1_GetFrame
 *fill*         0x000000000004f1c4        0xc 
 .text.ARCONTROLLER_Stream1_TryGetFrame
                0x000000000004f1d0       0x54 /home/sunho/bebop_ws/devel/arsdk/out/arsdk-native/build/libARController/obj/Sources/ARCONTROLLER_Stream1.c.o
                0x000000000004f1d0                ARCONTROLLER_Stream1_TryGetFrame
 *fill*         0x000000000004f224        0xc 
 .text.ARCONTROLLER_Stream1_GetFrameWithTimeout
                0x000000000004f230       0x54 /home/sunho/bebop_ws/devel/arsdk/out/arsdk-native/build/libARController/obj/Sources/ARCONTROLLER_Stream1.c.o
                0x000000000004f230                ARCONTROLLER_Stream1_GetFrameWithTimeout
 *fill*         0x000000000004f284        0xc 
 .text.ARCONTROLLER_Stream1_IdToIndex
                0x000000000004f290       0x3c /home/sunho/bebop_ws/devel/arsdk/out/arsdk-native/build/libARController/obj/Sources/ARCONTROLLER_Stream1.c.o
                0x000000000004f290                ARCONTROLLER_Stream1_IdToIndex
 *fill*         0x000000000004f2cc        0x4 
 .text.ARCONTROLLER_Stream1_InitStream1Buffers
                0x000000000004f2d0      0x104 /home/sunho/bebop_ws/devel/arsdk/out/arsdk-native/build/libARController/obj/Sources/ARCONTROLLER_Stream1.c.o
                0x000000000004f2d0                ARCONTROLLER_Stream1_InitStream1Buffers
 *fill*         0x000000000004f3d4        0xc 
 .text.ARCONTROLLER_Stream1_OnReceiveJson
                0x000000000004f3e0      0x167 /home/sunho/bebop_ws/devel/arsdk/out/arsdk-native/build/libARController/obj/Sources/ARCONTROLLER_Stream1.c.o
                0x000000000004f3e0                ARCONTROLLER_Stream1_OnReceiveJson
 *fill*         0x000000000004f547        0x9 
 .text.ARCONTROLLER_Stream1_GetSpsPpsFromIFrame
                0x000000000004f550      0x294 /home/sunho/bebop_ws/devel/arsdk/out/arsdk-native/build/libARController/obj/Sources/ARCONTROLLER_Stream1.c.o
                0x000000000004f550                ARCONTROLLER_Stream1_GetSpsPpsFromIFrame
 *fill*         0x000000000004f7e4        0xc 
 .text.ARCONTROLLER_Stream1_ReaderThreadRun
                0x000000000004f7f0      0x4aa /home/sunho/bebop_ws/devel/arsdk/out/arsdk-native/build/libARController/obj/Sources/ARCONTROLLER_Stream1.c.o
                0x000000000004f7f0                ARCONTROLLER_Stream1_ReaderThreadRun
 *fill*         0x000000000004fc9a        0x6 
 .text.ARCONTROLLER_Stream2_SpsPpsCallback
                0x000000000004fca0       0x73 /home/sunho/bebop_ws/devel/arsdk/out/arsdk-native/build/libARController/obj/Sources/ARCONTROLLER_Stream2.c.o
 *fill*         0x000000000004fd13        0xd 
 .text.ARCONTROLLER_Stream2_AuReadyCallback
                0x000000000004fd20      0x1bd /home/sunho/bebop_ws/devel/arsdk/out/arsdk-native/build/libARController/obj/Sources/ARCONTROLLER_Stream2.c.o
 *fill*         0x000000000004fedd        0x3 
 .text.ARCONTROLLER_Stream2_Open_Socket
                0x000000000004fee0      0x3f0 /home/sunho/bebop_ws/devel/arsdk/out/arsdk-native/build/libARController/obj/Sources/ARCONTROLLER_Stream2.c.o
 .text.ARCONTROLLER_Stream2_StartStream
                0x00000000000502d0      0x4ad /home/sunho/bebop_ws/devel/arsdk/out/arsdk-native/build/libARController/obj/Sources/ARCONTROLLER_Stream2.c.o
 *fill*         0x000000000005077d        0x3 
 .text.ARCONTROLLER_Stream2_StopStream.part.0
                0x0000000000050780       0x7a /home/sunho/bebop_ws/devel/arsdk/out/arsdk-native/build/libARController/obj/Sources/ARCONTROLLER_Stream2.c.o
 *fill*         0x00000000000507fa        0x6 
 .text.ARCONTROLLER_Stream2_RestartRun
                0x0000000000050800       0x1a /home/sunho/bebop_ws/devel/arsdk/out/arsdk-native/build/libARController/obj/Sources/ARCONTROLLER_Stream2.c.o
 *fill*         0x000000000005081a        0x6 
 .text.ARCONTROLLER_Stream2_GetAuBufferCallback
                0x0000000000050820      0x10f /home/sunho/bebop_ws/devel/arsdk/out/arsdk-native/build/libARController/obj/Sources/ARCONTROLLER_Stream2.c.o
 *fill*         0x000000000005092f        0x1 
 .text.ARCONTROLLER_Stream2_Stop
                0x0000000000050930       0x31 /home/sunho/bebop_ws/devel/arsdk/out/arsdk-native/build/libARController/obj/Sources/ARCONTROLLER_Stream2.c.o
                0x0000000000050930                ARCONTROLLER_Stream2_Stop
 *fill*         0x0000000000050961        0xf 
 .text.ARCONTROLLER_Stream2_Delete
                0x0000000000050970       0x70 /home/sunho/bebop_ws/devel/arsdk/out/arsdk-native/build/libARController/obj/Sources/ARCONTROLLER_Stream2.c.o
                0x0000000000050970                ARCONTROLLER_Stream2_Delete
 .text.ARCONTROLLER_Stream2_New
                0x00000000000509e0      0x19b /home/sunho/bebop_ws/devel/arsdk/out/arsdk-native/build/libARController/obj/Sources/ARCONTROLLER_Stream2.c.o
                0x00000000000509e0                ARCONTROLLER_Stream2_New
 *fill*         0x0000000000050b7b        0x5 
 .text.ARCONTROLLER_Stream2_SetCallbacks
                0x0000000000050b80       0x23 /home/sunho/bebop_ws/devel/arsdk/out/arsdk-native/build/libARController/obj/Sources/ARCONTROLLER_Stream2.c.o
                0x0000000000050b80                ARCONTROLLER_Stream2_SetCallbacks
 *fill*         0x0000000000050ba3        0xd 
 .text.ARCONTROLLER_Stream2_IsRunning
                0x0000000000050bb0       0x29 /home/sunho/bebop_ws/devel/arsdk/out/arsdk-native/build/libARController/obj/Sources/ARCONTROLLER_Stream2.c.o
                0x0000000000050bb0                ARCONTROLLER_Stream2_IsRunning
 *fill*         0x0000000000050bd9        0x7 
 .text.ARCONTROLLER_Stream2_SetMP4Compliant
                0x0000000000050be0       0x14 /home/sunho/bebop_ws/devel/arsdk/out/arsdk-native/build/libARController/obj/Sources/ARCONTROLLER_Stream2.c.o
                0x0000000000050be0                ARCONTROLLER_Stream2_SetMP4Compliant
 *fill*         0x0000000000050bf4        0xc 
 .text.ARCONTROLLER_Stream2_OnSendJson
                0x0000000000050c00       0x77 /home/sunho/bebop_ws/devel/arsdk/out/arsdk-native/build/libARController/obj/Sources/ARCONTROLLER_Stream2.c.o
                0x0000000000050c00                ARCONTROLLER_Stream2_OnSendJson
 *fill*         0x0000000000050c77        0x9 
 .text.ARCONTROLLER_Stream2_OnReceiveJson
                0x0000000000050c80      0x17b /home/sunho/bebop_ws/devel/arsdk/out/arsdk-native/build/libARController/obj/Sources/ARCONTROLLER_Stream2.c.o
                0x0000000000050c80                ARCONTROLLER_Stream2_OnReceiveJson
 *fill*         0x0000000000050dfb        0x5 
 .text.ARCONTROLLER_Stream2_JsonContainsStream2Param
                0x0000000000050e00       0x3e /home/sunho/bebop_ws/devel/arsdk/out/arsdk-native/build/libARController/obj/Sources/ARCONTROLLER_Stream2.c.o
                0x0000000000050e00                ARCONTROLLER_Stream2_JsonContainsStream2Param
 *fill*         0x0000000000050e3e        0x2 
 .text.ARCONTROLLER_Stream2_IsInitilized
                0x0000000000050e40       0x15 /home/sunho/bebop_ws/devel/arsdk/out/arsdk-native/build/libARController/obj/Sources/ARCONTROLLER_Stream2.c.o
                0x0000000000050e40                ARCONTROLLER_Stream2_IsInitilized
 *fill*         0x0000000000050e55        0xb 
 .text.ARCONTROLLER_Stream2_Start
                0x0000000000050e60       0x90 /home/sunho/bebop_ws/devel/arsdk/out/arsdk-native/build/libARController/obj/Sources/ARCONTROLLER_Stream2.c.o
                0x0000000000050e60                ARCONTROLLER_Stream2_Start
 .text.ARCONTROLLER_StreamSender_FrameUpdateCallback
                0x0000000000050ef0       0x46 /home/sunho/bebop_ws/devel/arsdk/out/arsdk-native/build/libARController/obj/Sources/ARCONTROLLER_StreamSender.c.o
 *fill*         0x0000000000050f36        0xa 
 .text.ARCONTROLLER_StreamSender_Stop
                0x0000000000050f40       0x75 /home/sunho/bebop_ws/devel/arsdk/out/arsdk-native/build/libARController/obj/Sources/ARCONTROLLER_StreamSender.c.o
                0x0000000000050f40                ARCONTROLLER_StreamSender_Stop
 *fill*         0x0000000000050fb5        0xb 
 .text.ARCONTROLLER_StreamSender_Delete
                0x0000000000050fc0       0x33 /home/sunho/bebop_ws/devel/arsdk/out/arsdk-native/build/libARController/obj/Sources/ARCONTROLLER_StreamSender.c.o
                0x0000000000050fc0                ARCONTROLLER_StreamSender_Delete
 *fill*         0x0000000000050ff3        0xd 
 .text.ARCONTROLLER_StreamSender_New
                0x0000000000051000       0xf2 /home/sunho/bebop_ws/devel/arsdk/out/arsdk-native/build/libARController/obj/Sources/ARCONTROLLER_StreamSender.c.o
                0x0000000000051000                ARCONTROLLER_StreamSender_New
 *fill*         0x00000000000510f2        0xe 
 .text.ARCONTROLLER_StreamSender_Start
                0x0000000000051100      0x2b6 /home/sunho/bebop_ws/devel/arsdk/out/arsdk-native/build/libARController/obj/Sources/ARCONTROLLER_StreamSender.c.o
                0x0000000000051100                ARCONTROLLER_StreamSender_Start
 *fill*         0x00000000000513b6        0xa 
 .text.ARCONTROLLER_StreamSender_SendAudioFrame
                0x00000000000513c0      0x248 /home/sunho/bebop_ws/devel/arsdk/out/arsdk-native/build/libARController/obj/Sources/ARCONTROLLER_StreamSender.c.o
                0x00000000000513c0                ARCONTROLLER_StreamSender_SendAudioFrame
 *fill*         0x0000000000051608        0x8 
 .text.ARCONTROLLER_StreamSender_OnReceiveJson
                0x0000000000051610      0x15c /home/sunho/bebop_ws/devel/arsdk/out/arsdk-native/build/libARController/obj/Sources/ARCONTROLLER_StreamSender.c.o
                0x0000000000051610                ARCONTROLLER_StreamSender_OnReceiveJson
 *fill*         0x000000000005176c        0x4 
 .text.ARCONTROLLER_Device_ReceiveJsonCallback
                0x0000000000051770       0x26 /home/sunho/bebop_ws/devel/arsdk/out/arsdk-native/build/libARController/obj/gen/Sources/ARCONTROLLER_Device.c.o
                0x0000000000051770                ARCONTROLLER_Device_ReceiveJsonCallback
 *fill*         0x0000000000051796        0xa 
 .text.ARCONTROLLER_Device_ControllerLooperThread
                0x00000000000517a0      0x453 /home/sunho/bebop_ws/devel/arsdk/out/arsdk-native/build/libARController/obj/gen/Sources/ARCONTROLLER_Device.c.o
                0x00000000000517a0                ARCONTROLLER_Device_ControllerLooperThread
 *fill*         0x0000000000051bf3        0xd 
 .text.ARCONTROLLER_Device_SendJsonCallback
                0x0000000000051c00       0x67 /home/sunho/bebop_ws/devel/arsdk/out/arsdk-native/build/libARController/obj/gen/Sources/ARCONTROLLER_Device.c.o
                0x0000000000051c00                ARCONTROLLER_Device_SendJsonCallback
 *fill*         0x0000000000051c67        0x9 
 .text.ARCONTROLLER_Device_RegisterCallbacks
                0x0000000000051c70     0x2287 /home/sunho/bebop_ws/devel/arsdk/out/arsdk-native/build/libARController/obj/gen/Sources/ARCONTROLLER_Device.c.o
                0x0000000000051c70                ARCONTROLLER_Device_RegisterCallbacks
 *fill*         0x0000000000053ef7        0x9 
 .text.ARCONTROLLER_Device_UnregisterCallbacks
                0x0000000000053f00     0x19a6 /home/sunho/bebop_ws/devel/arsdk/out/arsdk-native/build/libARController/obj/gen/Sources/ARCONTROLLER_Device.c.o
                0x0000000000053f00                ARCONTROLLER_Device_UnregisterCallbacks
 *fill*         0x00000000000558a6        0xa 
 .text.ARCONTROLLER_Device_SetVideoStreamCallbacks
                0x00000000000558b0       0x87 /home/sunho/bebop_ws/devel/arsdk/out/arsdk-native/build/libARController/obj/gen/Sources/ARCONTROLLER_Device.c.o
                0x00000000000558b0                ARCONTROLLER_Device_SetVideoStreamCallbacks
 *fill*         0x0000000000055937        0x9 
 .text.ARCONTROLLER_Device_SetVideoStreamMP4Compliant
                0x0000000000055940       0x57 /home/sunho/bebop_ws/devel/arsdk/out/arsdk-native/build/libARController/obj/gen/Sources/ARCONTROLLER_Device.c.o
                0x0000000000055940                ARCONTROLLER_Device_SetVideoStreamMP4Compliant
 *fill*         0x0000000000055997        0x9 
 .text.ARCONTROLLER_Device_SetAudioStreamCallbacks
                0x00000000000559a0       0x87 /home/sunho/bebop_ws/devel/arsdk/out/arsdk-native/build/libARController/obj/gen/Sources/ARCONTROLLER_Device.c.o
                0x00000000000559a0                ARCONTROLLER_Device_SetAudioStreamCallbacks
 *fill*         0x0000000000055a27        0x9 
 .text.ARCONTROLLER_Device_AddCommandReceivedCallback
                0x0000000000055a30       0x61 /home/sunho/bebop_ws/devel/arsdk/out/arsdk-native/build/libARController/obj/gen/Sources/ARCONTROLLER_Device.c.o
                0x0000000000055a30                ARCONTROLLER_Device_AddCommandReceivedCallback
 *fill*         0x0000000000055a91        0xf 
 .text.ARCONTROLLER_Device_RemoveCommandReceivedCallback
                0x0000000000055aa0       0x61 /home/sunho/bebop_ws/devel/arsdk/out/arsdk-native/build/libARController/obj/gen/Sources/ARCONTROLLER_Device.c.o
                0x0000000000055aa0                ARCONTROLLER_Device_RemoveCommandReceivedCallback
 *fill*         0x0000000000055b01        0xf 
 .text.ARCONTROLLER_Device_GetCommandElements
                0x0000000000055b10      0x3f5 /home/sunho/bebop_ws/devel/arsdk/out/arsdk-native/build/libARController/obj/gen/Sources/ARCONTROLLER_Device.c.o
                0x0000000000055b10                ARCONTROLLER_Device_GetCommandElements
 *fill*         0x0000000000055f05        0xb 
 .text.ARCONTROLLER_Device_SendStreamFrame
                0x0000000000055f10       0x63 /home/sunho/bebop_ws/devel/arsdk/out/arsdk-native/build/libARController/obj/gen/Sources/ARCONTROLLER_Device.c.o
                0x0000000000055f10                ARCONTROLLER_Device_SendStreamFrame
 *fill*         0x0000000000055f73        0xd 
 .text.ARCONTROLLER_Device_GetState
                0x0000000000055f80       0x5c /home/sunho/bebop_ws/devel/arsdk/out/arsdk-native/build/libARController/obj/gen/Sources/ARCONTROLLER_Device.c.o
                0x0000000000055f80                ARCONTROLLER_Device_GetState
 *fill*         0x0000000000055fdc        0x4 
 .text.ARCONTROLLER_Device_GetExtensionState
                0x0000000000055fe0       0x5c /home/sunho/bebop_ws/devel/arsdk/out/arsdk-native/build/libARController/obj/gen/Sources/ARCONTROLLER_Device.c.o
                0x0000000000055fe0                ARCONTROLLER_Device_GetExtensionState
 *fill*         0x000000000005603c        0x4 
 .text.ARCONTROLLER_Device_GetExtensionName
                0x0000000000056040       0xa1 /home/sunho/bebop_ws/devel/arsdk/out/arsdk-native/build/libARController/obj/gen/Sources/ARCONTROLLER_Device.c.o
                0x0000000000056040                ARCONTROLLER_Device_GetExtensionName
 *fill*         0x00000000000560e1        0xf 
 .text.ARCONTROLLER_Device_GetExtensionProduct
                0x00000000000560f0       0x5c /home/sunho/bebop_ws/devel/arsdk/out/arsdk-native/build/libARController/obj/gen/Sources/ARCONTROLLER_Device.c.o
                0x00000000000560f0                ARCONTROLLER_Device_GetExtensionProduct
 *fill*         0x000000000005614c        0x4 
 .text.ARCONTROLLER_Device_HasOutputVideoStream
                0x0000000000056150       0x59 /home/sunho/bebop_ws/devel/arsdk/out/arsdk-native/build/libARController/obj/gen/Sources/ARCONTROLLER_Device.c.o
                0x0000000000056150                ARCONTROLLER_Device_HasOutputVideoStream
 *fill*         0x00000000000561a9        0x7 
 .text.ARCONTROLLER_Device_HasOutputAudioStream
                0x00000000000561b0       0x3e /home/sunho/bebop_ws/devel/arsdk/out/arsdk-native/build/libARController/obj/gen/Sources/ARCONTROLLER_Device.c.o
                0x00000000000561b0                ARCONTROLLER_Device_HasOutputAudioStream
 *fill*         0x00000000000561ee        0x2 
 .text.ARCONTROLLER_Device_HasInputAudioStream
                0x00000000000561f0       0x3e /home/sunho/bebop_ws/devel/arsdk/out/arsdk-native/build/libARController/obj/gen/Sources/ARCONTROLLER_Device.c.o
                0x00000000000561f0                ARCONTROLLER_Device_HasInputAudioStream
 *fill*         0x000000000005622e        0x2 
 .text.ARCONTROLLER_Device_StopNetwork
                0x0000000000056230      0xb45 /home/sunho/bebop_ws/devel/arsdk/out/arsdk-native/build/libARController/obj/gen/Sources/ARCONTROLLER_Device.c.o
                0x0000000000056230                ARCONTROLLER_Device_StopNetwork
 *fill*         0x0000000000056d75        0xb 
 .text.ARCONTROLLER_Device_SetNetworkControllerToFeatures
                0x0000000000056d80      0xd6e /home/sunho/bebop_ws/devel/arsdk/out/arsdk-native/build/libARController/obj/gen/Sources/ARCONTROLLER_Device.c.o
                0x0000000000056d80                ARCONTROLLER_Device_SetNetworkControllerToFeatures
 *fill*         0x0000000000057aee        0x2 
 .text.ARCONTROLLER_Device_StartNetwork
                0x0000000000057af0      0xc1f /home/sunho/bebop_ws/devel/arsdk/out/arsdk-native/build/libARController/obj/gen/Sources/ARCONTROLLER_Device.c.o
                0x0000000000057af0                ARCONTROLLER_Device_StartNetwork
 *fill*         0x000000000005870f        0x1 
 .text.ARCONTROLLER_Device_StartControllerLooperThread
                0x0000000000058710       0xef /home/sunho/bebop_ws/devel/arsdk/out/arsdk-native/build/libARController/obj/gen/Sources/ARCONTROLLER_Device.c.o
                0x0000000000058710                ARCONTROLLER_Device_StartControllerLooperThread
 *fill*         0x00000000000587ff        0x1 
 .text.ARCONTROLLER_Device_StopControllerLooperThread
                0x0000000000058800       0x5f /home/sunho/bebop_ws/devel/arsdk/out/arsdk-native/build/libARController/obj/gen/Sources/ARCONTROLLER_Device.c.o
                0x0000000000058800                ARCONTROLLER_Device_StopControllerLooperThread
 *fill*         0x000000000005885f        0x1 
 .text.ARCONTROLLER_Device_SetInitialDate
                0x0000000000058860      0x19c /home/sunho/bebop_ws/devel/arsdk/out/arsdk-native/build/libARController/obj/gen/Sources/ARCONTROLLER_Device.c.o
                0x0000000000058860                ARCONTROLLER_Device_SetInitialDate
 *fill*         0x00000000000589fc        0x4 
 .text.ARCONTROLLER_Device_GetInitialSettings
                0x0000000000058a00       0x56 /home/sunho/bebop_ws/devel/arsdk/out/arsdk-native/build/libARController/obj/gen/Sources/ARCONTROLLER_Device.c.o
                0x0000000000058a00                ARCONTROLLER_Device_GetInitialSettings
 *fill*         0x0000000000058a56        0xa 
 .text.ARCONTROLLER_Device_GetInitialStates
                0x0000000000058a60       0x56 /home/sunho/bebop_ws/devel/arsdk/out/arsdk-native/build/libARController/obj/gen/Sources/ARCONTROLLER_Device.c.o
                0x0000000000058a60                ARCONTROLLER_Device_GetInitialStates
 *fill*         0x0000000000058ab6        0xa 
 .text.ARCONTROLLER_Device_OnStart
                0x0000000000058ac0       0x94 /home/sunho/bebop_ws/devel/arsdk/out/arsdk-native/build/libARController/obj/gen/Sources/ARCONTROLLER_Device.c.o
                0x0000000000058ac0                ARCONTROLLER_Device_OnStart
 *fill*         0x0000000000058b54        0xc 
 .text.ARCONTROLLER_Device_OnAllStatesEnd
                0x0000000000058b60       0x22 /home/sunho/bebop_ws/devel/arsdk/out/arsdk-native/build/libARController/obj/gen/Sources/ARCONTROLLER_Device.c.o
                0x0000000000058b60                ARCONTROLLER_Device_OnAllStatesEnd
 *fill*         0x0000000000058b82        0xe 
 .text.ARCONTROLLER_Device_OnAllSettingsEnd
                0x0000000000058b90       0x22 /home/sunho/bebop_ws/devel/arsdk/out/arsdk-native/build/libARController/obj/gen/Sources/ARCONTROLLER_Device.c.o
                0x0000000000058b90                ARCONTROLLER_Device_OnAllSettingsEnd
 *fill*         0x0000000000058bb2        0xe 
 .text.ARCONTROLLER_Device_OnARDrone3VideoEnableChanged
                0x0000000000058bc0      0x6f7 /home/sunho/bebop_ws/devel/arsdk/out/arsdk-native/build/libARController/obj/gen/Sources/ARCONTROLLER_Device.c.o
                0x0000000000058bc0                ARCONTROLLER_Device_OnARDrone3VideoEnableChanged
 *fill*         0x00000000000592b7        0x9 
 .text.ARCONTROLLER_Device_OnJumpingSumoVideoEnableChanged
                0x00000000000592c0      0x6f7 /home/sunho/bebop_ws/devel/arsdk/out/arsdk-native/build/libARController/obj/gen/Sources/ARCONTROLLER_Device.c.o
                0x00000000000592c0                ARCONTROLLER_Device_OnJumpingSumoVideoEnableChanged
 *fill*         0x00000000000599b7        0x9 
 .text.ARCONTROLLER_Device_OnPowerUpVideoEnableChanged
                0x00000000000599c0      0x6f7 /home/sunho/bebop_ws/devel/arsdk/out/arsdk-native/build/libARController/obj/gen/Sources/ARCONTROLLER_Device.c.o
                0x00000000000599c0                ARCONTROLLER_Device_OnPowerUpVideoEnableChanged
 *fill*         0x000000000005a0b7        0x9 
 .text.ARCONTROLLER_Device_OnAudioStreamStateChanged
                0x000000000005a0c0      0x65f /home/sunho/bebop_ws/devel/arsdk/out/arsdk-native/build/libARController/obj/gen/Sources/ARCONTROLLER_Device.c.o
                0x000000000005a0c0                ARCONTROLLER_Device_OnAudioStreamStateChanged
 *fill*         0x000000000005a71f        0x1 
 .text.ARCONTROLLER_Device_AddCallbackInList
                0x000000000005a720       0x75 /home/sunho/bebop_ws/devel/arsdk/out/arsdk-native/build/libARController/obj/gen/Sources/ARCONTROLLER_Device.c.o
                0x000000000005a720                ARCONTROLLER_Device_AddCallbackInList
 *fill*         0x000000000005a795        0xb 
 .text.ARCONTROLLER_Device_AddStateChangedCallback
                0x000000000005a7a0       0x61 /home/sunho/bebop_ws/devel/arsdk/out/arsdk-native/build/libARController/obj/gen/Sources/ARCONTROLLER_Device.c.o
                0x000000000005a7a0                ARCONTROLLER_Device_AddStateChangedCallback
 *fill*         0x000000000005a801        0xf 
 .text.ARCONTROLLER_Device_AddExtensionCallbackInList
                0x000000000005a810       0x75 /home/sunho/bebop_ws/devel/arsdk/out/arsdk-native/build/libARController/obj/gen/Sources/ARCONTROLLER_Device.c.o
                0x000000000005a810                ARCONTROLLER_Device_AddExtensionCallbackInList
 *fill*         0x000000000005a885        0xb 
 .text.ARCONTROLLER_Device_AddExtensionStateChangedCallback
                0x000000000005a890       0x61 /home/sunho/bebop_ws/devel/arsdk/out/arsdk-native/build/libARController/obj/gen/Sources/ARCONTROLLER_Device.c.o
                0x000000000005a890                ARCONTROLLER_Device_AddExtensionStateChangedCallback
 *fill*         0x000000000005a8f1        0xf 
 .text.ARCONTROLLER_Device_RemoveCallbackFromList
                0x000000000005a900       0x82 /home/sunho/bebop_ws/devel/arsdk/out/arsdk-native/build/libARController/obj/gen/Sources/ARCONTROLLER_Device.c.o
                0x000000000005a900                ARCONTROLLER_Device_RemoveCallbackFromList
 *fill*         0x000000000005a982        0xe 
 .text.ARCONTROLLER_Device_RemoveStateChangedCallback
                0x000000000005a990       0x61 /home/sunho/bebop_ws/devel/arsdk/out/arsdk-native/build/libARController/obj/gen/Sources/ARCONTROLLER_Device.c.o
                0x000000000005a990                ARCONTROLLER_Device_RemoveStateChangedCallback
 *fill*         0x000000000005a9f1        0xf 
 .text.ARCONTROLLER_Device_RemoveExtensionCallbackFromList
                0x000000000005aa00       0x82 /home/sunho/bebop_ws/devel/arsdk/out/arsdk-native/build/libARController/obj/gen/Sources/ARCONTROLLER_Device.c.o
                0x000000000005aa00                ARCONTROLLER_Device_RemoveExtensionCallbackFromList
 *fill*         0x000000000005aa82        0xe 
 .text.ARCONTROLLER_Device_DeleteCallbackList
                0x000000000005aa90       0x6f /home/sunho/bebop_ws/devel/arsdk/out/arsdk-native/build/libARController/obj/gen/Sources/ARCONTROLLER_Device.c.o
                0x000000000005aa90                ARCONTROLLER_Device_DeleteCallbackList
 *fill*         0x000000000005aaff        0x1 
 .text.ARCONTROLLER_Device_DeleteExtensionCallbackList
                0x000000000005ab00       0x6f /home/sunho/bebop_ws/devel/arsdk/out/arsdk-native/build/libARController/obj/gen/Sources/ARCONTROLLER_Device.c.o
                0x000000000005ab00                ARCONTROLLER_Device_DeleteExtensionCallbackList
 *fill*         0x000000000005ab6f        0x1 
 .text.ARCONTROLLER_Device_DeleteExtension
                0x000000000005ab70      0x362 /home/sunho/bebop_ws/devel/arsdk/out/arsdk-native/build/libARController/obj/gen/Sources/ARCONTROLLER_Device.c.o
                0x000000000005ab70                ARCONTROLLER_Device_DeleteExtension
 *fill*         0x000000000005aed2        0xe 
 .text.ARCONTROLLER_Device_Delete
                0x000000000005aee0      0x277 /home/sunho/bebop_ws/devel/arsdk/out/arsdk-native/build/libARController/obj/gen/Sources/ARCONTROLLER_Device.c.o
                0x000000000005aee0                ARCONTROLLER_Device_Delete
 *fill*         0x000000000005b157        0x9 
 .text.ARCONTROLLER_Device_New
                0x000000000005b160      0x592 /home/sunho/bebop_ws/devel/arsdk/out/arsdk-native/build/libARController/obj/gen/Sources/ARCONTROLLER_Device.c.o
                0x000000000005b160                ARCONTROLLER_Device_New
 *fill*         0x000000000005b6f2        0xe 
 .text.ARCONTROLLER_Device_NotifyAllCallbackInList
                0x000000000005b700       0x3c /home/sunho/bebop_ws/devel/arsdk/out/arsdk-native/build/libARController/obj/gen/Sources/ARCONTROLLER_Device.c.o
                0x000000000005b700                ARCONTROLLER_Device_NotifyAllCallbackInList
 *fill*         0x000000000005b73c        0x4 
 .text.ARCONTROLLER_Device_NotifyAllExtensionCallbackInList
                0x000000000005b740       0x4f /home/sunho/bebop_ws/devel/arsdk/out/arsdk-native/build/libARController/obj/gen/Sources/ARCONTROLLER_Device.c.o
                0x000000000005b740                ARCONTROLLER_Device_NotifyAllExtensionCallbackInList
 *fill*         0x000000000005b78f        0x1 
 .text.ARCONTROLLER_Device_SetState
                0x000000000005b790       0x49 /home/sunho/bebop_ws/devel/arsdk/out/arsdk-native/build/libARController/obj/gen/Sources/ARCONTROLLER_Device.c.o
                0x000000000005b790                ARCONTROLLER_Device_SetState
 *fill*         0x000000000005b7d9        0x7 
 .text.ARCONTROLLER_Device_Start
                0x000000000005b7e0      0x12f /home/sunho/bebop_ws/devel/arsdk/out/arsdk-native/build/libARController/obj/gen/Sources/ARCONTROLLER_Device.c.o
                0x000000000005b7e0                ARCONTROLLER_Device_Start
 *fill*         0x000000000005b90f        0x1 
 .text.ARCONTROLLER_Device_Stop
                0x000000000005b910      0x194 /home/sunho/bebop_ws/devel/arsdk/out/arsdk-native/build/libARController/obj/gen/Sources/ARCONTROLLER_Device.c.o
                0x000000000005b910                ARCONTROLLER_Device_Stop
 *fill*         0x000000000005baa4        0xc 
 .text.ARCONTROLLER_Device_OnDisconnectCallback
                0x000000000005bab0       0x1a /home/sunho/bebop_ws/devel/arsdk/out/arsdk-native/build/libARController/obj/gen/Sources/ARCONTROLLER_Device.c.o
                0x000000000005bab0                ARCONTROLLER_Device_OnDisconnectCallback
 *fill*         0x000000000005baca        0x6 
 .text.ARCONTROLLER_Device_StopRun
                0x000000000005bad0      0x235 /home/sunho/bebop_ws/devel/arsdk/out/arsdk-native/build/libARController/obj/gen/Sources/ARCONTROLLER_Device.c.o
                0x000000000005bad0                ARCONTROLLER_Device_StopRun
 *fill*         0x000000000005bd05        0xb 
 .text.ARCONTROLLER_Device_StartRun
                0x000000000005bd10      0x2e1 /home/sunho/bebop_ws/devel/arsdk/out/arsdk-native/build/libARController/obj/gen/Sources/ARCONTROLLER_Device.c.o
                0x000000000005bd10                ARCONTROLLER_Device_StartRun
 *fill*         0x000000000005bff1        0xf 
 .text.ARCONTROLLER_Device_SetExtensionState
                0x000000000005c000       0x54 /home/sunho/bebop_ws/devel/arsdk/out/arsdk-native/build/libARController/obj/gen/Sources/ARCONTROLLER_Device.c.o
                0x000000000005c000                ARCONTROLLER_Device_SetExtensionState
 *fill*         0x000000000005c054        0xc 
 .text.ARCONTROLLER_Device_ExtensionStopRun
                0x000000000005c060      0x2aa /home/sunho/bebop_ws/devel/arsdk/out/arsdk-native/build/libARController/obj/gen/Sources/ARCONTROLLER_Device.c.o
                0x000000000005c060                ARCONTROLLER_Device_ExtensionStopRun
 *fill*         0x000000000005c30a        0x6 
 .text.ARCONTROLLER_Device_OnSkyControllerConnectionChangedReceived
                0x000000000005c310      0xd2d /home/sunho/bebop_ws/devel/arsdk/out/arsdk-native/build/libARController/obj/gen/Sources/ARCONTROLLER_Device.c.o
                0x000000000005c310                ARCONTROLLER_Device_OnSkyControllerConnectionChangedReceived
 *fill*         0x000000000005d03d        0x3 
 .text.ARCONTROLLER_Device_DictionaryChangedCallback
                0x000000000005d040      0x19e /home/sunho/bebop_ws/devel/arsdk/out/arsdk-native/build/libARController/obj/gen/Sources/ARCONTROLLER_Device.c.o
                0x000000000005d040                ARCONTROLLER_Device_DictionaryChangedCallback
 *fill*         0x000000000005d1de        0x2 
 .text.ARCONTROLLER_Device_ExtensionStartRun
                0x000000000005d1e0      0x2c7 /home/sunho/bebop_ws/devel/arsdk/out/arsdk-native/build/libARController/obj/gen/Sources/ARCONTROLLER_Device.c.o
                0x000000000005d1e0                ARCONTROLLER_Device_ExtensionStartRun
 *fill*         0x000000000005d4a7        0x9 
 .text.ARCONTROLLER_DICTIONARY_Key_GetFeatureFromCommandKey
                0x000000000005d4b0       0xb7 /home/sunho/bebop_ws/devel/arsdk/out/arsdk-native/build/libARController/obj/gen/Sources/ARCONTROLLER_DICTIONARY_Key.c.o
                0x000000000005d4b0                ARCONTROLLER_DICTIONARY_Key_GetFeatureFromCommandKey
 *fill*         0x000000000005d567        0x9 
 .text.ARCONTROLLER_Error_ToString
                0x000000000005d570      0x3d8 /home/sunho/bebop_ws/devel/arsdk/out/arsdk-native/build/libARController/obj/gen/Sources/ARCONTROLLER_Error.c.o
                0x000000000005d570                ARCONTROLLER_Error_ToString
 *fill*         0x000000000005d948        0x8 
 .text.ARCONTROLLER_FEATURE_ARDrone3_SetPilotingPCMDFlag
                0x000000000005d950       0x26 /home/sunho/bebop_ws/devel/arsdk/out/arsdk-native/build/libARController/obj/gen/Sources/ARCONTROLLER_Feature.c.o
                0x000000000005d950                ARCONTROLLER_FEATURE_ARDrone3_SetPilotingPCMDFlag
 *fill*         0x000000000005d976        0xa 
 .text.ARCONTROLLER_FEATURE_ARDrone3_SetPilotingPCMDRoll
                0x000000000005d980       0x2e /home/sunho/bebop_ws/devel/arsdk/out/arsdk-native/build/libARController/obj/gen/Sources/ARCONTROLLER_Feature.c.o
                0x000000000005d980                ARCONTROLLER_FEATURE_ARDrone3_SetPilotingPCMDRoll
 *fill*         0x000000000005d9ae        0x2 
 .text.ARCONTROLLER_FEATURE_ARDrone3_SetPilotingPCMDPitch
                0x000000000005d9b0       0x2e /home/sunho/bebop_ws/devel/arsdk/out/arsdk-native/build/libARController/obj/gen/Sources/ARCONTROLLER_Feature.c.o
                0x000000000005d9b0                ARCONTROLLER_FEATURE_ARDrone3_SetPilotingPCMDPitch
 *fill*         0x000000000005d9de        0x2 
 .text.ARCONTROLLER_FEATURE_ARDrone3_SetPilotingPCMDYaw
                0x000000000005d9e0       0x2e /home/sunho/bebop_ws/devel/arsdk/out/arsdk-native/build/libARController/obj/gen/Sources/ARCONTROLLER_Feature.c.o
                0x000000000005d9e0                ARCONTROLLER_FEATURE_ARDrone3_SetPilotingPCMDYaw
 *fill*         0x000000000005da0e        0x2 
 .text.ARCONTROLLER_FEATURE_ARDrone3_SetPilotingPCMDGaz
                0x000000000005da10       0x2e /home/sunho/bebop_ws/devel/arsdk/out/arsdk-native/build/libARController/obj/gen/Sources/ARCONTROLLER_Feature.c.o
                0x000000000005da10                ARCONTROLLER_FEATURE_ARDrone3_SetPilotingPCMDGaz
 *fill*         0x000000000005da3e        0x2 
 .text.ARCONTROLLER_FEATURE_ARDrone3_SetPilotingPCMDTimestampAndSeqNum
                0x000000000005da40       0x26 /home/sunho/bebop_ws/devel/arsdk/out/arsdk-native/build/libARController/obj/gen/Sources/ARCONTROLLER_Feature.c.o
                0x000000000005da40                ARCONTROLLER_FEATURE_ARDrone3_SetPilotingPCMDTimestampAndSeqNum
 *fill*         0x000000000005da66        0xa 
 .text.ARCONTROLLER_FEATURE_ARDrone3_SetCameraOrientationTilt
                0x000000000005da70       0x26 /home/sunho/bebop_ws/devel/arsdk/out/arsdk-native/build/libARController/obj/gen/Sources/ARCONTROLLER_Feature.c.o
                0x000000000005da70                ARCONTROLLER_FEATURE_ARDrone3_SetCameraOrientationTilt
 *fill*         0x000000000005da96        0xa 
 .text.ARCONTROLLER_FEATURE_ARDrone3_SetCameraOrientationPan
                0x000000000005daa0       0x2e /home/sunho/bebop_ws/devel/arsdk/out/arsdk-native/build/libARController/obj/gen/Sources/ARCONTROLLER_Feature.c.o
                0x000000000005daa0                ARCONTROLLER_FEATURE_ARDrone3_SetCameraOrientationPan
 *fill*         0x000000000005dace        0x2 
 .text.ARCONTROLLER_FEATURE_JumpingSumo_SetPilotingPCMDFlag
                0x000000000005dad0       0x26 /home/sunho/bebop_ws/devel/arsdk/out/arsdk-native/build/libARController/obj/gen/Sources/ARCONTROLLER_Feature.c.o
                0x000000000005dad0                ARCONTROLLER_FEATURE_JumpingSumo_SetPilotingPCMDFlag
 *fill*         0x000000000005daf6        0xa 
 .text.ARCONTROLLER_FEATURE_JumpingSumo_SetPilotingPCMDSpeed
                0x000000000005db00       0x2e /home/sunho/bebop_ws/devel/arsdk/out/arsdk-native/build/libARController/obj/gen/Sources/ARCONTROLLER_Feature.c.o
                0x000000000005db00                ARCONTROLLER_FEATURE_JumpingSumo_SetPilotingPCMDSpeed
 *fill*         0x000000000005db2e        0x2 
 .text.ARCONTROLLER_FEATURE_JumpingSumo_SetPilotingPCMDTurn
                0x000000000005db30       0x2e /home/sunho/bebop_ws/devel/arsdk/out/arsdk-native/build/libARController/obj/gen/Sources/ARCONTROLLER_Feature.c.o
                0x000000000005db30                ARCONTROLLER_FEATURE_JumpingSumo_SetPilotingPCMDTurn
 *fill*         0x000000000005db5e        0x2 
 .text.ARCONTROLLER_FEATURE_MiniDrone_SetPilotingPCMDFlag
                0x000000000005db60       0x26 /home/sunho/bebop_ws/devel/arsdk/out/arsdk-native/build/libARController/obj/gen/Sources/ARCONTROLLER_Feature.c.o
                0x000000000005db60                ARCONTROLLER_FEATURE_MiniDrone_SetPilotingPCMDFlag
 *fill*         0x000000000005db86        0xa 
 .text.ARCONTROLLER_FEATURE_MiniDrone_SetPilotingPCMDRoll
                0x000000000005db90       0x2e /home/sunho/bebop_ws/devel/arsdk/out/arsdk-native/build/libARController/obj/gen/Sources/ARCONTROLLER_Feature.c.o
                0x000000000005db90                ARCONTROLLER_FEATURE_MiniDrone_SetPilotingPCMDRoll
 *fill*         0x000000000005dbbe        0x2 
 .text.ARCONTROLLER_FEATURE_MiniDrone_SetPilotingPCMDPitch
                0x000000000005dbc0       0x2e /home/sunho/bebop_ws/devel/arsdk/out/arsdk-native/build/libARController/obj/gen/Sources/ARCONTROLLER_Feature.c.o
                0x000000000005dbc0                ARCONTROLLER_FEATURE_MiniDrone_SetPilotingPCMDPitch
 *fill*         0x000000000005dbee        0x2 
 .text.ARCONTROLLER_FEATURE_MiniDrone_SetPilotingPCMDYaw
                0x000000000005dbf0       0x2e /home/sunho/bebop_ws/devel/arsdk/out/arsdk-native/build/libARController/obj/gen/Sources/ARCONTROLLER_Feature.c.o
                0x000000000005dbf0                ARCONTROLLER_FEATURE_MiniDrone_SetPilotingPCMDYaw
 *fill*         0x000000000005dc1e        0x2 
 .text.ARCONTROLLER_FEATURE_MiniDrone_SetPilotingPCMDGaz
                0x000000000005dc20       0x2e /home/sunho/bebop_ws/devel/arsdk/out/arsdk-native/build/libARController/obj/gen/Sources/ARCONTROLLER_Feature.c.o
                0x000000000005dc20                ARCONTROLLER_FEATURE_MiniDrone_SetPilotingPCMDGaz
 *fill*         0x000000000005dc4e        0x2 
 .text.ARCONTROLLER_FEATURE_MiniDrone_SetPilotingPCMDTimestamp
                0x000000000005dc50       0x26 /home/sunho/bebop_ws/devel/arsdk/out/arsdk-native/build/libARController/obj/gen/Sources/ARCONTROLLER_Feature.c.o
                0x000000000005dc50                ARCONTROLLER_FEATURE_MiniDrone_SetPilotingPCMDTimestamp
 *fill*         0x000000000005dc76        0xa 
 .text.ARCONTROLLER_FEATURE_Powerup_SetPilotingPCMDFlag
                0x000000000005dc80       0x26 /home/sunho/bebop_ws/devel/arsdk/out/arsdk-native/build/libARController/obj/gen/Sources/ARCONTROLLER_Feature.c.o
                0x000000000005dc80                ARCONTROLLER_FEATURE_Powerup_SetPilotingPCMDFlag
 *fill*         0x000000000005dca6        0xa 
 .text.ARCONTROLLER_FEATURE_Powerup_SetPilotingPCMDThrottle
                0x000000000005dcb0       0x2e /home/sunho/bebop_ws/devel/arsdk/out/arsdk-native/build/libARController/obj/gen/Sources/ARCONTROLLER_Feature.c.o
                0x000000000005dcb0                ARCONTROLLER_FEATURE_Powerup_SetPilotingPCMDThrottle
 *fill*         0x000000000005dcde        0x2 
 .text.ARCONTROLLER_FEATURE_Powerup_SetPilotingPCMDRoll
                0x000000000005dce0       0x2e /home/sunho/bebop_ws/devel/arsdk/out/arsdk-native/build/libARController/obj/gen/Sources/ARCONTROLLER_Feature.c.o
                0x000000000005dce0                ARCONTROLLER_FEATURE_Powerup_SetPilotingPCMDRoll
 *fill*         0x000000000005dd0e        0x2 
 .text.ARCONTROLLER_FEATURE_Generic_SendDefault
                0x000000000005dd10       0xa9 /home/sunho/bebop_ws/devel/arsdk/out/arsdk-native/build/libARController/obj/gen/Sources/ARCONTROLLER_Feature.c.o
                0x000000000005dd10                ARCONTROLLER_FEATURE_Generic_SendDefault
 *fill*         0x000000000005ddb9        0x7 
 .text.ARCONTROLLER_FEATURE_ARDrone3_SendPilotingFlatTrim
                0x000000000005ddc0       0xac /home/sunho/bebop_ws/devel/arsdk/out/arsdk-native/build/libARController/obj/gen/Sources/ARCONTROLLER_Feature.c.o
                0x000000000005ddc0                ARCONTROLLER_FEATURE_ARDrone3_SendPilotingFlatTrim
 *fill*         0x000000000005de6c        0x4 
 .text.ARCONTROLLER_FEATURE_ARDrone3_SendPilotingTakeOff
                0x000000000005de70       0xac /home/sunho/bebop_ws/devel/arsdk/out/arsdk-native/build/libARController/obj/gen/Sources/ARCONTROLLER_Feature.c.o
                0x000000000005de70                ARCONTROLLER_FEATURE_ARDrone3_SendPilotingTakeOff
 *fill*         0x000000000005df1c        0x4 
 .text.ARCONTROLLER_FEATURE_ARDrone3_SendPilotingPCMD
                0x000000000005df20       0xda /home/sunho/bebop_ws/devel/arsdk/out/arsdk-native/build/libARController/obj/gen/Sources/ARCONTROLLER_Feature.c.o
                0x000000000005df20                ARCONTROLLER_FEATURE_ARDrone3_SendPilotingPCMD
 *fill*         0x000000000005dffa        0x6 
 .text.ARCONTROLLER_FEATURE_ARDrone3_SendPilotingLanding
                0x000000000005e000       0xac /home/sunho/bebop_ws/devel/arsdk/out/arsdk-native/build/libARController/obj/gen/Sources/ARCONTROLLER_Feature.c.o
                0x000000000005e000                ARCONTROLLER_FEATURE_ARDrone3_SendPilotingLanding
 *fill*         0x000000000005e0ac        0x4 
 .text.ARCONTROLLER_FEATURE_ARDrone3_SendPilotingEmergency
                0x000000000005e0b0       0xaf /home/sunho/bebop_ws/devel/arsdk/out/arsdk-native/build/libARController/obj/gen/Sources/ARCONTROLLER_Feature.c.o
                0x000000000005e0b0                ARCONTROLLER_FEATURE_ARDrone3_SendPilotingEmergency
 *fill*         0x000000000005e15f        0x1 
 .text.ARCONTROLLER_FEATURE_ARDrone3_SendPilotingNavigateHome
                0x000000000005e160       0xac /home/sunho/bebop_ws/devel/arsdk/out/arsdk-native/build/libARController/obj/gen/Sources/ARCONTROLLER_Feature.c.o
                0x000000000005e160                ARCONTROLLER_FEATURE_ARDrone3_SendPilotingNavigateHome
 *fill*         0x000000000005e20c        0x4 
 .text.ARCONTROLLER_FEATURE_ARDrone3_SendPilotingAutoTakeOffMode
                0x000000000005e210       0xac /home/sunho/bebop_ws/devel/arsdk/out/arsdk-native/build/libARController/obj/gen/Sources/ARCONTROLLER_Feature.c.o
                0x000000000005e210                ARCONTROLLER_FEATURE_ARDrone3_SendPilotingAutoTakeOffMode
 *fill*         0x000000000005e2bc        0x4 
 .text.ARCONTROLLER_FEATURE_ARDrone3_SendPilotingMoveBy
                0x000000000005e2c0       0xac /home/sunho/bebop_ws/devel/arsdk/out/arsdk-native/build/libARController/obj/gen/Sources/ARCONTROLLER_Feature.c.o
                0x000000000005e2c0                ARCONTROLLER_FEATURE_ARDrone3_SendPilotingMoveBy
 *fill*         0x000000000005e36c        0x4 
 .text.ARCONTROLLER_FEATURE_ARDrone3_SendPilotingUserTakeOff
                0x000000000005e370       0xac /home/sunho/bebop_ws/devel/arsdk/out/arsdk-native/build/libARController/obj/gen/Sources/ARCONTROLLER_Feature.c.o
                0x000000000005e370                ARCONTROLLER_FEATURE_ARDrone3_SendPilotingUserTakeOff
 *fill*         0x000000000005e41c        0x4 
 .text.ARCONTROLLER_FEATURE_ARDrone3_SendPilotingCircle
                0x000000000005e420       0xac /home/sunho/bebop_ws/devel/arsdk/out/arsdk-native/build/libARController/obj/gen/Sources/ARCONTROLLER_Feature.c.o
                0x000000000005e420                ARCONTROLLER_FEATURE_ARDrone3_SendPilotingCircle
 *fill*         0x000000000005e4cc        0x4 
 .text.ARCONTROLLER_FEATURE_ARDrone3_SendAnimationsFlip
                0x000000000005e4d0       0xac /home/sunho/bebop_ws/devel/arsdk/out/arsdk-native/build/libARController/obj/gen/Sources/ARCONTROLLER_Feature.c.o
                0x000000000005e4d0                ARCONTROLLER_FEATURE_ARDrone3_SendAnimationsFlip
 *fill*         0x000000000005e57c        0x4 
 .text.ARCONTROLLER_FEATURE_ARDrone3_SendCameraOrientation
                0x000000000005e580       0xba /home/sunho/bebop_ws/devel/arsdk/out/arsdk-native/build/libARController/obj/gen/Sources/ARCONTROLLER_Feature.c.o
                0x000000000005e580                ARCONTROLLER_FEATURE_ARDrone3_SendCameraOrientation
 *fill*         0x000000000005e63a        0x6 
 .text.ARCONTROLLER_FEATURE_ARDrone3_SendMediaRecordPicture
                0x000000000005e640       0xac /home/sunho/bebop_ws/devel/arsdk/out/arsdk-native/build/libARController/obj/gen/Sources/ARCONTROLLER_Feature.c.o
                0x000000000005e640                ARCONTROLLER_FEATURE_ARDrone3_SendMediaRecordPicture
 *fill*         0x000000000005e6ec        0x4 
 .text.ARCONTROLLER_FEATURE_ARDrone3_SendMediaRecordVideo
                0x000000000005e6f0       0xb5 /home/sunho/bebop_ws/devel/arsdk/out/arsdk-native/build/libARController/obj/gen/Sources/ARCONTROLLER_Feature.c.o
                0x000000000005e6f0                ARCONTROLLER_FEATURE_ARDrone3_SendMediaRecordVideo
 *fill*         0x000000000005e7a5        0xb 
 .text.ARCONTROLLER_FEATURE_ARDrone3_SendMediaRecordPictureV2
                0x000000000005e7b0       0xac /home/sunho/bebop_ws/devel/arsdk/out/arsdk-native/build/libARController/obj/gen/Sources/ARCONTROLLER_Feature.c.o
                0x000000000005e7b0                ARCONTROLLER_FEATURE_ARDrone3_SendMediaRecordPictureV2
 *fill*         0x000000000005e85c        0x4 
 .text.ARCONTROLLER_FEATURE_ARDrone3_SendMediaRecordVideoV2
                0x000000000005e860       0xac /home/sunho/bebop_ws/devel/arsdk/out/arsdk-native/build/libARController/obj/gen/Sources/ARCONTROLLER_Feature.c.o
                0x000000000005e860                ARCONTROLLER_FEATURE_ARDrone3_SendMediaRecordVideoV2
 *fill*         0x000000000005e90c        0x4 
 .text.ARCONTROLLER_FEATURE_ARDrone3_SendNetworkWifiScan
                0x000000000005e910       0xac /home/sunho/bebop_ws/devel/arsdk/out/arsdk-native/build/libARController/obj/gen/Sources/ARCONTROLLER_Feature.c.o
                0x000000000005e910                ARCONTROLLER_FEATURE_ARDrone3_SendNetworkWifiScan
 *fill*         0x000000000005e9bc        0x4 
 .text.ARCONTROLLER_FEATURE_ARDrone3_SendNetworkWifiAuthChannel
                0x000000000005e9c0       0xac /home/sunho/bebop_ws/devel/arsdk/out/arsdk-native/build/libARController/obj/gen/Sources/ARCONTROLLER_Feature.c.o
                0x000000000005e9c0                ARCONTROLLER_FEATURE_ARDrone3_SendNetworkWifiAuthChannel
 *fill*         0x000000000005ea6c        0x4 
 .text.ARCONTROLLER_FEATURE_ARDrone3_SendPilotingSettingsMaxAltitude
                0x000000000005ea70       0xac /home/sunho/bebop_ws/devel/arsdk/out/arsdk-native/build/libARController/obj/gen/Sources/ARCONTROLLER_Feature.c.o
                0x000000000005ea70                ARCONTROLLER_FEATURE_ARDrone3_SendPilotingSettingsMaxAltitude
 *fill*         0x000000000005eb1c        0x4 
 .text.ARCONTROLLER_FEATURE_ARDrone3_SendPilotingSettingsMaxTilt
                0x000000000005eb20       0xac /home/sunho/bebop_ws/devel/arsdk/out/arsdk-native/build/libARController/obj/gen/Sources/ARCONTROLLER_Feature.c.o
                0x000000000005eb20                ARCONTROLLER_FEATURE_ARDrone3_SendPilotingSettingsMaxTilt
 *fill*         0x000000000005ebcc        0x4 
 .text.ARCONTROLLER_FEATURE_ARDrone3_SendPilotingSettingsAbsolutControl
                0x000000000005ebd0       0xac /home/sunho/bebop_ws/devel/arsdk/out/arsdk-native/build/libARController/obj/gen/Sources/ARCONTROLLER_Feature.c.o
                0x000000000005ebd0                ARCONTROLLER_FEATURE_ARDrone3_SendPilotingSettingsAbsolutControl
 *fill*         0x000000000005ec7c        0x4 
 .text.ARCONTROLLER_FEATURE_ARDrone3_SendPilotingSettingsMaxDistance
                0x000000000005ec80       0xac /home/sunho/bebop_ws/devel/arsdk/out/arsdk-native/build/libARController/obj/gen/Sources/ARCONTROLLER_Feature.c.o
                0x000000000005ec80                ARCONTROLLER_FEATURE_ARDrone3_SendPilotingSettingsMaxDistance
 *fill*         0x000000000005ed2c        0x4 
 .text.ARCONTROLLER_FEATURE_ARDrone3_SendPilotingSettingsNoFlyOverMaxDistance
                0x000000000005ed30       0xac /home/sunho/bebop_ws/devel/arsdk/out/arsdk-native/build/libARController/obj/gen/Sources/ARCONTROLLER_Feature.c.o
                0x000000000005ed30                ARCONTROLLER_FEATURE_ARDrone3_SendPilotingSettingsNoFlyOverMaxDistance
 *fill*         0x000000000005eddc        0x4 
 .text.ARCONTROLLER_FEATURE_ARDrone3_SendPilotingSettingsSetAutonomousFlightMaxHorizontalSpeed
                0x000000000005ede0       0xac /home/sunho/bebop_ws/devel/arsdk/out/arsdk-native/build/libARController/obj/gen/Sources/ARCONTROLLER_Feature.c.o
                0x000000000005ede0                ARCONTROLLER_FEATURE_ARDrone3_SendPilotingSettingsSetAutonomousFlightMaxHorizontalSpeed
 *fill*         0x000000000005ee8c        0x4 
 .text.ARCONTROLLER_FEATURE_ARDrone3_SendPilotingSettingsSetAutonomousFlightMaxVerticalSpeed
                0x000000000005ee90       0xac /home/sunho/bebop_ws/devel/arsdk/out/arsdk-native/build/libARController/obj/gen/Sources/ARCONTROLLER_Feature.c.o
                0x000000000005ee90                ARCONTROLLER_FEATURE_ARDrone3_SendPilotingSettingsSetAutonomousFlightMaxVerticalSpeed
 *fill*         0x000000000005ef3c        0x4 
 .text.ARCONTROLLER_FEATURE_ARDrone3_SendPilotingSettingsSetAutonomousFlightMaxHorizontalAcceleration
                0x000000000005ef40       0xac /home/sunho/bebop_ws/devel/arsdk/out/arsdk-native/build/libARController/obj/gen/Sources/ARCONTROLLER_Feature.c.o
                0x000000000005ef40                ARCONTROLLER_FEATURE_ARDrone3_SendPilotingSettingsSetAutonomousFlightMaxHorizontalAcceleration
 *fill*         0x000000000005efec        0x4 
 .text.ARCONTROLLER_FEATURE_ARDrone3_SendPilotingSettingsSetAutonomousFlightMaxVerticalAcceleration
                0x000000000005eff0       0xac /home/sunho/bebop_ws/devel/arsdk/out/arsdk-native/build/libARController/obj/gen/Sources/ARCONTROLLER_Feature.c.o
                0x000000000005eff0                ARCONTROLLER_FEATURE_ARDrone3_SendPilotingSettingsSetAutonomousFlightMaxVerticalAcceleration
 *fill*         0x000000000005f09c        0x4 
 .text.ARCONTROLLER_FEATURE_ARDrone3_SendPilotingSettingsSetAutonomousFlightMaxRotationSpeed
                0x000000000005f0a0       0xac /home/sunho/bebop_ws/devel/arsdk/out/arsdk-native/build/libARController/obj/gen/Sources/ARCONTROLLER_Feature.c.o
                0x000000000005f0a0                ARCONTROLLER_FEATURE_ARDrone3_SendPilotingSettingsSetAutonomousFlightMaxRotationSpeed
 *fill*         0x000000000005f14c        0x4 
 .text.ARCONTROLLER_FEATURE_ARDrone3_SendPilotingSettingsBankedTurn
                0x000000000005f150       0xac /home/sunho/bebop_ws/devel/arsdk/out/arsdk-native/build/libARController/obj/gen/Sources/ARCONTROLLER_Feature.c.o
                0x000000000005f150                ARCONTROLLER_FEATURE_ARDrone3_SendPilotingSettingsBankedTurn
 *fill*         0x000000000005f1fc        0x4 
 .text.ARCONTROLLER_FEATURE_ARDrone3_SendPilotingSettingsMinAltitude
                0x000000000005f200       0xac /home/sunho/bebop_ws/devel/arsdk/out/arsdk-native/build/libARController/obj/gen/Sources/ARCONTROLLER_Feature.c.o
                0x000000000005f200                ARCONTROLLER_FEATURE_ARDrone3_SendPilotingSettingsMinAltitude
 *fill*         0x000000000005f2ac        0x4 
 .text.ARCONTROLLER_FEATURE_ARDrone3_SendPilotingSettingsCirclingDirection
                0x000000000005f2b0       0xac /home/sunho/bebop_ws/devel/arsdk/out/arsdk-native/build/libARController/obj/gen/Sources/ARCONTROLLER_Feature.c.o
                0x000000000005f2b0                ARCONTROLLER_FEATURE_ARDrone3_SendPilotingSettingsCirclingDirection
 *fill*         0x000000000005f35c        0x4 
 .text.ARCONTROLLER_FEATURE_ARDrone3_SendPilotingSettingsCirclingRadius
                0x000000000005f360       0xac /home/sunho/bebop_ws/devel/arsdk/out/arsdk-native/build/libARController/obj/gen/Sources/ARCONTROLLER_Feature.c.o
                0x000000000005f360                ARCONTROLLER_FEATURE_ARDrone3_SendPilotingSettingsCirclingRadius
 *fill*         0x000000000005f40c        0x4 
 .text.ARCONTROLLER_FEATURE_ARDrone3_SendPilotingSettingsCirclingAltitude
                0x000000000005f410       0xac /home/sunho/bebop_ws/devel/arsdk/out/arsdk-native/build/libARController/obj/gen/Sources/ARCONTROLLER_Feature.c.o
                0x000000000005f410                ARCONTROLLER_FEATURE_ARDrone3_SendPilotingSettingsCirclingAltitude
 *fill*         0x000000000005f4bc        0x4 
 .text.ARCONTROLLER_FEATURE_ARDrone3_SendPilotingSettingsPitchMode
                0x000000000005f4c0       0xac /home/sunho/bebop_ws/devel/arsdk/out/arsdk-native/build/libARController/obj/gen/Sources/ARCONTROLLER_Feature.c.o
                0x000000000005f4c0                ARCONTROLLER_FEATURE_ARDrone3_SendPilotingSettingsPitchMode
 *fill*         0x000000000005f56c        0x4 
 .text.ARCONTROLLER_FEATURE_ARDrone3_SendSpeedSettingsMaxVerticalSpeed
                0x000000000005f570       0xac /home/sunho/bebop_ws/devel/arsdk/out/arsdk-native/build/libARController/obj/gen/Sources/ARCONTROLLER_Feature.c.o
                0x000000000005f570                ARCONTROLLER_FEATURE_ARDrone3_SendSpeedSettingsMaxVerticalSpeed
 *fill*         0x000000000005f61c        0x4 
 .text.ARCONTROLLER_FEATURE_ARDrone3_SendSpeedSettingsMaxRotationSpeed
                0x000000000005f620       0xac /home/sunho/bebop_ws/devel/arsdk/out/arsdk-native/build/libARController/obj/gen/Sources/ARCONTROLLER_Feature.c.o
                0x000000000005f620                ARCONTROLLER_FEATURE_ARDrone3_SendSpeedSettingsMaxRotationSpeed
 *fill*         0x000000000005f6cc        0x4 
 .text.ARCONTROLLER_FEATURE_ARDrone3_SendSpeedSettingsHullProtection
                0x000000000005f6d0       0xac /home/sunho/bebop_ws/devel/arsdk/out/arsdk-native/build/libARController/obj/gen/Sources/ARCONTROLLER_Feature.c.o
                0x000000000005f6d0                ARCONTROLLER_FEATURE_ARDrone3_SendSpeedSettingsHullProtection
 *fill*         0x000000000005f77c        0x4 
 .text.ARCONTROLLER_FEATURE_ARDrone3_SendSpeedSettingsOutdoor
                0x000000000005f780       0xac /home/sunho/bebop_ws/devel/arsdk/out/arsdk-native/build/libARController/obj/gen/Sources/ARCONTROLLER_Feature.c.o
                0x000000000005f780                ARCONTROLLER_FEATURE_ARDrone3_SendSpeedSettingsOutdoor
 *fill*         0x000000000005f82c        0x4 
 .text.ARCONTROLLER_FEATURE_ARDrone3_SendSpeedSettingsMaxPitchRollRotationSpeed
                0x000000000005f830       0xac /home/sunho/bebop_ws/devel/arsdk/out/arsdk-native/build/libARController/obj/gen/Sources/ARCONTROLLER_Feature.c.o
                0x000000000005f830                ARCONTROLLER_FEATURE_ARDrone3_SendSpeedSettingsMaxPitchRollRotationSpeed
 *fill*         0x000000000005f8dc        0x4 
 .text.ARCONTROLLER_FEATURE_ARDrone3_SendNetworkSettingsWifiSelection
                0x000000000005f8e0       0xb5 /home/sunho/bebop_ws/devel/arsdk/out/arsdk-native/build/libARController/obj/gen/Sources/ARCONTROLLER_Feature.c.o
                0x000000000005f8e0                ARCONTROLLER_FEATURE_ARDrone3_SendNetworkSettingsWifiSelection
 *fill*         0x000000000005f995        0xb 
 .text.ARCONTROLLER_FEATURE_ARDrone3_SendNetworkSettingsWifiSecurity
                0x000000000005f9a0       0xb5 /home/sunho/bebop_ws/devel/arsdk/out/arsdk-native/build/libARController/obj/gen/Sources/ARCONTROLLER_Feature.c.o
                0x000000000005f9a0                ARCONTROLLER_FEATURE_ARDrone3_SendNetworkSettingsWifiSecurity
 *fill*         0x000000000005fa55        0xb 
 .text.ARCONTROLLER_FEATURE_ARDrone3_SendPictureSettingsPictureFormatSelection
                0x000000000005fa60       0xac /home/sunho/bebop_ws/devel/arsdk/out/arsdk-native/build/libARController/obj/gen/Sources/ARCONTROLLER_Feature.c.o
                0x000000000005fa60                ARCONTROLLER_FEATURE_ARDrone3_SendPictureSettingsPictureFormatSelection
 *fill*         0x000000000005fb0c        0x4 
 .text.ARCONTROLLER_FEATURE_ARDrone3_SendPictureSettingsAutoWhiteBalanceSelection
                0x000000000005fb10       0xac /home/sunho/bebop_ws/devel/arsdk/out/arsdk-native/build/libARController/obj/gen/Sources/ARCONTROLLER_Feature.c.o
                0x000000000005fb10                ARCONTROLLER_FEATURE_ARDrone3_SendPictureSettingsAutoWhiteBalanceSelection
 *fill*         0x000000000005fbbc        0x4 
 .text.ARCONTROLLER_FEATURE_ARDrone3_SendPictureSettingsExpositionSelection
                0x000000000005fbc0       0xac /home/sunho/bebop_ws/devel/arsdk/out/arsdk-native/build/libARController/obj/gen/Sources/ARCONTROLLER_Feature.c.o
                0x000000000005fbc0                ARCONTROLLER_FEATURE_ARDrone3_SendPictureSettingsExpositionSelection
 *fill*         0x000000000005fc6c        0x4 
 .text.ARCONTROLLER_FEATURE_ARDrone3_SendPictureSettingsSaturationSelection
                0x000000000005fc70       0xac /home/sunho/bebop_ws/devel/arsdk/out/arsdk-native/build/libARController/obj/gen/Sources/ARCONTROLLER_Feature.c.o
                0x000000000005fc70                ARCONTROLLER_FEATURE_ARDrone3_SendPictureSettingsSaturationSelection
 *fill*         0x000000000005fd1c        0x4 
 .text.ARCONTROLLER_FEATURE_ARDrone3_SendPictureSettingsTimelapseSelection
                0x000000000005fd20       0xac /home/sunho/bebop_ws/devel/arsdk/out/arsdk-native/build/libARController/obj/gen/Sources/ARCONTROLLER_Feature.c.o
                0x000000000005fd20                ARCONTROLLER_FEATURE_ARDrone3_SendPictureSettingsTimelapseSelection
 *fill*         0x000000000005fdcc        0x4 
 .text.ARCONTROLLER_FEATURE_ARDrone3_SendPictureSettingsVideoAutorecordSelection
                0x000000000005fdd0       0xbd /home/sunho/bebop_ws/devel/arsdk/out/arsdk-native/build/libARController/obj/gen/Sources/ARCONTROLLER_Feature.c.o
                0x000000000005fdd0                ARCONTROLLER_FEATURE_ARDrone3_SendPictureSettingsVideoAutorecordSelection
 *fill*         0x000000000005fe8d        0x3 
 .text.ARCONTROLLER_FEATURE_ARDrone3_SendPictureSettingsVideoStabilizationMode
                0x000000000005fe90       0xac /home/sunho/bebop_ws/devel/arsdk/out/arsdk-native/build/libARController/obj/gen/Sources/ARCONTROLLER_Feature.c.o
                0x000000000005fe90                ARCONTROLLER_FEATURE_ARDrone3_SendPictureSettingsVideoStabilizationMode
 *fill*         0x000000000005ff3c        0x4 
 .text.ARCONTROLLER_FEATURE_ARDrone3_SendPictureSettingsVideoRecordingMode
                0x000000000005ff40       0xac /home/sunho/bebop_ws/devel/arsdk/out/arsdk-native/build/libARController/obj/gen/Sources/ARCONTROLLER_Feature.c.o
                0x000000000005ff40                ARCONTROLLER_FEATURE_ARDrone3_SendPictureSettingsVideoRecordingMode
 *fill*         0x000000000005ffec        0x4 
 .text.ARCONTROLLER_FEATURE_ARDrone3_SendPictureSettingsVideoFramerate
                0x000000000005fff0       0xac /home/sunho/bebop_ws/devel/arsdk/out/arsdk-native/build/libARController/obj/gen/Sources/ARCONTROLLER_Feature.c.o
                0x000000000005fff0                ARCONTROLLER_FEATURE_ARDrone3_SendPictureSettingsVideoFramerate
 *fill*         0x000000000006009c        0x4 
 .text.ARCONTROLLER_FEATURE_ARDrone3_SendPictureSettingsVideoResolutions
                0x00000000000600a0       0xac /home/sunho/bebop_ws/devel/arsdk/out/arsdk-native/build/libARController/obj/gen/Sources/ARCONTROLLER_Feature.c.o
                0x00000000000600a0                ARCONTROLLER_FEATURE_ARDrone3_SendPictureSettingsVideoResolutions
 *fill*         0x000000000006014c        0x4 
 .text.ARCONTROLLER_FEATURE_ARDrone3_SendMediaStreamingVideoEnable
                0x0000000000060150       0xac /home/sunho/bebop_ws/devel/arsdk/out/arsdk-native/build/libARController/obj/gen/Sources/ARCONTROLLER_Feature.c.o
                0x0000000000060150                ARCONTROLLER_FEATURE_ARDrone3_SendMediaStreamingVideoEnable
 *fill*         0x00000000000601fc        0x4 
 .text.ARCONTROLLER_FEATURE_ARDrone3_SendMediaStreamingVideoStreamMode
                0x0000000000060200       0xac /home/sunho/bebop_ws/devel/arsdk/out/arsdk-native/build/libARController/obj/gen/Sources/ARCONTROLLER_Feature.c.o
                0x0000000000060200                ARCONTROLLER_FEATURE_ARDrone3_SendMediaStreamingVideoStreamMode
 *fill*         0x00000000000602ac        0x4 
 .text.ARCONTROLLER_FEATURE_ARDrone3_SendGPSSettingsSetHome
                0x00000000000602b0       0xac /home/sunho/bebop_ws/devel/arsdk/out/arsdk-native/build/libARController/obj/gen/Sources/ARCONTROLLER_Feature.c.o
                0x00000000000602b0                ARCONTROLLER_FEATURE_ARDrone3_SendGPSSettingsSetHome
 *fill*         0x000000000006035c        0x4 
 .text.ARCONTROLLER_FEATURE_ARDrone3_SendGPSSettingsResetHome
                0x0000000000060360       0xac /home/sunho/bebop_ws/devel/arsdk/out/arsdk-native/build/libARController/obj/gen/Sources/ARCONTROLLER_Feature.c.o
                0x0000000000060360                ARCONTROLLER_FEATURE_ARDrone3_SendGPSSettingsResetHome
 *fill*         0x000000000006040c        0x4 
 .text.ARCONTROLLER_FEATURE_ARDrone3_SendGPSSettingsSendControllerGPS
                0x0000000000060410       0xac /home/sunho/bebop_ws/devel/arsdk/out/arsdk-native/build/libARController/obj/gen/Sources/ARCONTROLLER_Feature.c.o
                0x0000000000060410                ARCONTROLLER_FEATURE_ARDrone3_SendGPSSettingsSendControllerGPS
 *fill*         0x00000000000604bc        0x4 
 .text.ARCONTROLLER_FEATURE_ARDrone3_SendGPSSettingsHomeType
                0x00000000000604c0       0xac /home/sunho/bebop_ws/devel/arsdk/out/arsdk-native/build/libARController/obj/gen/Sources/ARCONTROLLER_Feature.c.o
                0x00000000000604c0                ARCONTROLLER_FEATURE_ARDrone3_SendGPSSettingsHomeType
 *fill*         0x000000000006056c        0x4 
 .text.ARCONTROLLER_FEATURE_ARDrone3_SendGPSSettingsReturnHomeDelay
                0x0000000000060570       0xac /home/sunho/bebop_ws/devel/arsdk/out/arsdk-native/build/libARController/obj/gen/Sources/ARCONTROLLER_Feature.c.o
                0x0000000000060570                ARCONTROLLER_FEATURE_ARDrone3_SendGPSSettingsReturnHomeDelay
 *fill*         0x000000000006061c        0x4 
 .text.ARCONTROLLER_FEATURE_ARDrone3_SendAntiflickeringElectricFrequency
                0x0000000000060620       0xac /home/sunho/bebop_ws/devel/arsdk/out/arsdk-native/build/libARController/obj/gen/Sources/ARCONTROLLER_Feature.c.o
                0x0000000000060620                ARCONTROLLER_FEATURE_ARDrone3_SendAntiflickeringElectricFrequency
 *fill*         0x00000000000606cc        0x4 
 .text.ARCONTROLLER_FEATURE_ARDrone3_SendAntiflickeringSetMode
                0x00000000000606d0       0xac /home/sunho/bebop_ws/devel/arsdk/out/arsdk-native/build/libARController/obj/gen/Sources/ARCONTROLLER_Feature.c.o
                0x00000000000606d0                ARCONTROLLER_FEATURE_ARDrone3_SendAntiflickeringSetMode
 *fill*         0x000000000006077c        0x4 
 .text.ARCONTROLLER_FEATURE_Common_SendNetworkDisconnect
                0x0000000000060780       0xac /home/sunho/bebop_ws/devel/arsdk/out/arsdk-native/build/libARController/obj/gen/Sources/ARCONTROLLER_Feature.c.o
                0x0000000000060780                ARCONTROLLER_FEATURE_Common_SendNetworkDisconnect
 *fill*         0x000000000006082c        0x4 
 .text.ARCONTROLLER_FEATURE_Common_SendSettingsAllSettings
                0x0000000000060830       0xaf /home/sunho/bebop_ws/devel/arsdk/out/arsdk-native/build/libARController/obj/gen/Sources/ARCONTROLLER_Feature.c.o
                0x0000000000060830                ARCONTROLLER_FEATURE_Common_SendSettingsAllSettings
 *fill*         0x00000000000608df        0x1 
 .text.ARCONTROLLER_FEATURE_Common_SendSettingsReset
                0x00000000000608e0       0xac /home/sunho/bebop_ws/devel/arsdk/out/arsdk-native/build/libARController/obj/gen/Sources/ARCONTROLLER_Feature.c.o
                0x00000000000608e0                ARCONTROLLER_FEATURE_Common_SendSettingsReset
 *fill*         0x000000000006098c        0x4 
 .text.ARCONTROLLER_FEATURE_Common_SendSettingsProductName
                0x0000000000060990       0xac /home/sunho/bebop_ws/devel/arsdk/out/arsdk-native/build/libARController/obj/gen/Sources/ARCONTROLLER_Feature.c.o
                0x0000000000060990                ARCONTROLLER_FEATURE_Common_SendSettingsProductName
 *fill*         0x0000000000060a3c        0x4 
 .text.ARCONTROLLER_FEATURE_Common_SendSettingsCountry
                0x0000000000060a40       0xac /home/sunho/bebop_ws/devel/arsdk/out/arsdk-native/build/libARController/obj/gen/Sources/ARCONTROLLER_Feature.c.o
                0x0000000000060a40                ARCONTROLLER_FEATURE_Common_SendSettingsCountry
 *fill*         0x0000000000060aec        0x4 