
As-needed library included to satisfy reference by file (symbol)

libpomp.so                    /home/sunho/bebop_ws/devel/arsdk/out/arsdk-native/build/libmux/obj/src/mux.c.o (pomp_loop_remove)
librt.so.1                    /home/sunho/bebop_ws/devel/arsdk/out/arsdk-native/build/libmux/obj/src/mux_queue.c.o (clock_gettime@@GLIBC_2.2.5)
libpthread.so.0               /home/sunho/bebop_ws/devel/arsdk/out/arsdk-native/build/libmux/obj/src/mux.c.o (write@@GLIBC_2.2.5)
libc.so.6                     /home/sunho/bebop_ws/devel/arsdk/out/arsdk-native/build/libmux/obj/src/mux.c.o (pipe@@GLIBC_2.2.5)

Discarded input sections

 .text          0x0000000000000000        0x0 /usr/lib/gcc/x86_64-linux-gnu/4.8/../../../x86_64-linux-gnu/crti.o
 .data          0x0000000000000000        0x0 /usr/lib/gcc/x86_64-linux-gnu/4.8/../../../x86_64-linux-gnu/crti.o
 .bss           0x0000000000000000        0x0 /usr/lib/gcc/x86_64-linux-gnu/4.8/../../../x86_64-linux-gnu/crti.o
 .note.GNU-stack
                0x0000000000000000        0x0 /usr/lib/gcc/x86_64-linux-gnu/4.8/../../../x86_64-linux-gnu/crti.o
 .gnu_debuglink
                0x0000000000000000        0xc /usr/lib/gcc/x86_64-linux-gnu/4.8/../../../x86_64-linux-gnu/crti.o
 .data          0x0000000000000000        0x0 /usr/lib/gcc/x86_64-linux-gnu/4.8/crtbeginS.o
 .note.GNU-stack
                0x0000000000000000        0x0 /usr/lib/gcc/x86_64-linux-gnu/4.8/crtbeginS.o
 .text          0x0000000000000000        0x0 /home/sunho/bebop_ws/devel/arsdk/out/arsdk-native/build/libmux/obj/src/mux.c.o
 .data          0x0000000000000000        0x0 /home/sunho/bebop_ws/devel/arsdk/out/arsdk-native/build/libmux/obj/src/mux.c.o
 .bss           0x0000000000000000        0x0 /home/sunho/bebop_ws/devel/arsdk/out/arsdk-native/build/libmux/obj/src/mux.c.o
 .note.GNU-stack
                0x0000000000000000        0x0 /home/sunho/bebop_ws/devel/arsdk/out/arsdk-native/build/libmux/obj/src/mux.c.o
 .text          0x0000000000000000        0x0 /home/sunho/bebop_ws/devel/arsdk/out/arsdk-native/build/libmux/obj/src/mux_channel.c.o
 .data          0x0000000000000000        0x0 /home/sunho/bebop_ws/devel/arsdk/out/arsdk-native/build/libmux/obj/src/mux_channel.c.o
 .bss           0x0000000000000000        0x0 /home/sunho/bebop_ws/devel/arsdk/out/arsdk-native/build/libmux/obj/src/mux_channel.c.o
 .note.GNU-stack
                0x0000000000000000        0x0 /home/sunho/bebop_ws/devel/arsdk/out/arsdk-native/build/libmux/obj/src/mux_channel.c.o
 .text          0x0000000000000000        0x0 /home/sunho/bebop_ws/devel/arsdk/out/arsdk-native/build/libmux/obj/src/mux_log.c.o
 .data          0x0000000000000000        0x0 /home/sunho/bebop_ws/devel/arsdk/out/arsdk-native/build/libmux/obj/src/mux_log.c.o
 .bss           0x0000000000000000        0x0 /home/sunho/bebop_ws/devel/arsdk/out/arsdk-native/build/libmux/obj/src/mux_log.c.o
 .debug_info    0x0000000000000000      0x29b /home/sunho/bebop_ws/devel/arsdk/out/arsdk-native/build/libmux/obj/src/mux_log.c.o
 .debug_abbrev  0x0000000000000000       0x9e /home/sunho/bebop_ws/devel/arsdk/out/arsdk-native/build/libmux/obj/src/mux_log.c.o
 .debug_aranges
                0x0000000000000000       0x20 /home/sunho/bebop_ws/devel/arsdk/out/arsdk-native/build/libmux/obj/src/mux_log.c.o
 .debug_line    0x0000000000000000       0xa4 /home/sunho/bebop_ws/devel/arsdk/out/arsdk-native/build/libmux/obj/src/mux_log.c.o
 .debug_str     0x0000000000000000      0x2fc /home/sunho/bebop_ws/devel/arsdk/out/arsdk-native/build/libmux/obj/src/mux_log.c.o
 .comment       0x0000000000000000       0x2c /home/sunho/bebop_ws/devel/arsdk/out/arsdk-native/build/libmux/obj/src/mux_log.c.o
 .note.GNU-stack
                0x0000000000000000        0x0 /home/sunho/bebop_ws/devel/arsdk/out/arsdk-native/build/libmux/obj/src/mux_log.c.o
 .text          0x0000000000000000        0x0 /home/sunho/bebop_ws/devel/arsdk/out/arsdk-native/build/libmux/obj/src/mux_queue.c.o
 .data          0x0000000000000000        0x0 /home/sunho/bebop_ws/devel/arsdk/out/arsdk-native/build/libmux/obj/src/mux_queue.c.o
 .bss           0x0000000000000000        0x0 /home/sunho/bebop_ws/devel/arsdk/out/arsdk-native/build/libmux/obj/src/mux_queue.c.o
 .note.GNU-stack
                0x0000000000000000        0x0 /home/sunho/bebop_ws/devel/arsdk/out/arsdk-native/build/libmux/obj/src/mux_queue.c.o
 .text          0x0000000000000000        0x0 /usr/lib/gcc/x86_64-linux-gnu/4.8/crtendS.o
 .data          0x0000000000000000        0x0 /usr/lib/gcc/x86_64-linux-gnu/4.8/crtendS.o
 .bss           0x0000000000000000        0x0 /usr/lib/gcc/x86_64-linux-gnu/4.8/crtendS.o
 .note.GNU-stack
                0x0000000000000000        0x0 /usr/lib/gcc/x86_64-linux-gnu/4.8/crtendS.o
 .text          0x0000000000000000        0x0 /usr/lib/gcc/x86_64-linux-gnu/4.8/../../../x86_64-linux-gnu/crtn.o
 .data          0x0000000000000000        0x0 /usr/lib/gcc/x86_64-linux-gnu/4.8/../../../x86_64-linux-gnu/crtn.o
 .bss           0x0000000000000000        0x0 /usr/lib/gcc/x86_64-linux-gnu/4.8/../../../x86_64-linux-gnu/crtn.o
 .note.GNU-stack
                0x0000000000000000        0x0 /usr/lib/gcc/x86_64-linux-gnu/4.8/../../../x86_64-linux-gnu/crtn.o
 .gnu_debuglink
                0x0000000000000000        0xc /usr/lib/gcc/x86_64-linux-gnu/4.8/../../../x86_64-linux-gnu/crtn.o

Memory Configuration

Name             Origin             Length             Attributes
*default*        0x0000000000000000 0xffffffffffffffff

Linker script and memory map

LOAD /usr/lib/gcc/x86_64-linux-gnu/4.8/../../../x86_64-linux-gnu/crti.o
LOAD /usr/lib/gcc/x86_64-linux-gnu/4.8/crtbeginS.o
LOAD /home/sunho/bebop_ws/devel/arsdk/out/arsdk-native/build/libmux/obj/src/mux.c.o
LOAD /home/sunho/bebop_ws/devel/arsdk/out/arsdk-native/build/libmux/obj/src/mux_channel.c.o
LOAD /home/sunho/bebop_ws/devel/arsdk/out/arsdk-native/build/libmux/obj/src/mux_log.c.o
LOAD /home/sunho/bebop_ws/devel/arsdk/out/arsdk-native/build/libmux/obj/src/mux_queue.c.o
LOAD /home/sunho/bebop_ws/devel/arsdk/out/arsdk-native/staging/usr/lib/libpomp.so
LOAD /usr/lib/gcc/x86_64-linux-gnu/4.8/../../../x86_64-linux-gnu/librt.so
LOAD /usr/lib/gcc/x86_64-linux-gnu/4.8/libstdc++.so
LOAD /usr/lib/gcc/x86_64-linux-gnu/4.8/../../../x86_64-linux-gnu/libm.so
LOAD /usr/lib/gcc/x86_64-linux-gnu/4.8/libgcc_s.so
LOAD /usr/lib/gcc/x86_64-linux-gnu/4.8/../../../x86_64-linux-gnu/libpthread.so
START GROUP
LOAD /lib/x86_64-linux-gnu/libpthread.so.0
LOAD /usr/lib/x86_64-linux-gnu/libpthread_nonshared.a
END GROUP
LOAD /usr/lib/gcc/x86_64-linux-gnu/4.8/../../../x86_64-linux-gnu/libc.so
START GROUP
LOAD /lib/x86_64-linux-gnu/libc.so.6
LOAD /usr/lib/x86_64-linux-gnu/libc_nonshared.a
LOAD /lib/x86_64-linux-gnu/ld-linux-x86-64.so.2
END GROUP
LOAD /usr/lib/gcc/x86_64-linux-gnu/4.8/libgcc_s.so
LOAD /usr/lib/gcc/x86_64-linux-gnu/4.8/crtendS.o
LOAD /usr/lib/gcc/x86_64-linux-gnu/4.8/../../../x86_64-linux-gnu/crtn.o
                0x00000000000001c8                . = (0x0 + SIZEOF_HEADERS)

.note.gnu.build-id
                0x00000000000001c8       0x24
 *(.note.gnu.build-id)
 .note.gnu.build-id
                0x00000000000001c8       0x24 /usr/lib/gcc/x86_64-linux-gnu/4.8/../../../x86_64-linux-gnu/crti.o

.hash
 *(.hash)

.gnu.hash       0x00000000000001f0       0xb4
 *(.gnu.hash)
 .gnu.hash      0x00000000000001f0       0xb4 /usr/lib/gcc/x86_64-linux-gnu/4.8/../../../x86_64-linux-gnu/crti.o

.dynsym         0x00000000000002a8      0x960
 *(.dynsym)
 .dynsym        0x00000000000002a8      0x960 /usr/lib/gcc/x86_64-linux-gnu/4.8/../../../x86_64-linux-gnu/crti.o

.dynstr         0x0000000000000c08      0x645
 *(.dynstr)
 .dynstr        0x0000000000000c08      0x645 /usr/lib/gcc/x86_64-linux-gnu/4.8/../../../x86_64-linux-gnu/crti.o

.gnu.version    0x000000000000124e       0xc8
 *(.gnu.version)
 .gnu.version   0x000000000000124e       0xc8 /usr/lib/gcc/x86_64-linux-gnu/4.8/../../../x86_64-linux-gnu/crti.o

.gnu.version_d  0x0000000000001318        0x0
 *(.gnu.version_d)
 .gnu.version_d
                0x0000000000000000        0x0 /usr/lib/gcc/x86_64-linux-gnu/4.8/../../../x86_64-linux-gnu/crti.o

.gnu.version_r  0x0000000000001318       0xa0
 *(.gnu.version_r)
 .gnu.version_r
                0x0000000000001318       0xa0 /usr/lib/gcc/x86_64-linux-gnu/4.8/../../../x86_64-linux-gnu/crti.o

.rela.dyn       0x00000000000013b8       0xd8
 *(.rela.init)
 *(.rela.text .rela.text.* .rela.gnu.linkonce.t.*)
 .rela.text     0x0000000000000000        0x0 /usr/lib/gcc/x86_64-linux-gnu/4.8/../../../x86_64-linux-gnu/crti.o
 .rela.text.mux_stop
                0x0000000000000000        0x0 /usr/lib/gcc/x86_64-linux-gnu/4.8/../../../x86_64-linux-gnu/crti.o
 .rela.text.mux_run
                0x0000000000000000        0x0 /usr/lib/gcc/x86_64-linux-gnu/4.8/../../../x86_64-linux-gnu/crti.o
 .rela.text.mux_encode
                0x0000000000000000        0x0 /usr/lib/gcc/x86_64-linux-gnu/4.8/../../../x86_64-linux-gnu/crti.o
 .rela.text.mux_decode
                0x0000000000000000        0x0 /usr/lib/gcc/x86_64-linux-gnu/4.8/../../../x86_64-linux-gnu/crti.o
 .rela.text.mux_send_ctrl_msg
                0x0000000000000000        0x0 /usr/lib/gcc/x86_64-linux-gnu/4.8/../../../x86_64-linux-gnu/crti.o
 .rela.text.mux_reset
                0x0000000000000000        0x0 /usr/lib/gcc/x86_64-linux-gnu/4.8/../../../x86_64-linux-gnu/crti.o
 .rela.text.mux_channel_open_internal
                0x0000000000000000        0x0 /usr/lib/gcc/x86_64-linux-gnu/4.8/../../../x86_64-linux-gnu/crti.o
 .rela.text.mux_channel_close_internal
                0x0000000000000000        0x0 /usr/lib/gcc/x86_64-linux-gnu/4.8/../../../x86_64-linux-gnu/crti.o
 .rela.text.master_event_cb
                0x0000000000000000        0x0 /usr/lib/gcc/x86_64-linux-gnu/4.8/../../../x86_64-linux-gnu/crti.o
 *(.rela.fini)
 *(.rela.rodata .rela.rodata.* .rela.gnu.linkonce.r.*)
 *(.rela.data .rela.data.* .rela.gnu.linkonce.d.*)
 .rela.data.rel
                0x00000000000013b8       0x18 /usr/lib/gcc/x86_64-linux-gnu/4.8/../../../x86_64-linux-gnu/crti.o
 *(.rela.tdata .rela.tdata.* .rela.gnu.linkonce.td.*)
 *(.rela.tbss .rela.tbss.* .rela.gnu.linkonce.tb.*)
 *(.rela.ctors)
 *(.rela.dtors)
 *(.rela.got)
 .rela.got      0x00000000000013d0       0x90 /usr/lib/gcc/x86_64-linux-gnu/4.8/../../../x86_64-linux-gnu/crti.o
 *(.rela.bss .rela.bss.* .rela.gnu.linkonce.b.*)
 *(.rela.ldata .rela.ldata.* .rela.gnu.linkonce.l.*)
 *(.rela.lbss .rela.lbss.* .rela.gnu.linkonce.lb.*)
 *(.rela.lrodata .rela.lrodata.* .rela.gnu.linkonce.lr.*)
 *(.rela.ifunc)
 .rela.ifunc    0x0000000000000000        0x0 /usr/lib/gcc/x86_64-linux-gnu/4.8/../../../x86_64-linux-gnu/crti.o
 .rela.fini_array
                0x0000000000001460       0x18 /usr/lib/gcc/x86_64-linux-gnu/4.8/../../../x86_64-linux-gnu/crti.o
 .rela.init_array
                0x0000000000001478       0x18 /usr/lib/gcc/x86_64-linux-gnu/4.8/../../../x86_64-linux-gnu/crti.o

.rela.plt       0x0000000000001490      0x768
 *(.rela.plt)
 .rela.plt      0x0000000000001490      0x768 /usr/lib/gcc/x86_64-linux-gnu/4.8/../../../x86_64-linux-gnu/crti.o
 *(.rela.iplt)

.init           0x0000000000001bf8       0x1a
 *(SORT(.init))
 .init          0x0000000000001bf8       0x15 /usr/lib/gcc/x86_64-linux-gnu/4.8/../../../x86_64-linux-gnu/crti.o
                0x0000000000001bf8                _init
 .init          0x0000000000001c0d        0x5 /usr/lib/gcc/x86_64-linux-gnu/4.8/../../../x86_64-linux-gnu/crtn.o

.plt            0x0000000000001c20      0x500
 *(.plt)
 .plt           0x0000000000001c20      0x500 /usr/lib/gcc/x86_64-linux-gnu/4.8/../../../x86_64-linux-gnu/crti.o
 *(.iplt)

.text           0x0000000000002120     0x4566
 *(.text.unlikely .text.*_unlikely .text.unlikely.*)
 *(.text.exit .text.exit.*)
 *(.text.startup .text.startup.*)
 *(.text.hot .text.hot.*)
 *(.text .stub .text.* .gnu.linkonce.t.*)
 .text          0x0000000000002120       0xe5 /usr/lib/gcc/x86_64-linux-gnu/4.8/crtbeginS.o
 *fill*         0x0000000000002205        0xb 
 .text.reset_decode
                0x0000000000002210       0x77 /home/sunho/bebop_ws/devel/arsdk/out/arsdk-native/build/libmux/obj/src/mux.c.o
 *fill*         0x0000000000002287        0x9 
 .text.xwrite   0x0000000000002290       0x46 /home/sunho/bebop_ws/devel/arsdk/out/arsdk-native/build/libmux/obj/src/mux.c.o
 *fill*         0x00000000000022d6        0xa 
 .text.xread    0x00000000000022e0       0x46 /home/sunho/bebop_ws/devel/arsdk/out/arsdk-native/build/libmux/obj/src/mux.c.o
 *fill*         0x0000000000002326        0xa 
 .text.check_magic
                0x0000000000002330       0x4e /home/sunho/bebop_ws/devel/arsdk/out/arsdk-native/build/libmux/obj/src/mux.c.o
 *fill*         0x000000000000237e        0x2 
 .text.do_fd_read
                0x0000000000002380      0x147 /home/sunho/bebop_ws/devel/arsdk/out/arsdk-native/build/libmux/obj/src/mux.c.o
 *fill*         0x00000000000024c7        0x9 
 .text.rx_thread
                0x00000000000024d0       0x89 /home/sunho/bebop_ws/devel/arsdk/out/arsdk-native/build/libmux/obj/src/mux.c.o
 *fill*         0x0000000000002559        0x7 
 .text.do_fd_write_buf.isra.1
                0x0000000000002560       0xe7 /home/sunho/bebop_ws/devel/arsdk/out/arsdk-native/build/libmux/obj/src/mux.c.o
 *fill*         0x0000000000002647        0x9 
 .text.do_fd_write
                0x0000000000002650       0xe7 /home/sunho/bebop_ws/devel/arsdk/out/arsdk-native/build/libmux/obj/src/mux.c.o
 *fill*         0x0000000000002737        0x9 
 .text.tx_thread
                0x0000000000002740       0xa6 /home/sunho/bebop_ws/devel/arsdk/out/arsdk-native/build/libmux/obj/src/mux.c.o
 *fill*         0x00000000000027e6        0xa 
 .text.do_fdeof.part.5
                0x00000000000027f0       0x41 /home/sunho/bebop_ws/devel/arsdk/out/arsdk-native/build/libmux/obj/src/mux.c.o
 *fill*         0x0000000000002831        0xf 
 .text.mux_destroy
                0x0000000000002840      0x257 /home/sunho/bebop_ws/devel/arsdk/out/arsdk-native/build/libmux/obj/src/mux.c.o
 *fill*         0x0000000000002a97        0x9 
 .text.do_tx    0x0000000000002aa0      0x11f /home/sunho/bebop_ws/devel/arsdk/out/arsdk-native/build/libmux/obj/src/mux.c.o
 *fill*         0x0000000000002bbf        0x1 
 .text.copy.constprop.13
                0x0000000000002bc0       0x46 /home/sunho/bebop_ws/devel/arsdk/out/arsdk-native/build/libmux/obj/src/mux.c.o
 *fill*         0x0000000000002c06        0xa 
 .text.mux_new  0x0000000000002c10      0x3c6 /home/sunho/bebop_ws/devel/arsdk/out/arsdk-native/build/libmux/obj/src/mux.c.o
                0x0000000000002c10                mux_new
 *fill*         0x0000000000002fd6        0xa 
 .text.mux_ref  0x0000000000002fe0       0x32 /home/sunho/bebop_ws/devel/arsdk/out/arsdk-native/build/libmux/obj/src/mux.c.o
                0x0000000000002fe0                mux_ref
 *fill*         0x0000000000003012        0xe 
 .text.mux_unref
                0x0000000000003020       0x56 /home/sunho/bebop_ws/devel/arsdk/out/arsdk-native/build/libmux/obj/src/mux.c.o
                0x0000000000003020                mux_unref
 *fill*         0x0000000000003076        0xa 
 .text.mux_get_host_address
                0x0000000000003080       0x8f /home/sunho/bebop_ws/devel/arsdk/out/arsdk-native/build/libmux/obj/src/mux.c.o
                0x0000000000003080                mux_get_host_address
 *fill*         0x000000000000310f        0x1 
 .text.mux_remove_host
                0x0000000000003110       0xd0 /home/sunho/bebop_ws/devel/arsdk/out/arsdk-native/build/libmux/obj/src/mux.c.o
                0x0000000000003110                mux_remove_host
 .text.mux_add_host
                0x00000000000031e0      0x10f /home/sunho/bebop_ws/devel/arsdk/out/arsdk-native/build/libmux/obj/src/mux.c.o
                0x00000000000031e0                mux_add_host
 *fill*         0x00000000000032ef        0x1 
 .text.mux_find_channel
                0x00000000000032f0       0x52 /home/sunho/bebop_ws/devel/arsdk/out/arsdk-native/build/libmux/obj/src/mux.c.o
                0x00000000000032f0                mux_find_channel
 *fill*         0x0000000000003342        0xe 
 .text.mux_add_channel
                0x0000000000003350       0xb7 /home/sunho/bebop_ws/devel/arsdk/out/arsdk-native/build/libmux/obj/src/mux.c.o
                0x0000000000003350                mux_add_channel
 *fill*         0x0000000000003407        0x9 
 .text.mux_remove_channel
                0x0000000000003410       0xcf /home/sunho/bebop_ws/devel/arsdk/out/arsdk-native/build/libmux/obj/src/mux.c.o
                0x0000000000003410                mux_remove_channel
 *fill*         0x00000000000034df        0x1 
 .text.mux_remove_channels
                0x00000000000034e0       0x54 /home/sunho/bebop_ws/devel/arsdk/out/arsdk-native/build/libmux/obj/src/mux.c.o
                0x00000000000034e0                mux_remove_channels
 *fill*         0x0000000000003534        0xc 
 .text.mux_get_loop
                0x0000000000003540       0x13 /home/sunho/bebop_ws/devel/arsdk/out/arsdk-native/build/libmux/obj/src/mux.c.o
                0x0000000000003540                mux_get_loop
 *fill*         0x0000000000003553        0xd 
 .text.mux_loop_acquire
                0x0000000000003560      0x106 /home/sunho/bebop_ws/devel/arsdk/out/arsdk-native/build/libmux/obj/src/mux.c.o
                0x0000000000003560                mux_loop_acquire
 *fill*         0x0000000000003666        0xa 
 .text.mux_loop_release
                0x0000000000003670       0xa3 /home/sunho/bebop_ws/devel/arsdk/out/arsdk-native/build/libmux/obj/src/mux.c.o
                0x0000000000003670                mux_loop_release
 *fill*         0x0000000000003713        0xd 
 .text.mux_stop
                0x0000000000003720      0x13b /home/sunho/bebop_ws/devel/arsdk/out/arsdk-native/build/libmux/obj/src/mux.c.o
                0x0000000000003720                mux_stop
 *fill*         0x000000000000385b        0x5 
 .text.mux_run  0x0000000000003860       0x96 /home/sunho/bebop_ws/devel/arsdk/out/arsdk-native/build/libmux/obj/src/mux.c.o
                0x0000000000003860                mux_run
 *fill*         0x00000000000038f6        0xa 
 .text.mux_encode
                0x0000000000003900      0x157 /home/sunho/bebop_ws/devel/arsdk/out/arsdk-native/build/libmux/obj/src/mux.c.o
                0x0000000000003900                mux_encode
 *fill*         0x0000000000003a57        0x9 
 .text.mux_decode
                0x0000000000003a60      0x611 /home/sunho/bebop_ws/devel/arsdk/out/arsdk-native/build/libmux/obj/src/mux.c.o
                0x0000000000003a60                mux_decode
 *fill*         0x0000000000004071        0xf 
 .text.rx_pipe_cb
                0x0000000000004080       0x9f /home/sunho/bebop_ws/devel/arsdk/out/arsdk-native/build/libmux/obj/src/mux.c.o
 *fill*         0x000000000000411f        0x1 
 .text.fd_cb    0x0000000000004120       0xb6 /home/sunho/bebop_ws/devel/arsdk/out/arsdk-native/build/libmux/obj/src/mux.c.o
 *fill*         0x00000000000041d6        0xa 
 .text.mux_send_ctrl_msg_with_payload
                0x00000000000041e0      0x179 /home/sunho/bebop_ws/devel/arsdk/out/arsdk-native/build/libmux/obj/src/mux.c.o
                0x00000000000041e0                mux_send_ctrl_msg_with_payload
 *fill*         0x0000000000004359        0x7 
 .text.mux_send_ctrl_msg
                0x0000000000004360        0x9 /home/sunho/bebop_ws/devel/arsdk/out/arsdk-native/build/libmux/obj/src/mux.c.o
                0x0000000000004360                mux_send_ctrl_msg
 *fill*         0x0000000000004369        0x7 
 .text.mux_reset
                0x0000000000004370       0xa7 /home/sunho/bebop_ws/devel/arsdk/out/arsdk-native/build/libmux/obj/src/mux.c.o
                0x0000000000004370                mux_reset
 *fill*         0x0000000000004417        0x9 
 .text.mux_notify_buf
                0x0000000000004420       0x66 /home/sunho/bebop_ws/devel/arsdk/out/arsdk-native/build/libmux/obj/src/mux.c.o
                0x0000000000004420                mux_notify_buf
 *fill*         0x0000000000004486        0xa 
 .text.slave_tcp_socket_cb
                0x0000000000004490        0x4 /home/sunho/bebop_ws/devel/arsdk/out/arsdk-native/build/libmux/obj/src/mux_channel.c.o
 *fill*         0x0000000000004494        0xc 
 .text.mux_channel_destroy
                0x00000000000044a0       0x6e /home/sunho/bebop_ws/devel/arsdk/out/arsdk-native/build/libmux/obj/src/mux_channel.c.o
 *fill*         0x000000000000450e        0x2 
 .text.slave_raw_cb
                0x0000000000004510       0x4e /home/sunho/bebop_ws/devel/arsdk/out/arsdk-native/build/libmux/obj/src/mux_channel.c.o
 *fill*         0x000000000000455e        0x2 
 .text.mux_channel_disconnect_tcp_slave
                0x0000000000004560       0xeb /home/sunho/bebop_ws/devel/arsdk/out/arsdk-native/build/libmux/obj/src/mux_channel.c.o
 *fill*         0x000000000000464b        0x5 
 .text.slave_disconnect_idle_cb
                0x0000000000004650       0x3e /home/sunho/bebop_ws/devel/arsdk/out/arsdk-native/build/libmux/obj/src/mux_channel.c.o
 *fill*         0x000000000000468e        0x2 
 .text.master_raw_cb
                0x0000000000004690      0x17a /home/sunho/bebop_ws/devel/arsdk/out/arsdk-native/build/libmux/obj/src/mux_channel.c.o
 *fill*         0x000000000000480a        0x6 
 .text.slave_event_cb
                0x0000000000004810      0x1f8 /home/sunho/bebop_ws/devel/arsdk/out/arsdk-native/build/libmux/obj/src/mux_channel.c.o
 *fill*         0x0000000000004a08        0x8 
 .text.tcp_slave_queue_timer_cb
                0x0000000000004a10       0xe1 /home/sunho/bebop_ws/devel/arsdk/out/arsdk-native/build/libmux/obj/src/mux_channel.c.o
 *fill*         0x0000000000004af1        0xf 
 .text.slave_send_cb
                0x0000000000004b00       0xa0 /home/sunho/bebop_ws/devel/arsdk/out/arsdk-native/build/libmux/obj/src/mux_channel.c.o
 .text.mux_channel_alloc_queue
                0x0000000000004ba0       0x75 /home/sunho/bebop_ws/devel/arsdk/out/arsdk-native/build/libmux/obj/src/mux_channel.c.o
                0x0000000000004ba0                mux_channel_alloc_queue
 *fill*         0x0000000000004c15        0xb 
 .text.mux_channel_stop
                0x0000000000004c20       0xb9 /home/sunho/bebop_ws/devel/arsdk/out/arsdk-native/build/libmux/obj/src/mux_channel.c.o
                0x0000000000004c20                mux_channel_stop
 *fill*         0x0000000000004cd9        0x7 
 .text.mux_channel_open_internal
                0x0000000000004ce0      0x212 /home/sunho/bebop_ws/devel/arsdk/out/arsdk-native/build/libmux/obj/src/mux_channel.c.o
 *fill*         0x0000000000004ef2        0xe 
 .text.mux_channel_open
                0x0000000000004f00       0x53 /home/sunho/bebop_ws/devel/arsdk/out/arsdk-native/build/libmux/obj/src/mux_channel.c.o
                0x0000000000004f00                mux_channel_open
 *fill*         0x0000000000004f53        0xd 
 .text.mux_channel_close_internal
                0x0000000000004f60       0xe6 /home/sunho/bebop_ws/devel/arsdk/out/arsdk-native/build/libmux/obj/src/mux_channel.c.o
 *fill*         0x0000000000005046        0xa 
 .text.mux_channel_close
                0x0000000000005050       0x57 /home/sunho/bebop_ws/devel/arsdk/out/arsdk-native/build/libmux/obj/src/mux_channel.c.o
                0x0000000000005050                mux_channel_close
 *fill*         0x00000000000050a7        0x9 
 .text.mux_channel_open_tcp
                0x00000000000050b0      0x34e /home/sunho/bebop_ws/devel/arsdk/out/arsdk-native/build/libmux/obj/src/mux_channel.c.o
                0x00000000000050b0                mux_channel_open_tcp
 *fill*         0x00000000000053fe        0x2 
 .text.mux_channel_open_ftp
                0x0000000000005400       0x77 /home/sunho/bebop_ws/devel/arsdk/out/arsdk-native/build/libmux/obj/src/mux_channel.c.o
                0x0000000000005400                mux_channel_open_ftp
 *fill*         0x0000000000005477        0x9 
 .text.master_event_cb
                0x0000000000005480      0x241 /home/sunho/bebop_ws/devel/arsdk/out/arsdk-native/build/libmux/obj/src/mux_channel.c.o
 *fill*         0x00000000000056c1        0xf 
 .text.mux_channel_put_buf
                0x00000000000056d0      0x3bb /home/sunho/bebop_ws/devel/arsdk/out/arsdk-native/build/libmux/obj/src/mux_channel.c.o
                0x00000000000056d0                mux_channel_put_buf
 *fill*         0x0000000000005a8b        0x5 
 .text.mux_channel_recv_ctrl_msg
                0x0000000000005a90      0x6c1 /home/sunho/bebop_ws/devel/arsdk/out/arsdk-native/build/libmux/obj/src/mux_channel.c.o
                0x0000000000005a90                mux_channel_recv_ctrl_msg
 *fill*         0x0000000000006151        0xf 
 .text.mux_queue_get_buf_internal
                0x0000000000006160      0x177 /home/sunho/bebop_ws/devel/arsdk/out/arsdk-native/build/libmux/obj/src/mux_queue.c.o
 *fill*         0x00000000000062d7        0x9 
 .text.mux_queue_new
                0x00000000000062e0       0xa4 /home/sunho/bebop_ws/devel/arsdk/out/arsdk-native/build/libmux/obj/src/mux_queue.c.o
                0x00000000000062e0                mux_queue_new
 *fill*         0x0000000000006384        0xc 
 .text.mux_queue_stop
                0x0000000000006390       0x37 /home/sunho/bebop_ws/devel/arsdk/out/arsdk-native/build/libmux/obj/src/mux_queue.c.o
                0x0000000000006390                mux_queue_stop
 *fill*         0x00000000000063c7        0x9 
 .text.mux_queue_destroy
                0x00000000000063d0       0x8b /home/sunho/bebop_ws/devel/arsdk/out/arsdk-native/build/libmux/obj/src/mux_queue.c.o
                0x00000000000063d0                mux_queue_destroy
 *fill*         0x000000000000645b        0x5 
 .text.mux_queue_put_buf
                0x0000000000006460      0x16a /home/sunho/bebop_ws/devel/arsdk/out/arsdk-native/build/libmux/obj/src/mux_queue.c.o
                0x0000000000006460                mux_queue_put_buf
 *fill*         0x00000000000065ca        0x6 
 .text.mux_queue_get_buf
                0x00000000000065d0        0x7 /home/sunho/bebop_ws/devel/arsdk/out/arsdk-native/build/libmux/obj/src/mux_queue.c.o
                0x00000000000065d0                mux_queue_get_buf
 *fill*         0x00000000000065d7        0x9 
 .text.mux_queue_try_get_buf
                0x00000000000065e0       0x87 /home/sunho/bebop_ws/devel/arsdk/out/arsdk-native/build/libmux/obj/src/mux_queue.c.o
                0x00000000000065e0                mux_queue_try_get_buf
 *fill*         0x0000000000006667        0x9 
 .text.mux_queue_timed_get_buf
                0x0000000000006670       0x16 /home/sunho/bebop_ws/devel/arsdk/out/arsdk-native/build/libmux/obj/src/mux_queue.c.o
                0x0000000000006670                mux_queue_timed_get_buf
 *(.gnu.warning)

.fini           0x0000000000006688        0x9
 *(SORT(.fini))
 .fini          0x0000000000006688        0x4 /usr/lib/gcc/x86_64-linux-gnu/4.8/../../../x86_64-linux-gnu/crti.o
                0x0000000000006688                _fini
 .fini          0x000000000000668c        0x5 /usr/lib/gcc/x86_64-linux-gnu/4.8/../../../x86_64-linux-gnu/crtn.o
                0x0000000000006691                PROVIDE (__etext, .)
                0x0000000000006691                PROVIDE (_etext, .)
                0x0000000000006691                PROVIDE (etext, .)

.rodata         0x0000000000006698      0x856
 *(.rodata .rodata.* .gnu.linkonce.r.*)
 .rodata.str1.8
                0x0000000000006698       0xd1 /home/sunho/bebop_ws/devel/arsdk/out/arsdk-native/build/libmux/obj/src/mux.c.o
 .rodata.str1.1
                0x0000000000006769      0x1a5 /home/sunho/bebop_ws/devel/arsdk/out/arsdk-native/build/libmux/obj/src/mux.c.o
 *fill*         0x000000000000690e        0x2 
 .rodata        0x0000000000006910       0x1c /home/sunho/bebop_ws/devel/arsdk/out/arsdk-native/build/libmux/obj/src/mux.c.o
 .rodata.str1.1
                0x000000000000692c      0x178 /home/sunho/bebop_ws/devel/arsdk/out/arsdk-native/build/libmux/obj/src/mux_channel.c.o
                                        0x18a (size before relaxing)
 *fill*         0x0000000000006aa4        0x4 
 .rodata.str1.8
                0x0000000000006aa8      0x410 /home/sunho/bebop_ws/devel/arsdk/out/arsdk-native/build/libmux/obj/src/mux_channel.c.o
                                        0x40a (size before relaxing)
 .rodata        0x0000000000006eb8       0x36 /home/sunho/bebop_ws/devel/arsdk/out/arsdk-native/build/libmux/obj/src/mux_channel.c.o

.rodata1
 *(.rodata1)

.eh_frame_hdr   0x0000000000006ef0      0x20c
 *(.eh_frame_hdr)
 .eh_frame_hdr  0x0000000000006ef0      0x20c /home/sunho/bebop_ws/devel/arsdk/out/arsdk-native/build/libmux/obj/src/mux.c.o

.eh_frame       0x0000000000007100      0xe84
 *(.eh_frame)
 .eh_frame      0x0000000000007100       0x40 /usr/lib/gcc/x86_64-linux-gnu/4.8/../../../x86_64-linux-gnu/crti.o
 .eh_frame      0x0000000000007140      0x828 /home/sunho/bebop_ws/devel/arsdk/out/arsdk-native/build/libmux/obj/src/mux.c.o
                                        0x7d8 (size before relaxing)
 .eh_frame      0x0000000000007968      0x4a0 /home/sunho/bebop_ws/devel/arsdk/out/arsdk-native/build/libmux/obj/src/mux_channel.c.o
                                        0x490 (size before relaxing)
 .eh_frame      0x0000000000007e08      0x178 /home/sunho/bebop_ws/devel/arsdk/out/arsdk-native/build/libmux/obj/src/mux_queue.c.o
 .eh_frame      0x0000000000007f80        0x4 /usr/lib/gcc/x86_64-linux-gnu/4.8/crtendS.o

.gcc_except_table
 *(.gcc_except_table .gcc_except_table.*)

.exception_ranges
 *(.exception_ranges .exception_ranges*)
                0x0000000000007f84                . = (ALIGN (0x200000) - ((0x200000 - .) & 0x1fffff))
                0x0000000000208db4                . = DATA_SEGMENT_ALIGN (0x200000, 0x1000)

.eh_frame
 *(.eh_frame)

.gcc_except_table
 *(.gcc_except_table .gcc_except_table.*)

.exception_ranges
 *(.exception_ranges .exception_ranges*)

.tdata
 *(.tdata .tdata.* .gnu.linkonce.td.*)

.tbss
 *(.tbss .tbss.* .gnu.linkonce.tb.*)
 *(.tcommon)

.preinit_array
 *(.preinit_array)

.init_array     0x0000000000208db8        0x8
 *(SORT(.init_array.*) SORT(.ctors.*))
 *(.init_array EXCLUDE_FILE(*crtend?.o *crtend.o *crtbegin?.o *crtbegin.o) .ctors)
 .init_array    0x0000000000208db8        0x8 /usr/lib/gcc/x86_64-linux-gnu/4.8/crtbeginS.o

.fini_array     0x0000000000208dc0        0x8
 *(SORT(.fini_array.*) SORT(.dtors.*))
 *(.fini_array EXCLUDE_FILE(*crtend?.o *crtend.o *crtbegin?.o *crtbegin.o) .dtors)
 .fini_array    0x0000000000208dc0        0x8 /usr/lib/gcc/x86_64-linux-gnu/4.8/crtbeginS.o

.ctors
 *crtbegin.o(.ctors)
 *crtbegin?.o(.ctors)
 *(EXCLUDE_FILE(*crtend?.o *crtend.o) .ctors)
 *(SORT(.ctors.*))
 *(.ctors)

.dtors
 *crtbegin.o(.dtors)
 *crtbegin?.o(.dtors)
 *(EXCLUDE_FILE(*crtend?.o *crtend.o) .dtors)
 *(SORT(.dtors.*))
 *(.dtors)

.jcr            0x0000000000208dc8        0x8
 *(.jcr)
 .jcr           0x0000000000208dc8        0x0 /usr/lib/gcc/x86_64-linux-gnu/4.8/crtbeginS.o
 .jcr           0x0000000000208dc8        0x8 /usr/lib/gcc/x86_64-linux-gnu/4.8/crtendS.o

.data.rel.ro
 *(.data.rel.ro.local* .gnu.linkonce.d.rel.ro.local.*)
 *(.data.rel.ro .data.rel.ro.* .gnu.linkonce.d.rel.ro.*)

.dynamic        0x0000000000208dd0      0x200
 *(.dynamic)
 .dynamic       0x0000000000208dd0      0x200 /usr/lib/gcc/x86_64-linux-gnu/4.8/../../../x86_64-linux-gnu/crti.o
                0x0000000000208dd0                _DYNAMIC

.got            0x0000000000208fd0       0x30
 *(.got)
 .got           0x0000000000208fd0       0x30 /usr/lib/gcc/x86_64-linux-gnu/4.8/../../../x86_64-linux-gnu/crti.o
 *(.igot)
                0x0000000000209fe8                . = DATA_SEGMENT_RELRO_END (., (SIZEOF (.got.plt) >= 0x18)?0x18:0x0)

.got.plt        0x0000000000209000      0x290
 *(.got.plt)
 .got.plt       0x0000000000209000      0x290 /usr/lib/gcc/x86_64-linux-gnu/4.8/../../../x86_64-linux-gnu/crti.o
                0x0000000000209000                _GLOBAL_OFFSET_TABLE_
 *(.igot.plt)

.data           0x0000000000209290        0x8
 *(.data .data.* .gnu.linkonce.d.*)
 .data.rel      0x0000000000209290        0x8 /usr/lib/gcc/x86_64-linux-gnu/4.8/crtbeginS.o
                0x0000000000209290                __dso_handle

.tm_clone_table
                0x0000000000209298        0x0
 .tm_clone_table
                0x0000000000209298        0x0 /usr/lib/gcc/x86_64-linux-gnu/4.8/crtbeginS.o
 .tm_clone_table
                0x0000000000209298        0x0 /usr/lib/gcc/x86_64-linux-gnu/4.8/crtendS.o

.data1
 *(.data1)
                0x0000000000209298                _edata = .
                0x0000000000209298                PROVIDE (edata, .)
                0x0000000000209298                . = .
                0x0000000000209298                __bss_start = .

.bss            0x0000000000209298        0x8
 *(.dynbss)
 .dynbss        0x0000000000000000        0x0 /usr/lib/gcc/x86_64-linux-gnu/4.8/../../../x86_64-linux-gnu/crti.o
 *(.bss .bss.* .gnu.linkonce.b.*)
 .bss           0x0000000000209298        0x1 /usr/lib/gcc/x86_64-linux-gnu/4.8/crtbeginS.o
 *(COMMON)
                0x00000000002092a0                . = ALIGN ((. != 0x0)?0x8:0x1)
 *fill*         0x0000000000209299        0x7 

.lbss
 *(.dynlbss)
 *(.lbss .lbss.* .gnu.linkonce.lb.*)
 *(LARGE_COMMON)
                0x00000000002092a0                . = ALIGN (0x8)
                0x00000000002092a0                . = SEGMENT_START ("ldata-segment", .)

.lrodata
 *(.lrodata .lrodata.* .gnu.linkonce.lr.*)

.ldata          0x00000000006092a0        0x0
 *(.ldata .ldata.* .gnu.linkonce.l.*)
                0x00000000006092a0                . = ALIGN ((. != 0x0)?0x8:0x1)
                0x00000000006092a0                . = ALIGN (0x8)
                0x00000000006092a0                _end = .
                0x00000000006092a0                PROVIDE (end, .)
                0x00000000006092a0                . = DATA_SEGMENT_END (.)

.stab
 *(.stab)

.stabstr
 *(.stabstr)

.stab.excl
 *(.stab.excl)

.stab.exclstr
 *(.stab.exclstr)

.stab.index
 *(.stab.index)

.stab.indexstr
 *(.stab.indexstr)

.comment        0x0000000000000000       0x2b
 *(.comment)
 .comment       0x0000000000000000       0x2b /usr/lib/gcc/x86_64-linux-gnu/4.8/crtbeginS.o
                                         0x2c (size before relaxing)
 .comment       0x0000000000000000       0x2c /home/sunho/bebop_ws/devel/arsdk/out/arsdk-native/build/libmux/obj/src/mux.c.o
 .comment       0x0000000000000000       0x2c /home/sunho/bebop_ws/devel/arsdk/out/arsdk-native/build/libmux/obj/src/mux_channel.c.o
 .comment       0x0000000000000000       0x2c /home/sunho/bebop_ws/devel/arsdk/out/arsdk-native/build/libmux/obj/src/mux_queue.c.o
 .comment       0x0000000000000000       0x2c /usr/lib/gcc/x86_64-linux-gnu/4.8/crtendS.o

.debug
 *(.debug)

.line
 *(.line)

.debug_srcinfo
 *(.debug_srcinfo)

.debug_sfnames
 *(.debug_sfnames)

.debug_aranges  0x0000000000000000      0x460
 *(.debug_aranges)
 .debug_aranges
                0x0000000000000000      0x260 /home/sunho/bebop_ws/devel/arsdk/out/arsdk-native/build/libmux/obj/src/mux.c.o
 .debug_aranges
                0x0000000000000260      0x160 /home/sunho/bebop_ws/devel/arsdk/out/arsdk-native/build/libmux/obj/src/mux_channel.c.o
 .debug_aranges
                0x00000000000003c0       0xa0 /home/sunho/bebop_ws/devel/arsdk/out/arsdk-native/build/libmux/obj/src/mux_queue.c.o

.debug_pubnames
 *(.debug_pubnames)

.debug_info     0x0000000000000000     0x94a9
 *(.debug_info .gnu.linkonce.wi.*)
 .debug_info    0x0000000000000000     0x4659 /home/sunho/bebop_ws/devel/arsdk/out/arsdk-native/build/libmux/obj/src/mux.c.o
 .debug_info    0x0000000000004659     0x403b /home/sunho/bebop_ws/devel/arsdk/out/arsdk-native/build/libmux/obj/src/mux_channel.c.o
 .debug_info    0x0000000000008694      0xe15 /home/sunho/bebop_ws/devel/arsdk/out/arsdk-native/build/libmux/obj/src/mux_queue.c.o

.debug_abbrev   0x0000000000000000      0xd8e
 *(.debug_abbrev)
 .debug_abbrev  0x0000000000000000      0x59f /home/sunho/bebop_ws/devel/arsdk/out/arsdk-native/build/libmux/obj/src/mux.c.o
 .debug_abbrev  0x000000000000059f      0x556 /home/sunho/bebop_ws/devel/arsdk/out/arsdk-native/build/libmux/obj/src/mux_channel.c.o
 .debug_abbrev  0x0000000000000af5      0x299 /home/sunho/bebop_ws/devel/arsdk/out/arsdk-native/build/libmux/obj/src/mux_queue.c.o

.debug_line     0x0000000000000000     0x1ad4
 *(.debug_line .debug_line.* .debug_line_end)
 .debug_line    0x0000000000000000      0xc54 /home/sunho/bebop_ws/devel/arsdk/out/arsdk-native/build/libmux/obj/src/mux.c.o
 .debug_line    0x0000000000000c54      0xb6c /home/sunho/bebop_ws/devel/arsdk/out/arsdk-native/build/libmux/obj/src/mux_channel.c.o
 .debug_line    0x00000000000017c0      0x314 /home/sunho/bebop_ws/devel/arsdk/out/arsdk-native/build/libmux/obj/src/mux_queue.c.o

.debug_frame
 *(.debug_frame)

.debug_str      0x0000000000000000     0x1870
 *(.debug_str)
 .debug_str     0x0000000000000000     0x1010 /home/sunho/bebop_ws/devel/arsdk/out/arsdk-native/build/libmux/obj/src/mux.c.o
                                       0x113d (size before relaxing)
 .debug_str     0x0000000000001010      0x74f /home/sunho/bebop_ws/devel/arsdk/out/arsdk-native/build/libmux/obj/src/mux_channel.c.o
                                       0x109e (size before relaxing)
 .debug_str     0x000000000000175f      0x111 /home/sunho/bebop_ws/devel/arsdk/out/arsdk-native/build/libmux/obj/src/mux_queue.c.o
                                        0x6c6 (size before relaxing)

.debug_loc      0x0000000000000000     0xab9a
 *(.debug_loc)
 .debug_loc     0x0000000000000000     0x521f /home/sunho/bebop_ws/devel/arsdk/out/arsdk-native/build/libmux/obj/src/mux.c.o
 .debug_loc     0x000000000000521f     0x4d88 /home/sunho/bebop_ws/devel/arsdk/out/arsdk-native/build/libmux/obj/src/mux_channel.c.o
 .debug_loc     0x0000000000009fa7      0xbf3 /home/sunho/bebop_ws/devel/arsdk/out/arsdk-native/build/libmux/obj/src/mux_queue.c.o

.debug_macinfo
 *(.debug_macinfo)

.debug_weaknames
 *(.debug_weaknames)

.debug_funcnames
 *(.debug_funcnames)

.debug_typenames
 *(.debug_typenames)

.debug_varnames
 *(.debug_varnames)

.debug_pubtypes
 *(.debug_pubtypes)

.debug_ranges   0x0000000000000000     0x11f0
 *(.debug_ranges)
 .debug_ranges  0x0000000000000000      0x9a0 /home/sunho/bebop_ws/devel/arsdk/out/arsdk-native/build/libmux/obj/src/mux.c.o
 .debug_ranges  0x00000000000009a0      0x700 /home/sunho/bebop_ws/devel/arsdk/out/arsdk-native/build/libmux/obj/src/mux_channel.c.o
 .debug_ranges  0x00000000000010a0      0x150 /home/sunho/bebop_ws/devel/arsdk/out/arsdk-native/build/libmux/obj/src/mux_queue.c.o

.debug_macro
 *(.debug_macro)

.gnu.attributes
 *(.gnu.attributes)

/DISCARD/
 *(.note.GNU-stack)
 *(.gnu_debuglink)
 *(.gnu.lto_*)
OUTPUT(out/arsdk-native/build/libmux/libmux.so elf64-x86-64)
