
As-needed library included to satisfy reference by file (symbol)

librt.so.1                    /home/sunho/bebop_ws/devel/arsdk/out/arsdk-native/build/libARSAL/obj/Sources/ARSAL_Time.c.o (clock_gettime@@GLIBC_2.2.5)
libpthread.so.0               /home/sunho/bebop_ws/devel/arsdk/out/arsdk-native/build/libARSAL/obj/Sources/ARSAL_Mutex.c.o (pthread_cond_init@@GLIBC_2.3.2)
libc.so.6                     /home/sunho/bebop_ws/devel/arsdk/out/arsdk-native/build/libARSAL/obj/Sources/ARSAL_Socket.c.o (socket@@GLIBC_2.2.5)

Discarded input sections

 .text          0x0000000000000000        0x0 /usr/lib/gcc/x86_64-linux-gnu/4.8/../../../x86_64-linux-gnu/crti.o
 .data          0x0000000000000000        0x0 /usr/lib/gcc/x86_64-linux-gnu/4.8/../../../x86_64-linux-gnu/crti.o
 .bss           0x0000000000000000        0x0 /usr/lib/gcc/x86_64-linux-gnu/4.8/../../../x86_64-linux-gnu/crti.o
 .note.GNU-stack
                0x0000000000000000        0x0 /usr/lib/gcc/x86_64-linux-gnu/4.8/../../../x86_64-linux-gnu/crti.o
 .gnu_debuglink
                0x0000000000000000        0xc /usr/lib/gcc/x86_64-linux-gnu/4.8/../../../x86_64-linux-gnu/crti.o
 .data          0x0000000000000000        0x0 /usr/lib/gcc/x86_64-linux-gnu/4.8/crtbeginS.o
 .note.GNU-stack
                0x0000000000000000        0x0 /usr/lib/gcc/x86_64-linux-gnu/4.8/crtbeginS.o
 .text          0x0000000000000000        0x0 /home/sunho/bebop_ws/devel/arsdk/out/arsdk-native/build/libARSAL/obj/Sources/ARSAL_Ftw.c.o
 .data          0x0000000000000000        0x0 /home/sunho/bebop_ws/devel/arsdk/out/arsdk-native/build/libARSAL/obj/Sources/ARSAL_Ftw.c.o
 .bss           0x0000000000000000        0x0 /home/sunho/bebop_ws/devel/arsdk/out/arsdk-native/build/libARSAL/obj/Sources/ARSAL_Ftw.c.o
 .note.GNU-stack
                0x0000000000000000        0x0 /home/sunho/bebop_ws/devel/arsdk/out/arsdk-native/build/libARSAL/obj/Sources/ARSAL_Ftw.c.o
 .text          0x0000000000000000        0x0 /home/sunho/bebop_ws/devel/arsdk/out/arsdk-native/build/libARSAL/obj/Sources/ARSAL_MD5.c.o
 .data          0x0000000000000000        0x0 /home/sunho/bebop_ws/devel/arsdk/out/arsdk-native/build/libARSAL/obj/Sources/ARSAL_MD5.c.o
 .bss           0x0000000000000000        0x0 /home/sunho/bebop_ws/devel/arsdk/out/arsdk-native/build/libARSAL/obj/Sources/ARSAL_MD5.c.o
 .note.GNU-stack
                0x0000000000000000        0x0 /home/sunho/bebop_ws/devel/arsdk/out/arsdk-native/build/libARSAL/obj/Sources/ARSAL_MD5.c.o
 .text          0x0000000000000000        0x0 /home/sunho/bebop_ws/devel/arsdk/out/arsdk-native/build/libARSAL/obj/Sources/ARSAL_MD5_Manager.c.o
 .data          0x0000000000000000        0x0 /home/sunho/bebop_ws/devel/arsdk/out/arsdk-native/build/libARSAL/obj/Sources/ARSAL_MD5_Manager.c.o
 .bss           0x0000000000000000        0x0 /home/sunho/bebop_ws/devel/arsdk/out/arsdk-native/build/libARSAL/obj/Sources/ARSAL_MD5_Manager.c.o
 .note.GNU-stack
                0x0000000000000000        0x0 /home/sunho/bebop_ws/devel/arsdk/out/arsdk-native/build/libARSAL/obj/Sources/ARSAL_MD5_Manager.c.o
 .text          0x0000000000000000        0x0 /home/sunho/bebop_ws/devel/arsdk/out/arsdk-native/build/libARSAL/obj/Sources/ARSAL_Mutex.c.o
 .data          0x0000000000000000        0x0 /home/sunho/bebop_ws/devel/arsdk/out/arsdk-native/build/libARSAL/obj/Sources/ARSAL_Mutex.c.o
 .bss           0x0000000000000000        0x0 /home/sunho/bebop_ws/devel/arsdk/out/arsdk-native/build/libARSAL/obj/Sources/ARSAL_Mutex.c.o
 .note.GNU-stack
                0x0000000000000000        0x0 /home/sunho/bebop_ws/devel/arsdk/out/arsdk-native/build/libARSAL/obj/Sources/ARSAL_Mutex.c.o
 .text          0x0000000000000000        0x0 /home/sunho/bebop_ws/devel/arsdk/out/arsdk-native/build/libARSAL/obj/Sources/ARSAL_Print.c.o
 .note.GNU-stack
                0x0000000000000000        0x0 /home/sunho/bebop_ws/devel/arsdk/out/arsdk-native/build/libARSAL/obj/Sources/ARSAL_Print.c.o
 .text          0x0000000000000000        0x0 /home/sunho/bebop_ws/devel/arsdk/out/arsdk-native/build/libARSAL/obj/Sources/ARSAL_Sem.c.o
 .data          0x0000000000000000        0x0 /home/sunho/bebop_ws/devel/arsdk/out/arsdk-native/build/libARSAL/obj/Sources/ARSAL_Sem.c.o
 .bss           0x0000000000000000        0x0 /home/sunho/bebop_ws/devel/arsdk/out/arsdk-native/build/libARSAL/obj/Sources/ARSAL_Sem.c.o
 .note.GNU-stack
                0x0000000000000000        0x0 /home/sunho/bebop_ws/devel/arsdk/out/arsdk-native/build/libARSAL/obj/Sources/ARSAL_Sem.c.o
 .text          0x0000000000000000        0x0 /home/sunho/bebop_ws/devel/arsdk/out/arsdk-native/build/libARSAL/obj/Sources/ARSAL_Socket.c.o
 .data          0x0000000000000000        0x0 /home/sunho/bebop_ws/devel/arsdk/out/arsdk-native/build/libARSAL/obj/Sources/ARSAL_Socket.c.o
 .bss           0x0000000000000000        0x0 /home/sunho/bebop_ws/devel/arsdk/out/arsdk-native/build/libARSAL/obj/Sources/ARSAL_Socket.c.o
 .note.GNU-stack
                0x0000000000000000        0x0 /home/sunho/bebop_ws/devel/arsdk/out/arsdk-native/build/libARSAL/obj/Sources/ARSAL_Socket.c.o
 .text          0x0000000000000000        0x0 /home/sunho/bebop_ws/devel/arsdk/out/arsdk-native/build/libARSAL/obj/Sources/ARSAL_Time.c.o
 .data          0x0000000000000000        0x0 /home/sunho/bebop_ws/devel/arsdk/out/arsdk-native/build/libARSAL/obj/Sources/ARSAL_Time.c.o
 .bss           0x0000000000000000        0x0 /home/sunho/bebop_ws/devel/arsdk/out/arsdk-native/build/libARSAL/obj/Sources/ARSAL_Time.c.o
 .note.GNU-stack
                0x0000000000000000        0x0 /home/sunho/bebop_ws/devel/arsdk/out/arsdk-native/build/libARSAL/obj/Sources/ARSAL_Time.c.o
 .text          0x0000000000000000        0x0 /home/sunho/bebop_ws/devel/arsdk/out/arsdk-native/build/libARSAL/obj/Sources/ARSAL_Thread.c.o
 .data          0x0000000000000000        0x0 /home/sunho/bebop_ws/devel/arsdk/out/arsdk-native/build/libARSAL/obj/Sources/ARSAL_Thread.c.o
 .bss           0x0000000000000000        0x0 /home/sunho/bebop_ws/devel/arsdk/out/arsdk-native/build/libARSAL/obj/Sources/ARSAL_Thread.c.o
 .note.GNU-stack
                0x0000000000000000        0x0 /home/sunho/bebop_ws/devel/arsdk/out/arsdk-native/build/libARSAL/obj/Sources/ARSAL_Thread.c.o
 .text          0x0000000000000000        0x0 /home/sunho/bebop_ws/devel/arsdk/out/arsdk-native/build/libARSAL/obj/Sources/md5.c.o
 .data          0x0000000000000000        0x0 /home/sunho/bebop_ws/devel/arsdk/out/arsdk-native/build/libARSAL/obj/Sources/md5.c.o
 .bss           0x0000000000000000        0x0 /home/sunho/bebop_ws/devel/arsdk/out/arsdk-native/build/libARSAL/obj/Sources/md5.c.o
 .note.GNU-stack
                0x0000000000000000        0x0 /home/sunho/bebop_ws/devel/arsdk/out/arsdk-native/build/libARSAL/obj/Sources/md5.c.o
 .text          0x0000000000000000        0x0 /home/sunho/bebop_ws/devel/arsdk/out/arsdk-native/build/libARSAL/obj/gen/Sources/ARSAL_Error.c.o
 .data          0x0000000000000000        0x0 /home/sunho/bebop_ws/devel/arsdk/out/arsdk-native/build/libARSAL/obj/gen/Sources/ARSAL_Error.c.o
 .bss           0x0000000000000000        0x0 /home/sunho/bebop_ws/devel/arsdk/out/arsdk-native/build/libARSAL/obj/gen/Sources/ARSAL_Error.c.o
 .note.GNU-stack
                0x0000000000000000        0x0 /home/sunho/bebop_ws/devel/arsdk/out/arsdk-native/build/libARSAL/obj/gen/Sources/ARSAL_Error.c.o
 .text          0x0000000000000000        0x0 /usr/lib/gcc/x86_64-linux-gnu/4.8/crtendS.o
 .data          0x0000000000000000        0x0 /usr/lib/gcc/x86_64-linux-gnu/4.8/crtendS.o
 .bss           0x0000000000000000        0x0 /usr/lib/gcc/x86_64-linux-gnu/4.8/crtendS.o
 .note.GNU-stack
                0x0000000000000000        0x0 /usr/lib/gcc/x86_64-linux-gnu/4.8/crtendS.o
 .text          0x0000000000000000        0x0 /usr/lib/gcc/x86_64-linux-gnu/4.8/../../../x86_64-linux-gnu/crtn.o
 .data          0x0000000000000000        0x0 /usr/lib/gcc/x86_64-linux-gnu/4.8/../../../x86_64-linux-gnu/crtn.o
 .bss           0x0000000000000000        0x0 /usr/lib/gcc/x86_64-linux-gnu/4.8/../../../x86_64-linux-gnu/crtn.o
 .note.GNU-stack
                0x0000000000000000        0x0 /usr/lib/gcc/x86_64-linux-gnu/4.8/../../../x86_64-linux-gnu/crtn.o
 .gnu_debuglink
                0x0000000000000000        0xc /usr/lib/gcc/x86_64-linux-gnu/4.8/../../../x86_64-linux-gnu/crtn.o

Memory Configuration

Name             Origin             Length             Attributes
*default*        0x0000000000000000 0xffffffffffffffff

Linker script and memory map

LOAD /usr/lib/gcc/x86_64-linux-gnu/4.8/../../../x86_64-linux-gnu/crti.o
LOAD /usr/lib/gcc/x86_64-linux-gnu/4.8/crtbeginS.o
LOAD /home/sunho/bebop_ws/devel/arsdk/out/arsdk-native/build/libARSAL/obj/Sources/ARSAL_Ftw.c.o
LOAD /home/sunho/bebop_ws/devel/arsdk/out/arsdk-native/build/libARSAL/obj/Sources/ARSAL_MD5.c.o
LOAD /home/sunho/bebop_ws/devel/arsdk/out/arsdk-native/build/libARSAL/obj/Sources/ARSAL_MD5_Manager.c.o
LOAD /home/sunho/bebop_ws/devel/arsdk/out/arsdk-native/build/libARSAL/obj/Sources/ARSAL_Mutex.c.o
LOAD /home/sunho/bebop_ws/devel/arsdk/out/arsdk-native/build/libARSAL/obj/Sources/ARSAL_Print.c.o
LOAD /home/sunho/bebop_ws/devel/arsdk/out/arsdk-native/build/libARSAL/obj/Sources/ARSAL_Sem.c.o
LOAD /home/sunho/bebop_ws/devel/arsdk/out/arsdk-native/build/libARSAL/obj/Sources/ARSAL_Socket.c.o
LOAD /home/sunho/bebop_ws/devel/arsdk/out/arsdk-native/build/libARSAL/obj/Sources/ARSAL_Time.c.o
LOAD /home/sunho/bebop_ws/devel/arsdk/out/arsdk-native/build/libARSAL/obj/Sources/ARSAL_Thread.c.o
LOAD /home/sunho/bebop_ws/devel/arsdk/out/arsdk-native/build/libARSAL/obj/Sources/md5.c.o
LOAD /home/sunho/bebop_ws/devel/arsdk/out/arsdk-native/build/libARSAL/obj/gen/Sources/ARSAL_Error.c.o
LOAD /usr/lib/gcc/x86_64-linux-gnu/4.8/../../../x86_64-linux-gnu/librt.so
LOAD /usr/lib/gcc/x86_64-linux-gnu/4.8/libstdc++.so
LOAD /usr/lib/gcc/x86_64-linux-gnu/4.8/../../../x86_64-linux-gnu/libm.so
LOAD /usr/lib/gcc/x86_64-linux-gnu/4.8/libgcc_s.so
LOAD /usr/lib/gcc/x86_64-linux-gnu/4.8/../../../x86_64-linux-gnu/libpthread.so
START GROUP
LOAD /lib/x86_64-linux-gnu/libpthread.so.0
LOAD /usr/lib/x86_64-linux-gnu/libpthread_nonshared.a
END GROUP
LOAD /usr/lib/gcc/x86_64-linux-gnu/4.8/../../../x86_64-linux-gnu/libc.so
START GROUP
LOAD /lib/x86_64-linux-gnu/libc.so.6
LOAD /usr/lib/x86_64-linux-gnu/libc_nonshared.a
LOAD /lib/x86_64-linux-gnu/ld-linux-x86-64.so.2
END GROUP
LOAD /usr/lib/gcc/x86_64-linux-gnu/4.8/libgcc_s.so
LOAD /usr/lib/gcc/x86_64-linux-gnu/4.8/crtendS.o
LOAD /usr/lib/gcc/x86_64-linux-gnu/4.8/../../../x86_64-linux-gnu/crtn.o
                0x00000000000001c8                . = (0x0 + SIZEOF_HEADERS)

.note.gnu.build-id
                0x00000000000001c8       0x24
 *(.note.gnu.build-id)
 .note.gnu.build-id
                0x00000000000001c8       0x24 /usr/lib/gcc/x86_64-linux-gnu/4.8/../../../x86_64-linux-gnu/crti.o

.hash
 *(.hash)

.gnu.hash       0x00000000000001f0      0x1ec
 *(.gnu.hash)
 .gnu.hash      0x00000000000001f0      0x1ec /usr/lib/gcc/x86_64-linux-gnu/4.8/../../../x86_64-linux-gnu/crti.o

.dynsym         0x00000000000003e0      0xd38
 *(.dynsym)
 .dynsym        0x00000000000003e0      0xd38 /usr/lib/gcc/x86_64-linux-gnu/4.8/../../../x86_64-linux-gnu/crti.o

.dynstr         0x0000000000001118      0x8f5
 *(.dynstr)
 .dynstr        0x0000000000001118      0x8f5 /usr/lib/gcc/x86_64-linux-gnu/4.8/../../../x86_64-linux-gnu/crti.o

.gnu.version    0x0000000000001a0e      0x11a
 *(.gnu.version)
 .gnu.version   0x0000000000001a0e      0x11a /usr/lib/gcc/x86_64-linux-gnu/4.8/../../../x86_64-linux-gnu/crti.o

.gnu.version_d  0x0000000000001b28        0x0
 *(.gnu.version_d)
 .gnu.version_d
                0x0000000000000000        0x0 /usr/lib/gcc/x86_64-linux-gnu/4.8/../../../x86_64-linux-gnu/crti.o

.gnu.version_r  0x0000000000001b28       0xb0
 *(.gnu.version_r)
 .gnu.version_r
                0x0000000000001b28       0xb0 /usr/lib/gcc/x86_64-linux-gnu/4.8/../../../x86_64-linux-gnu/crti.o

.rela.dyn       0x0000000000001bd8      0x1b0
 *(.rela.init)
 *(.rela.text .rela.text.* .rela.gnu.linkonce.t.*)
 .rela.text     0x0000000000000000        0x0 /usr/lib/gcc/x86_64-linux-gnu/4.8/../../../x86_64-linux-gnu/crti.o
 *(.rela.fini)
 *(.rela.rodata .rela.rodata.* .rela.gnu.linkonce.r.*)
 *(.rela.data .rela.data.* .rela.gnu.linkonce.d.*)
 .rela.data.rel
                0x0000000000001bd8       0x18 /usr/lib/gcc/x86_64-linux-gnu/4.8/../../../x86_64-linux-gnu/crti.o
 .rela.data.rel.ro.local
                0x0000000000001bf0       0x90 /usr/lib/gcc/x86_64-linux-gnu/4.8/../../../x86_64-linux-gnu/crti.o
 *(.rela.tdata .rela.tdata.* .rela.gnu.linkonce.td.*)
 *(.rela.tbss .rela.tbss.* .rela.gnu.linkonce.tb.*)
 *(.rela.ctors)
 *(.rela.dtors)
 *(.rela.got)
 .rela.got      0x0000000000001c80       0xd8 /usr/lib/gcc/x86_64-linux-gnu/4.8/../../../x86_64-linux-gnu/crti.o
 *(.rela.bss .rela.bss.* .rela.gnu.linkonce.b.*)
 *(.rela.ldata .rela.ldata.* .rela.gnu.linkonce.l.*)
 *(.rela.lbss .rela.lbss.* .rela.gnu.linkonce.lb.*)
 *(.rela.lrodata .rela.lrodata.* .rela.gnu.linkonce.lr.*)
 *(.rela.ifunc)
 .rela.ifunc    0x0000000000000000        0x0 /usr/lib/gcc/x86_64-linux-gnu/4.8/../../../x86_64-linux-gnu/crti.o
 .rela.fini_array
                0x0000000000001d58       0x18 /usr/lib/gcc/x86_64-linux-gnu/4.8/../../../x86_64-linux-gnu/crti.o
 .rela.init_array
                0x0000000000001d70       0x18 /usr/lib/gcc/x86_64-linux-gnu/4.8/../../../x86_64-linux-gnu/crti.o

.rela.plt       0x0000000000001d88      0x6d8
 *(.rela.plt)
 .rela.plt      0x0000000000001d88      0x6d8 /usr/lib/gcc/x86_64-linux-gnu/4.8/../../../x86_64-linux-gnu/crti.o
 *(.rela.iplt)

.init           0x0000000000002460       0x1a
 *(SORT(.init))
 .init          0x0000000000002460       0x15 /usr/lib/gcc/x86_64-linux-gnu/4.8/../../../x86_64-linux-gnu/crti.o
                0x0000000000002460                _init
 .init          0x0000000000002475        0x5 /usr/lib/gcc/x86_64-linux-gnu/4.8/../../../x86_64-linux-gnu/crtn.o

.plt            0x0000000000002480      0x4a0
 *(.plt)
 .plt           0x0000000000002480      0x4a0 /usr/lib/gcc/x86_64-linux-gnu/4.8/../../../x86_64-linux-gnu/crti.o
 *(.iplt)

.text           0x0000000000002920     0x2768
 *(.text.unlikely .text.*_unlikely .text.unlikely.*)
 *(.text.exit .text.exit.*)
 *(.text.startup .text.startup.*)
 *(.text.hot .text.hot.*)
 *(.text .stub .text.* .gnu.linkonce.t.*)
 .text          0x0000000000002920       0xe5 /usr/lib/gcc/x86_64-linux-gnu/4.8/crtbeginS.o
 *fill*         0x0000000000002a05        0xb 
 .text.ARSAL_Ftw
                0x0000000000002a10        0x5 /home/sunho/bebop_ws/devel/arsdk/out/arsdk-native/build/libARSAL/obj/Sources/ARSAL_Ftw.c.o
                0x0000000000002a10                ARSAL_Ftw
 *fill*         0x0000000000002a15        0xb 
 .text.ARSAL_Nftw
                0x0000000000002a20        0x5 /home/sunho/bebop_ws/devel/arsdk/out/arsdk-native/build/libARSAL/obj/Sources/ARSAL_Ftw.c.o
                0x0000000000002a20                ARSAL_Nftw
 *fill*         0x0000000000002a25        0xb 
 .text.ARSAL_MD5_Compute
                0x0000000000002a30      0x171 /home/sunho/bebop_ws/devel/arsdk/out/arsdk-native/build/libARSAL/obj/Sources/ARSAL_MD5.c.o
                0x0000000000002a30                ARSAL_MD5_Compute
 *fill*         0x0000000000002ba1        0xf 
 .text.ARSAL_MD5_Manager_Init
                0x0000000000002bb0       0xd8 /home/sunho/bebop_ws/devel/arsdk/out/arsdk-native/build/libARSAL/obj/Sources/ARSAL_MD5.c.o
                0x0000000000002bb0                ARSAL_MD5_Manager_Init
 *fill*         0x0000000000002c88        0x8 
 .text.ARSAL_MD5_Manager_Close
                0x0000000000002c90       0xb4 /home/sunho/bebop_ws/devel/arsdk/out/arsdk-native/build/libARSAL/obj/Sources/ARSAL_MD5.c.o
                0x0000000000002c90                ARSAL_MD5_Manager_Close
 *fill*         0x0000000000002d44        0xc 
 .text.ARSAL_MD5_GetMd5AsTxt
                0x0000000000002d50       0x7f /home/sunho/bebop_ws/devel/arsdk/out/arsdk-native/build/libARSAL/obj/Sources/ARSAL_MD5.c.o
                0x0000000000002d50                ARSAL_MD5_GetMd5AsTxt
 *fill*         0x0000000000002dcf        0x1 
 .text.ARSAL_MD5_Check
                0x0000000000002dd0      0x13c /home/sunho/bebop_ws/devel/arsdk/out/arsdk-native/build/libARSAL/obj/Sources/ARSAL_MD5.c.o
                0x0000000000002dd0                ARSAL_MD5_Check
 *fill*         0x0000000000002f0c        0x4 
 .text.ARSAL_MD5_Manager_New
                0x0000000000002f10       0xd4 /home/sunho/bebop_ws/devel/arsdk/out/arsdk-native/build/libARSAL/obj/Sources/ARSAL_MD5_Manager.c.o
                0x0000000000002f10                ARSAL_MD5_Manager_New
 *fill*         0x0000000000002fe4        0xc 
 .text.ARSAL_MD5_Manager_Delete
                0x0000000000002ff0       0xce /home/sunho/bebop_ws/devel/arsdk/out/arsdk-native/build/libARSAL/obj/Sources/ARSAL_MD5_Manager.c.o
                0x0000000000002ff0                ARSAL_MD5_Manager_Delete
 *fill*         0x00000000000030be        0x2 
 .text.ARSAL_MD5_Manager_Check
                0x00000000000030c0       0x1e /home/sunho/bebop_ws/devel/arsdk/out/arsdk-native/build/libARSAL/obj/Sources/ARSAL_MD5_Manager.c.o
                0x00000000000030c0                ARSAL_MD5_Manager_Check
 *fill*         0x00000000000030de        0x2 
 .text.ARSAL_MD5_Manager_Compute
                0x00000000000030e0       0x1e /home/sunho/bebop_ws/devel/arsdk/out/arsdk-native/build/libARSAL/obj/Sources/ARSAL_MD5_Manager.c.o
                0x00000000000030e0                ARSAL_MD5_Manager_Compute
 *fill*         0x00000000000030fe        0x2 
 .text.ARSAL_Mutex_Init
                0x0000000000003100       0x1c /home/sunho/bebop_ws/devel/arsdk/out/arsdk-native/build/libARSAL/obj/Sources/ARSAL_Mutex.c.o
                0x0000000000003100                ARSAL_Mutex_Init
 *fill*         0x000000000000311c        0x4 
 .text.ARSAL_Mutex_Destroy
                0x0000000000003120       0x24 /home/sunho/bebop_ws/devel/arsdk/out/arsdk-native/build/libARSAL/obj/Sources/ARSAL_Mutex.c.o
                0x0000000000003120                ARSAL_Mutex_Destroy
 *fill*         0x0000000000003144        0xc 
 .text.ARSAL_Mutex_Lock
                0x0000000000003150       0xf6 /home/sunho/bebop_ws/devel/arsdk/out/arsdk-native/build/libARSAL/obj/Sources/ARSAL_Mutex.c.o
                0x0000000000003150                ARSAL_Mutex_Lock
 *fill*         0x0000000000003246        0xa 
 .text.ARSAL_Mutex_Trylock
                0x0000000000003250       0xf9 /home/sunho/bebop_ws/devel/arsdk/out/arsdk-native/build/libARSAL/obj/Sources/ARSAL_Mutex.c.o
                0x0000000000003250                ARSAL_Mutex_Trylock
 *fill*         0x0000000000003349        0x7 
 .text.ARSAL_Mutex_Unlock
                0x0000000000003350       0xf6 /home/sunho/bebop_ws/devel/arsdk/out/arsdk-native/build/libARSAL/obj/Sources/ARSAL_Mutex.c.o
                0x0000000000003350                ARSAL_Mutex_Unlock
 *fill*         0x0000000000003446        0xa 
 .text.ARSAL_Cond_Init
                0x0000000000003450       0x1c /home/sunho/bebop_ws/devel/arsdk/out/arsdk-native/build/libARSAL/obj/Sources/ARSAL_Mutex.c.o
                0x0000000000003450                ARSAL_Cond_Init
 *fill*         0x000000000000346c        0x4 
 .text.ARSAL_Cond_Destroy
                0x0000000000003470       0x24 /home/sunho/bebop_ws/devel/arsdk/out/arsdk-native/build/libARSAL/obj/Sources/ARSAL_Mutex.c.o
                0x0000000000003470                ARSAL_Cond_Destroy
 *fill*         0x0000000000003494        0xc 
 .text.ARSAL_Cond_Wait
                0x00000000000034a0       0xf9 /home/sunho/bebop_ws/devel/arsdk/out/arsdk-native/build/libARSAL/obj/Sources/ARSAL_Mutex.c.o
                0x00000000000034a0                ARSAL_Cond_Wait
 *fill*         0x0000000000003599        0x7 
 .text.ARSAL_Cond_Timedwait
                0x00000000000035a0      0x191 /home/sunho/bebop_ws/devel/arsdk/out/arsdk-native/build/libARSAL/obj/Sources/ARSAL_Mutex.c.o
                0x00000000000035a0                ARSAL_Cond_Timedwait
 *fill*         0x0000000000003731        0xf 
 .text.ARSAL_Cond_Signal
                0x0000000000003740       0xf6 /home/sunho/bebop_ws/devel/arsdk/out/arsdk-native/build/libARSAL/obj/Sources/ARSAL_Mutex.c.o
                0x0000000000003740                ARSAL_Cond_Signal
 *fill*         0x0000000000003836        0xa 
 .text.ARSAL_Cond_Broadcast
                0x0000000000003840       0xf6 /home/sunho/bebop_ws/devel/arsdk/out/arsdk-native/build/libARSAL/obj/Sources/ARSAL_Mutex.c.o
                0x0000000000003840                ARSAL_Cond_Broadcast
 *fill*         0x0000000000003936        0xa 
 .text.ARSAL_Print_SetMinimumLevel
                0x0000000000003940       0x14 /home/sunho/bebop_ws/devel/arsdk/out/arsdk-native/build/libARSAL/obj/Sources/ARSAL_Print.c.o
                0x0000000000003940                ARSAL_Print_SetMinimumLevel
 *fill*         0x0000000000003954        0xc 
 .text.ARSAL_Print_GetMinimumLevel
                0x0000000000003960        0x7 /home/sunho/bebop_ws/devel/arsdk/out/arsdk-native/build/libARSAL/obj/Sources/ARSAL_Print.c.o
                0x0000000000003960                ARSAL_Print_GetMinimumLevel
 *fill*         0x0000000000003967        0x9 
 .text.ARSAL_Print_SetCallback
                0x0000000000003970        0x8 /home/sunho/bebop_ws/devel/arsdk/out/arsdk-native/build/libARSAL/obj/Sources/ARSAL_Print.c.o
                0x0000000000003970                ARSAL_Print_SetCallback
 *fill*         0x0000000000003978        0x8 
 .text.ARSAL_Print_GetLevelDescription
                0x0000000000003980       0x19 /home/sunho/bebop_ws/devel/arsdk/out/arsdk-native/build/libARSAL/obj/Sources/ARSAL_Print.c.o
                0x0000000000003980                ARSAL_Print_GetLevelDescription
 *fill*         0x0000000000003999        0x7 
 .text.ARSAL_Print_PrintRaw
                0x00000000000039a0      0x149 /home/sunho/bebop_ws/devel/arsdk/out/arsdk-native/build/libARSAL/obj/Sources/ARSAL_Print.c.o
                0x00000000000039a0                ARSAL_Print_PrintRaw
 *fill*         0x0000000000003ae9        0x7 
 .text.ARSAL_Print_DumpData
                0x0000000000003af0      0x18e /home/sunho/bebop_ws/devel/arsdk/out/arsdk-native/build/libARSAL/obj/Sources/ARSAL_Print.c.o
                0x0000000000003af0                ARSAL_Print_DumpData
 *fill*         0x0000000000003c7e        0x2 
 .text.ARSAL_Print_DumpRotateFiles
                0x0000000000003c80      0x233 /home/sunho/bebop_ws/devel/arsdk/out/arsdk-native/build/libARSAL/obj/Sources/ARSAL_Print.c.o
                0x0000000000003c80                ARSAL_Print_DumpRotateFiles
 *fill*         0x0000000000003eb3        0xd 
 .text.ARSAL_Sem_Init
                0x0000000000003ec0       0x92 /home/sunho/bebop_ws/devel/arsdk/out/arsdk-native/build/libARSAL/obj/Sources/ARSAL_Sem.c.o
                0x0000000000003ec0                ARSAL_Sem_Init
 *fill*         0x0000000000003f52        0xe 
 .text.ARSAL_Sem_Destroy
                0x0000000000003f60       0x4a /home/sunho/bebop_ws/devel/arsdk/out/arsdk-native/build/libARSAL/obj/Sources/ARSAL_Sem.c.o
                0x0000000000003f60                ARSAL_Sem_Destroy
 *fill*         0x0000000000003faa        0x6 
 .text.ARSAL_Sem_Wait
                0x0000000000003fb0       0x35 /home/sunho/bebop_ws/devel/arsdk/out/arsdk-native/build/libARSAL/obj/Sources/ARSAL_Sem.c.o
                0x0000000000003fb0                ARSAL_Sem_Wait
 *fill*         0x0000000000003fe5        0xb 
 .text.ARSAL_Sem_Trywait
                0x0000000000003ff0       0x35 /home/sunho/bebop_ws/devel/arsdk/out/arsdk-native/build/libARSAL/obj/Sources/ARSAL_Sem.c.o
                0x0000000000003ff0                ARSAL_Sem_Trywait
 *fill*         0x0000000000004025        0xb 
 .text.ARSAL_Sem_Timedwait
                0x0000000000004030       0xa2 /home/sunho/bebop_ws/devel/arsdk/out/arsdk-native/build/libARSAL/obj/Sources/ARSAL_Sem.c.o
                0x0000000000004030                ARSAL_Sem_Timedwait
 *fill*         0x00000000000040d2        0xe 
 .text.ARSAL_Sem_Post
                0x00000000000040e0       0x35 /home/sunho/bebop_ws/devel/arsdk/out/arsdk-native/build/libARSAL/obj/Sources/ARSAL_Sem.c.o
                0x00000000000040e0                ARSAL_Sem_Post
 *fill*         0x0000000000004115        0xb 
 .text.ARSAL_Sem_Getvalue
                0x0000000000004120       0x35 /home/sunho/bebop_ws/devel/arsdk/out/arsdk-native/build/libARSAL/obj/Sources/ARSAL_Sem.c.o
                0x0000000000004120                ARSAL_Sem_Getvalue
 *fill*         0x0000000000004155        0xb 
 .text.ARSAL_Socket_Create
                0x0000000000004160        0x5 /home/sunho/bebop_ws/devel/arsdk/out/arsdk-native/build/libARSAL/obj/Sources/ARSAL_Socket.c.o
                0x0000000000004160                ARSAL_Socket_Create
 *fill*         0x0000000000004165        0xb 
 .text.ARSAL_Socket_Connect
                0x0000000000004170        0x5 /home/sunho/bebop_ws/devel/arsdk/out/arsdk-native/build/libARSAL/obj/Sources/ARSAL_Socket.c.o
                0x0000000000004170                ARSAL_Socket_Connect
 *fill*         0x0000000000004175        0xb 
 .text.ARSAL_Socket_Sendto
                0x0000000000004180        0x5 /home/sunho/bebop_ws/devel/arsdk/out/arsdk-native/build/libARSAL/obj/Sources/ARSAL_Socket.c.o
                0x0000000000004180                ARSAL_Socket_Sendto
 *fill*         0x0000000000004185        0xb 
 .text.ARSAL_Socket_Send
                0x0000000000004190       0x5a /home/sunho/bebop_ws/devel/arsdk/out/arsdk-native/build/libARSAL/obj/Sources/ARSAL_Socket.c.o
                0x0000000000004190                ARSAL_Socket_Send
 *fill*         0x00000000000041ea        0x6 
 .text.ARSAL_Socket_Recvfrom
                0x00000000000041f0        0x5 /home/sunho/bebop_ws/devel/arsdk/out/arsdk-native/build/libARSAL/obj/Sources/ARSAL_Socket.c.o
                0x00000000000041f0                ARSAL_Socket_Recvfrom
 *fill*         0x00000000000041f5        0xb 
 .text.ARSAL_Socket_Recv
                0x0000000000004200        0x5 /home/sunho/bebop_ws/devel/arsdk/out/arsdk-native/build/libARSAL/obj/Sources/ARSAL_Socket.c.o
                0x0000000000004200                ARSAL_Socket_Recv
 *fill*         0x0000000000004205        0xb 
 .text.ARSAL_Socket_Writev
                0x0000000000004210        0x5 /home/sunho/bebop_ws/devel/arsdk/out/arsdk-native/build/libARSAL/obj/Sources/ARSAL_Socket.c.o
                0x0000000000004210                ARSAL_Socket_Writev
 *fill*         0x0000000000004215        0xb 
 .text.ARSAL_Socket_Readv
                0x0000000000004220        0x5 /home/sunho/bebop_ws/devel/arsdk/out/arsdk-native/build/libARSAL/obj/Sources/ARSAL_Socket.c.o
                0x0000000000004220                ARSAL_Socket_Readv
 *fill*         0x0000000000004225        0xb 
 .text.ARSAL_Socket_Bind
                0x0000000000004230        0x5 /home/sunho/bebop_ws/devel/arsdk/out/arsdk-native/build/libARSAL/obj/Sources/ARSAL_Socket.c.o
                0x0000000000004230                ARSAL_Socket_Bind
 *fill*         0x0000000000004235        0xb 
 .text.ARSAL_Socket_Listen
                0x0000000000004240        0x5 /home/sunho/bebop_ws/devel/arsdk/out/arsdk-native/build/libARSAL/obj/Sources/ARSAL_Socket.c.o
                0x0000000000004240                ARSAL_Socket_Listen
 *fill*         0x0000000000004245        0xb 
 .text.ARSAL_Socket_Accept
                0x0000000000004250        0x5 /home/sunho/bebop_ws/devel/arsdk/out/arsdk-native/build/libARSAL/obj/Sources/ARSAL_Socket.c.o
                0x0000000000004250                ARSAL_Socket_Accept
 *fill*         0x0000000000004255        0xb 
 .text.ARSAL_Socket_Close
                0x0000000000004260        0x5 /home/sunho/bebop_ws/devel/arsdk/out/arsdk-native/build/libARSAL/obj/Sources/ARSAL_Socket.c.o
                0x0000000000004260                ARSAL_Socket_Close
 *fill*         0x0000000000004265        0xb 
 .text.ARSAL_Socket_Setsockopt
                0x0000000000004270        0x5 /home/sunho/bebop_ws/devel/arsdk/out/arsdk-native/build/libARSAL/obj/Sources/ARSAL_Socket.c.o
                0x0000000000004270                ARSAL_Socket_Setsockopt
 *fill*         0x0000000000004275        0xb 
 .text.ARSAL_Socket_Getsockopt
                0x0000000000004280        0x5 /home/sunho/bebop_ws/devel/arsdk/out/arsdk-native/build/libARSAL/obj/Sources/ARSAL_Socket.c.o
                0x0000000000004280                ARSAL_Socket_Getsockopt
 *fill*         0x0000000000004285        0xb 
 .text.ARSAL_Socket_Getsockname
                0x0000000000004290        0x5 /home/sunho/bebop_ws/devel/arsdk/out/arsdk-native/build/libARSAL/obj/Sources/ARSAL_Socket.c.o
                0x0000000000004290                ARSAL_Socket_Getsockname
 *fill*         0x0000000000004295        0xb 
 .text.ARSAL_Time_GetTime
                0x00000000000042a0       0x1e /home/sunho/bebop_ws/devel/arsdk/out/arsdk-native/build/libARSAL/obj/Sources/ARSAL_Time.c.o
                0x00000000000042a0                ARSAL_Time_GetTime
 *fill*         0x00000000000042be        0x2 
 .text.ARSAL_Time_GetLocalTime
                0x00000000000042c0       0x6c /home/sunho/bebop_ws/devel/arsdk/out/arsdk-native/build/libARSAL/obj/Sources/ARSAL_Time.c.o
                0x00000000000042c0                ARSAL_Time_GetLocalTime
 *fill*         0x000000000000432c        0x4 
 .text.ARSAL_Time_TimevalEquals
                0x0000000000004330       0x2f /home/sunho/bebop_ws/devel/arsdk/out/arsdk-native/build/libARSAL/obj/Sources/ARSAL_Time.c.o
                0x0000000000004330                ARSAL_Time_TimevalEquals
 *fill*         0x000000000000435f        0x1 
 .text.ARSAL_Time_TimespecEquals
                0x0000000000004360       0x2f /home/sunho/bebop_ws/devel/arsdk/out/arsdk-native/build/libARSAL/obj/Sources/ARSAL_Time.c.o
                0x0000000000004360                ARSAL_Time_TimespecEquals
 *fill*         0x000000000000438f        0x1 
 .text.ARSAL_Time_ComputeTimevalMsTimeDiff
                0x0000000000004390       0x5e /home/sunho/bebop_ws/devel/arsdk/out/arsdk-native/build/libARSAL/obj/Sources/ARSAL_Time.c.o
                0x0000000000004390                ARSAL_Time_ComputeTimevalMsTimeDiff
 *fill*         0x00000000000043ee        0x2 
 .text.ARSAL_Time_ComputeTimespecMsTimeDiff
                0x00000000000043f0       0x5e /home/sunho/bebop_ws/devel/arsdk/out/arsdk-native/build/libARSAL/obj/Sources/ARSAL_Time.c.o
                0x00000000000043f0                ARSAL_Time_ComputeTimespecMsTimeDiff
 *fill*         0x000000000000444e        0x2 
 .text.ARSAL_Thread_Create
                0x0000000000004450       0x77 /home/sunho/bebop_ws/devel/arsdk/out/arsdk-native/build/libARSAL/obj/Sources/ARSAL_Thread.c.o
                0x0000000000004450                ARSAL_Thread_Create
 *fill*         0x00000000000044c7        0x9 
 .text.ARSAL_Thread_Join
                0x00000000000044d0        0x8 /home/sunho/bebop_ws/devel/arsdk/out/arsdk-native/build/libARSAL/obj/Sources/ARSAL_Thread.c.o
                0x00000000000044d0                ARSAL_Thread_Join
 *fill*         0x00000000000044d8        0x8 
 .text.ARSAL_Thread_Destroy
                0x00000000000044e0       0x13 /home/sunho/bebop_ws/devel/arsdk/out/arsdk-native/build/libARSAL/obj/Sources/ARSAL_Thread.c.o
                0x00000000000044e0                ARSAL_Thread_Destroy
 *fill*         0x00000000000044f3        0xd 
 .text.body     0x0000000000004500      0x782 /home/sunho/bebop_ws/devel/arsdk/out/arsdk-native/build/libARSAL/obj/Sources/md5.c.o
 *fill*         0x0000000000004c82        0xe 
 .text.AR_MD5_Init
                0x0000000000004c90       0x2a /home/sunho/bebop_ws/devel/arsdk/out/arsdk-native/build/libARSAL/obj/Sources/md5.c.o
                0x0000000000004c90                AR_MD5_Init
 *fill*         0x0000000000004cba        0x6 
 .text.AR_MD5_Update
                0x0000000000004cc0       0xd1 /home/sunho/bebop_ws/devel/arsdk/out/arsdk-native/build/libARSAL/obj/Sources/md5.c.o
                0x0000000000004cc0                AR_MD5_Update
 *fill*         0x0000000000004d91        0xf 
 .text.AR_MD5_Final
                0x0000000000004da0      0x1ca /home/sunho/bebop_ws/devel/arsdk/out/arsdk-native/build/libARSAL/obj/Sources/md5.c.o
                0x0000000000004da0                AR_MD5_Final
 *fill*         0x0000000000004f6a        0x6 
 .text.ARSAL_Error_ToString
                0x0000000000004f70      0x118 /home/sunho/bebop_ws/devel/arsdk/out/arsdk-native/build/libARSAL/obj/gen/Sources/ARSAL_Error.c.o
                0x0000000000004f70                ARSAL_Error_ToString
 *(.gnu.warning)

.fini           0x0000000000005088        0x9
 *(SORT(.fini))
 .fini          0x0000000000005088        0x4 /usr/lib/gcc/x86_64-linux-gnu/4.8/../../../x86_64-linux-gnu/crti.o
                0x0000000000005088                _fini
 .fini          0x000000000000508c        0x5 /usr/lib/gcc/x86_64-linux-gnu/4.8/../../../x86_64-linux-gnu/crtn.o
                0x0000000000005091                PROVIDE (__etext, .)
                0x0000000000005091                PROVIDE (_etext, .)
                0x0000000000005091                PROVIDE (etext, .)

.rodata         0x00000000000050a0      0x480
 *(.rodata .rodata.* .gnu.linkonce.r.*)
 .rodata.str1.1
                0x00000000000050a0       0x29 /home/sunho/bebop_ws/devel/arsdk/out/arsdk-native/build/libARSAL/obj/Sources/ARSAL_MD5.c.o
 *fill*         0x00000000000050c9        0x7 
 .rodata        0x00000000000050d0       0x67 /home/sunho/bebop_ws/devel/arsdk/out/arsdk-native/build/libARSAL/obj/Sources/ARSAL_MD5.c.o
 .rodata.str1.1
                0x0000000000000000       0x21 /home/sunho/bebop_ws/devel/arsdk/out/arsdk-native/build/libARSAL/obj/Sources/ARSAL_MD5_Manager.c.o
 *fill*         0x0000000000005137        0x9 
 .rodata        0x0000000000005140       0x36 /home/sunho/bebop_ws/devel/arsdk/out/arsdk-native/build/libARSAL/obj/Sources/ARSAL_MD5_Manager.c.o
 .rodata.str1.1
                0x0000000000005176        0xc /home/sunho/bebop_ws/devel/arsdk/out/arsdk-native/build/libARSAL/obj/Sources/ARSAL_Mutex.c.o
                                         0x15 (size before relaxing)
 *fill*         0x0000000000005182        0x6 
 .rodata.str1.8
                0x0000000000005188       0xa1 /home/sunho/bebop_ws/devel/arsdk/out/arsdk-native/build/libARSAL/obj/Sources/ARSAL_Mutex.c.o
 *fill*         0x0000000000005229        0x7 
 .rodata        0x0000000000005230       0xc1 /home/sunho/bebop_ws/devel/arsdk/out/arsdk-native/build/libARSAL/obj/Sources/ARSAL_Mutex.c.o
 .rodata.str1.1
                0x00000000000052f1       0x3b /home/sunho/bebop_ws/devel/arsdk/out/arsdk-native/build/libARSAL/obj/Sources/ARSAL_Print.c.o
                                         0x44 (size before relaxing)
 *fill*         0x000000000000532c        0x4 
 .rodata.str1.8
                0x0000000000005330       0x3d /home/sunho/bebop_ws/devel/arsdk/out/arsdk-native/build/libARSAL/obj/Sources/ARSAL_Print.c.o
 *fill*         0x000000000000536d        0x3 
 .rodata        0x0000000000005370       0x1c /home/sunho/bebop_ws/devel/arsdk/out/arsdk-native/build/libARSAL/obj/Sources/ARSAL_Print.c.o
 .rodata.str1.1
                0x000000000000538c      0x105 /home/sunho/bebop_ws/devel/arsdk/out/arsdk-native/build/libARSAL/obj/gen/Sources/ARSAL_Error.c.o
 *fill*         0x0000000000005491        0x7 
 .rodata.str1.8
                0x0000000000005498       0x88 /home/sunho/bebop_ws/devel/arsdk/out/arsdk-native/build/libARSAL/obj/gen/Sources/ARSAL_Error.c.o
                                         0x85 (size before relaxing)

.rodata1
 *(.rodata1)

.eh_frame_hdr   0x0000000000005520      0x214
 *(.eh_frame_hdr)
 .eh_frame_hdr  0x0000000000005520      0x214 /home/sunho/bebop_ws/devel/arsdk/out/arsdk-native/build/libARSAL/obj/Sources/ARSAL_Ftw.c.o

.eh_frame       0x0000000000005738      0xa94
 *(.eh_frame)
 .eh_frame      0x0000000000005738       0x40 /usr/lib/gcc/x86_64-linux-gnu/4.8/../../../x86_64-linux-gnu/crti.o
 .eh_frame      0x0000000000005778       0x48 /home/sunho/bebop_ws/devel/arsdk/out/arsdk-native/build/libARSAL/obj/Sources/ARSAL_Ftw.c.o
                                         0x40 (size before relaxing)
 .eh_frame      0x00000000000057c0      0x140 /home/sunho/bebop_ws/devel/arsdk/out/arsdk-native/build/libARSAL/obj/Sources/ARSAL_MD5.c.o
                                        0x148 (size before relaxing)
 .eh_frame      0x0000000000005900       0xa0 /home/sunho/bebop_ws/devel/arsdk/out/arsdk-native/build/libARSAL/obj/Sources/ARSAL_MD5_Manager.c.o
                                         0xa8 (size before relaxing)
 .eh_frame      0x00000000000059a0      0x220 /home/sunho/bebop_ws/devel/arsdk/out/arsdk-native/build/libARSAL/obj/Sources/ARSAL_Mutex.c.o
                                        0x218 (size before relaxing)
 .eh_frame      0x0000000000005bc0      0x118 /home/sunho/bebop_ws/devel/arsdk/out/arsdk-native/build/libARSAL/obj/Sources/ARSAL_Print.c.o
 .eh_frame      0x0000000000005cd8      0x138 /home/sunho/bebop_ws/devel/arsdk/out/arsdk-native/build/libARSAL/obj/Sources/ARSAL_Sem.c.o
                                        0x148 (size before relaxing)
 .eh_frame      0x0000000000005e10      0x198 /home/sunho/bebop_ws/devel/arsdk/out/arsdk-native/build/libARSAL/obj/Sources/ARSAL_Socket.c.o
                                        0x178 (size before relaxing)
 .eh_frame      0x0000000000005fa8       0xb8 /home/sunho/bebop_ws/devel/arsdk/out/arsdk-native/build/libARSAL/obj/Sources/ARSAL_Time.c.o
 .eh_frame      0x0000000000006060       0x80 /home/sunho/bebop_ws/devel/arsdk/out/arsdk-native/build/libARSAL/obj/Sources/ARSAL_Thread.c.o
                                         0x90 (size before relaxing)
 .eh_frame      0x00000000000060e0       0xd0 /home/sunho/bebop_ws/devel/arsdk/out/arsdk-native/build/libARSAL/obj/Sources/md5.c.o
                                         0xe0 (size before relaxing)
 .eh_frame      0x00000000000061b0       0x18 /home/sunho/bebop_ws/devel/arsdk/out/arsdk-native/build/libARSAL/obj/gen/Sources/ARSAL_Error.c.o
                                         0x30 (size before relaxing)
 .eh_frame      0x00000000000061c8        0x4 /usr/lib/gcc/x86_64-linux-gnu/4.8/crtendS.o

.gcc_except_table
 *(.gcc_except_table .gcc_except_table.*)

.exception_ranges
 *(.exception_ranges .exception_ranges*)
                0x00000000000061cc                . = (ALIGN (0x200000) - ((0x200000 - .) & 0x1fffff))
                0x0000000000206d64                . = DATA_SEGMENT_ALIGN (0x200000, 0x1000)

.eh_frame
 *(.eh_frame)

.gcc_except_table
 *(.gcc_except_table .gcc_except_table.*)

.exception_ranges
 *(.exception_ranges .exception_ranges*)

.tdata
 *(.tdata .tdata.* .gnu.linkonce.td.*)

.tbss
 *(.tbss .tbss.* .gnu.linkonce.tb.*)
 *(.tcommon)

.preinit_array
 *(.preinit_array)

.init_array     0x0000000000206d68        0x8
 *(SORT(.init_array.*) SORT(.ctors.*))
 *(.init_array EXCLUDE_FILE(*crtend?.o *crtend.o *crtbegin?.o *crtbegin.o) .ctors)
 .init_array    0x0000000000206d68        0x8 /usr/lib/gcc/x86_64-linux-gnu/4.8/crtbeginS.o

.fini_array     0x0000000000206d70        0x8
 *(SORT(.fini_array.*) SORT(.dtors.*))
 *(.fini_array EXCLUDE_FILE(*crtend?.o *crtend.o *crtbegin?.o *crtbegin.o) .dtors)
 .fini_array    0x0000000000206d70        0x8 /usr/lib/gcc/x86_64-linux-gnu/4.8/crtbeginS.o

.ctors
 *crtbegin.o(.ctors)
 *crtbegin?.o(.ctors)
 *(EXCLUDE_FILE(*crtend?.o *crtend.o) .ctors)
 *(SORT(.ctors.*))
 *(.ctors)

.dtors
 *crtbegin.o(.dtors)
 *crtbegin?.o(.dtors)
 *(EXCLUDE_FILE(*crtend?.o *crtend.o) .dtors)
 *(SORT(.dtors.*))
 *(.dtors)

.jcr            0x0000000000206d78        0x8
 *(.jcr)
 .jcr           0x0000000000206d78        0x0 /usr/lib/gcc/x86_64-linux-gnu/4.8/crtbeginS.o
 .jcr           0x0000000000206d78        0x8 /usr/lib/gcc/x86_64-linux-gnu/4.8/crtendS.o

.data.rel.ro    0x0000000000206d80       0x30
 *(.data.rel.ro.local* .gnu.linkonce.d.rel.ro.local.*)
 .data.rel.ro.local
                0x0000000000206d80       0x30 /home/sunho/bebop_ws/devel/arsdk/out/arsdk-native/build/libARSAL/obj/Sources/ARSAL_Print.c.o
 *(.data.rel.ro .data.rel.ro.* .gnu.linkonce.d.rel.ro.*)

.dynamic        0x0000000000206db0      0x1f0
 *(.dynamic)
 .dynamic       0x0000000000206db0      0x1f0 /usr/lib/gcc/x86_64-linux-gnu/4.8/../../../x86_64-linux-gnu/crti.o
                0x0000000000206db0                _DYNAMIC

.got            0x0000000000206fa0       0x48
 *(.got)
 .got           0x0000000000206fa0       0x48 /usr/lib/gcc/x86_64-linux-gnu/4.8/../../../x86_64-linux-gnu/crti.o
 *(.igot)
                0x0000000000206fe8                . = DATA_SEGMENT_RELRO_END (., (SIZEOF (.got.plt) >= 0x18)?0x18:0x0)

.got.plt        0x0000000000207000      0x260
 *(.got.plt)
 .got.plt       0x0000000000207000      0x260 /usr/lib/gcc/x86_64-linux-gnu/4.8/../../../x86_64-linux-gnu/crti.o
                0x0000000000207000                _GLOBAL_OFFSET_TABLE_
 *(.igot.plt)

.data           0x0000000000207260        0xc
 *(.data .data.* .gnu.linkonce.d.*)
 .data.rel      0x0000000000207260        0x8 /usr/lib/gcc/x86_64-linux-gnu/4.8/crtbeginS.o
                0x0000000000207260                __dso_handle
 .data          0x0000000000207268        0x4 /home/sunho/bebop_ws/devel/arsdk/out/arsdk-native/build/libARSAL/obj/Sources/ARSAL_Print.c.o

.tm_clone_table
                0x0000000000207270        0x0
 .tm_clone_table
                0x0000000000207270        0x0 /usr/lib/gcc/x86_64-linux-gnu/4.8/crtbeginS.o
 .tm_clone_table
                0x0000000000207270        0x0 /usr/lib/gcc/x86_64-linux-gnu/4.8/crtendS.o

.data1
 *(.data1)
                0x0000000000207270                _edata = .
                0x0000000000207270                PROVIDE (edata, .)
                0x0000000000207270                . = .
                0x0000000000207270                __bss_start = .

.bss            0x0000000000207270       0x10
 *(.dynbss)
 .dynbss        0x0000000000000000        0x0 /usr/lib/gcc/x86_64-linux-gnu/4.8/../../../x86_64-linux-gnu/crti.o
 *(.bss .bss.* .gnu.linkonce.b.*)
 .bss           0x0000000000207270        0x1 /usr/lib/gcc/x86_64-linux-gnu/4.8/crtbeginS.o
 *fill*         0x0000000000207271        0x7 
 .bss           0x0000000000207278        0x8 /home/sunho/bebop_ws/devel/arsdk/out/arsdk-native/build/libARSAL/obj/Sources/ARSAL_Print.c.o
 *(COMMON)
                0x0000000000207280                . = ALIGN ((. != 0x0)?0x8:0x1)

.lbss
 *(.dynlbss)
 *(.lbss .lbss.* .gnu.linkonce.lb.*)
 *(LARGE_COMMON)
                0x0000000000207280                . = ALIGN (0x8)
                0x0000000000207280                . = SEGMENT_START ("ldata-segment", .)

.lrodata
 *(.lrodata .lrodata.* .gnu.linkonce.lr.*)

.ldata          0x0000000000607280        0x0
 *(.ldata .ldata.* .gnu.linkonce.l.*)
                0x0000000000607280                . = ALIGN ((. != 0x0)?0x8:0x1)
                0x0000000000607280                . = ALIGN (0x8)
                0x0000000000607280                _end = .
                0x0000000000607280                PROVIDE (end, .)
                0x0000000000607280                . = DATA_SEGMENT_END (.)

.stab
 *(.stab)

.stabstr
 *(.stabstr)

.stab.excl
 *(.stab.excl)

.stab.exclstr
 *(.stab.exclstr)

.stab.index
 *(.stab.index)

.stab.indexstr
 *(.stab.indexstr)

.comment        0x0000000000000000       0x2b
 *(.comment)
 .comment       0x0000000000000000       0x2b /usr/lib/gcc/x86_64-linux-gnu/4.8/crtbeginS.o
                                         0x2c (size before relaxing)
 .comment       0x0000000000000000       0x2c /home/sunho/bebop_ws/devel/arsdk/out/arsdk-native/build/libARSAL/obj/Sources/ARSAL_Ftw.c.o
 .comment       0x0000000000000000       0x2c /home/sunho/bebop_ws/devel/arsdk/out/arsdk-native/build/libARSAL/obj/Sources/ARSAL_MD5.c.o
 .comment       0x0000000000000000       0x2c /home/sunho/bebop_ws/devel/arsdk/out/arsdk-native/build/libARSAL/obj/Sources/ARSAL_MD5_Manager.c.o
 .comment       0x0000000000000000       0x2c /home/sunho/bebop_ws/devel/arsdk/out/arsdk-native/build/libARSAL/obj/Sources/ARSAL_Mutex.c.o
 .comment       0x0000000000000000       0x2c /home/sunho/bebop_ws/devel/arsdk/out/arsdk-native/build/libARSAL/obj/Sources/ARSAL_Print.c.o
 .comment       0x0000000000000000       0x2c /home/sunho/bebop_ws/devel/arsdk/out/arsdk-native/build/libARSAL/obj/Sources/ARSAL_Sem.c.o
 .comment       0x0000000000000000       0x2c /home/sunho/bebop_ws/devel/arsdk/out/arsdk-native/build/libARSAL/obj/Sources/ARSAL_Socket.c.o
 .comment       0x0000000000000000       0x2c /home/sunho/bebop_ws/devel/arsdk/out/arsdk-native/build/libARSAL/obj/Sources/ARSAL_Time.c.o
 .comment       0x0000000000000000       0x2c /home/sunho/bebop_ws/devel/arsdk/out/arsdk-native/build/libARSAL/obj/Sources/ARSAL_Thread.c.o
 .comment       0x0000000000000000       0x2c /home/sunho/bebop_ws/devel/arsdk/out/arsdk-native/build/libARSAL/obj/Sources/md5.c.o
 .comment       0x0000000000000000       0x2c /home/sunho/bebop_ws/devel/arsdk/out/arsdk-native/build/libARSAL/obj/gen/Sources/ARSAL_Error.c.o
 .comment       0x0000000000000000       0x2c /usr/lib/gcc/x86_64-linux-gnu/4.8/crtendS.o

.debug
 *(.debug)

.line
 *(.line)

.debug_srcinfo
 *(.debug_srcinfo)

.debug_sfnames
 *(.debug_sfnames)

.debug_aranges  0x0000000000000000      0x570
 *(.debug_aranges)
 .debug_aranges
                0x0000000000000000       0x40 /home/sunho/bebop_ws/devel/arsdk/out/arsdk-native/build/libARSAL/obj/Sources/ARSAL_Ftw.c.o
 .debug_aranges
                0x0000000000000040       0x70 /home/sunho/bebop_ws/devel/arsdk/out/arsdk-native/build/libARSAL/obj/Sources/ARSAL_MD5.c.o
 .debug_aranges
                0x00000000000000b0       0x60 /home/sunho/bebop_ws/devel/arsdk/out/arsdk-native/build/libARSAL/obj/Sources/ARSAL_MD5_Manager.c.o
 .debug_aranges
                0x0000000000000110       0xd0 /home/sunho/bebop_ws/devel/arsdk/out/arsdk-native/build/libARSAL/obj/Sources/ARSAL_Mutex.c.o
 .debug_aranges
                0x00000000000001e0       0x90 /home/sunho/bebop_ws/devel/arsdk/out/arsdk-native/build/libARSAL/obj/Sources/ARSAL_Print.c.o
 .debug_aranges
                0x0000000000000270       0x90 /home/sunho/bebop_ws/devel/arsdk/out/arsdk-native/build/libARSAL/obj/Sources/ARSAL_Sem.c.o
 .debug_aranges
                0x0000000000000300      0x110 /home/sunho/bebop_ws/devel/arsdk/out/arsdk-native/build/libARSAL/obj/Sources/ARSAL_Socket.c.o
 .debug_aranges
                0x0000000000000410       0x80 /home/sunho/bebop_ws/devel/arsdk/out/arsdk-native/build/libARSAL/obj/Sources/ARSAL_Time.c.o
 .debug_aranges
                0x0000000000000490       0x50 /home/sunho/bebop_ws/devel/arsdk/out/arsdk-native/build/libARSAL/obj/Sources/ARSAL_Thread.c.o
 .debug_aranges
                0x00000000000004e0       0x60 /home/sunho/bebop_ws/devel/arsdk/out/arsdk-native/build/libARSAL/obj/Sources/md5.c.o
 .debug_aranges
                0x0000000000000540       0x30 /home/sunho/bebop_ws/devel/arsdk/out/arsdk-native/build/libARSAL/obj/gen/Sources/ARSAL_Error.c.o

.debug_pubnames
 *(.debug_pubnames)

.debug_info     0x0000000000000000     0x6638
 *(.debug_info .gnu.linkonce.wi.*)
 .debug_info    0x0000000000000000      0x6ab /home/sunho/bebop_ws/devel/arsdk/out/arsdk-native/build/libARSAL/obj/Sources/ARSAL_Ftw.c.o
 .debug_info    0x00000000000006ab      0xf93 /home/sunho/bebop_ws/devel/arsdk/out/arsdk-native/build/libARSAL/obj/Sources/ARSAL_MD5.c.o
 .debug_info    0x000000000000163e      0x971 /home/sunho/bebop_ws/devel/arsdk/out/arsdk-native/build/libARSAL/obj/Sources/ARSAL_MD5_Manager.c.o
 .debug_info    0x0000000000001faf     0x14fc /home/sunho/bebop_ws/devel/arsdk/out/arsdk-native/build/libARSAL/obj/Sources/ARSAL_Mutex.c.o
 .debug_info    0x00000000000034ab      0xfa8 /home/sunho/bebop_ws/devel/arsdk/out/arsdk-native/build/libARSAL/obj/Sources/ARSAL_Print.c.o
 .debug_info    0x0000000000004453      0x623 /home/sunho/bebop_ws/devel/arsdk/out/arsdk-native/build/libARSAL/obj/Sources/ARSAL_Sem.c.o
 .debug_info    0x0000000000004a76      0xc1d /home/sunho/bebop_ws/devel/arsdk/out/arsdk-native/build/libARSAL/obj/Sources/ARSAL_Socket.c.o
 .debug_info    0x0000000000005693      0x422 /home/sunho/bebop_ws/devel/arsdk/out/arsdk-native/build/libARSAL/obj/Sources/ARSAL_Time.c.o
 .debug_info    0x0000000000005ab5      0x511 /home/sunho/bebop_ws/devel/arsdk/out/arsdk-native/build/libARSAL/obj/Sources/ARSAL_Thread.c.o
 .debug_info    0x0000000000005fc6      0x584 /home/sunho/bebop_ws/devel/arsdk/out/arsdk-native/build/libARSAL/obj/Sources/md5.c.o
 .debug_info    0x000000000000654a       0xee /home/sunho/bebop_ws/devel/arsdk/out/arsdk-native/build/libARSAL/obj/gen/Sources/ARSAL_Error.c.o

.debug_abbrev   0x0000000000000000     0x1564
 *(.debug_abbrev)
 .debug_abbrev  0x0000000000000000      0x15c /home/sunho/bebop_ws/devel/arsdk/out/arsdk-native/build/libARSAL/obj/Sources/ARSAL_Ftw.c.o
 .debug_abbrev  0x000000000000015c      0x325 /home/sunho/bebop_ws/devel/arsdk/out/arsdk-native/build/libARSAL/obj/Sources/ARSAL_MD5.c.o
 .debug_abbrev  0x0000000000000481      0x20c /home/sunho/bebop_ws/devel/arsdk/out/arsdk-native/build/libARSAL/obj/Sources/ARSAL_MD5_Manager.c.o
 .debug_abbrev  0x000000000000068d      0x22b /home/sunho/bebop_ws/devel/arsdk/out/arsdk-native/build/libARSAL/obj/Sources/ARSAL_Mutex.c.o
 .debug_abbrev  0x00000000000008b8      0x352 /home/sunho/bebop_ws/devel/arsdk/out/arsdk-native/build/libARSAL/obj/Sources/ARSAL_Print.c.o
 .debug_abbrev  0x0000000000000c0a      0x212 /home/sunho/bebop_ws/devel/arsdk/out/arsdk-native/build/libARSAL/obj/Sources/ARSAL_Sem.c.o
 .debug_abbrev  0x0000000000000e1c      0x1d1 /home/sunho/bebop_ws/devel/arsdk/out/arsdk-native/build/libARSAL/obj/Sources/ARSAL_Socket.c.o
 .debug_abbrev  0x0000000000000fed      0x16b /home/sunho/bebop_ws/devel/arsdk/out/arsdk-native/build/libARSAL/obj/Sources/ARSAL_Time.c.o
 .debug_abbrev  0x0000000000001158      0x1bc /home/sunho/bebop_ws/devel/arsdk/out/arsdk-native/build/libARSAL/obj/Sources/ARSAL_Thread.c.o
 .debug_abbrev  0x0000000000001314      0x1d3 /home/sunho/bebop_ws/devel/arsdk/out/arsdk-native/build/libARSAL/obj/Sources/md5.c.o
 .debug_abbrev  0x00000000000014e7       0x7d /home/sunho/bebop_ws/devel/arsdk/out/arsdk-native/build/libARSAL/obj/gen/Sources/ARSAL_Error.c.o

.debug_line     0x0000000000000000     0x1bc1
 *(.debug_line .debug_line.* .debug_line_end)
 .debug_line    0x0000000000000000      0x145 /home/sunho/bebop_ws/devel/arsdk/out/arsdk-native/build/libARSAL/obj/Sources/ARSAL_Ftw.c.o
 .debug_line    0x0000000000000145      0x275 /home/sunho/bebop_ws/devel/arsdk/out/arsdk-native/build/libARSAL/obj/Sources/ARSAL_MD5.c.o
 .debug_line    0x00000000000003ba      0x1de /home/sunho/bebop_ws/devel/arsdk/out/arsdk-native/build/libARSAL/obj/Sources/ARSAL_MD5_Manager.c.o
 .debug_line    0x0000000000000598      0x2e5 /home/sunho/bebop_ws/devel/arsdk/out/arsdk-native/build/libARSAL/obj/Sources/ARSAL_Mutex.c.o
 .debug_line    0x000000000000087d      0x34a /home/sunho/bebop_ws/devel/arsdk/out/arsdk-native/build/libARSAL/obj/Sources/ARSAL_Print.c.o
 .debug_line    0x0000000000000bc7      0x267 /home/sunho/bebop_ws/devel/arsdk/out/arsdk-native/build/libARSAL/obj/Sources/ARSAL_Sem.c.o
 .debug_line    0x0000000000000e2e      0x298 /home/sunho/bebop_ws/devel/arsdk/out/arsdk-native/build/libARSAL/obj/Sources/ARSAL_Socket.c.o
 .debug_line    0x00000000000010c6      0x16b /home/sunho/bebop_ws/devel/arsdk/out/arsdk-native/build/libARSAL/obj/Sources/ARSAL_Time.c.o
 .debug_line    0x0000000000001231      0x182 /home/sunho/bebop_ws/devel/arsdk/out/arsdk-native/build/libARSAL/obj/Sources/ARSAL_Thread.c.o
 .debug_line    0x00000000000013b3      0x71b /home/sunho/bebop_ws/devel/arsdk/out/arsdk-native/build/libARSAL/obj/Sources/md5.c.o
 .debug_line    0x0000000000001ace       0xf3 /home/sunho/bebop_ws/devel/arsdk/out/arsdk-native/build/libARSAL/obj/gen/Sources/ARSAL_Error.c.o

.debug_frame
 *(.debug_frame)

.debug_str      0x0000000000000000     0x1662
 *(.debug_str)
 .debug_str     0x0000000000000000      0x471 /home/sunho/bebop_ws/devel/arsdk/out/arsdk-native/build/libARSAL/obj/Sources/ARSAL_Ftw.c.o
                                        0x4e9 (size before relaxing)
 .debug_str     0x0000000000000471      0x4d1 /home/sunho/bebop_ws/devel/arsdk/out/arsdk-native/build/libARSAL/obj/Sources/ARSAL_MD5.c.o
                                        0x7ee (size before relaxing)
 .debug_str     0x0000000000000942       0xb2 /home/sunho/bebop_ws/devel/arsdk/out/arsdk-native/build/libARSAL/obj/Sources/ARSAL_MD5_Manager.c.o
                                        0x740 (size before relaxing)
 .debug_str     0x00000000000009f4      0x34c /home/sunho/bebop_ws/devel/arsdk/out/arsdk-native/build/libARSAL/obj/Sources/ARSAL_Mutex.c.o
                                        0x7bc (size before relaxing)
 .debug_str     0x0000000000000d40      0x2ad /home/sunho/bebop_ws/devel/arsdk/out/arsdk-native/build/libARSAL/obj/Sources/ARSAL_Print.c.o
                                        0x750 (size before relaxing)
 .debug_str     0x0000000000000fed      0x114 /home/sunho/bebop_ws/devel/arsdk/out/arsdk-native/build/libARSAL/obj/Sources/ARSAL_Sem.c.o
                                        0x344 (size before relaxing)
 .debug_str     0x0000000000001101      0x2c3 /home/sunho/bebop_ws/devel/arsdk/out/arsdk-native/build/libARSAL/obj/Sources/ARSAL_Socket.c.o
                                        0x44e (size before relaxing)
 .debug_str     0x00000000000013c4      0x104 /home/sunho/bebop_ws/devel/arsdk/out/arsdk-native/build/libARSAL/obj/Sources/ARSAL_Time.c.o
                                        0x2f2 (size before relaxing)
 .debug_str     0x00000000000014c8       0xd6 /home/sunho/bebop_ws/devel/arsdk/out/arsdk-native/build/libARSAL/obj/Sources/ARSAL_Thread.c.o
                                        0x3c9 (size before relaxing)
 .debug_str     0x000000000000159e       0x83 /home/sunho/bebop_ws/devel/arsdk/out/arsdk-native/build/libARSAL/obj/Sources/md5.c.o
                                        0x203 (size before relaxing)
 .debug_str     0x0000000000001621       0x41 /home/sunho/bebop_ws/devel/arsdk/out/arsdk-native/build/libARSAL/obj/gen/Sources/ARSAL_Error.c.o
                                        0x29a (size before relaxing)

.debug_loc      0x0000000000000000     0x4c2a
 *(.debug_loc)
 .debug_loc     0x0000000000000000      0x18f /home/sunho/bebop_ws/devel/arsdk/out/arsdk-native/build/libARSAL/obj/Sources/ARSAL_Ftw.c.o
 .debug_loc     0x000000000000018f      0x792 /home/sunho/bebop_ws/devel/arsdk/out/arsdk-native/build/libARSAL/obj/Sources/ARSAL_MD5.c.o
 .debug_loc     0x0000000000000921      0x363 /home/sunho/bebop_ws/devel/arsdk/out/arsdk-native/build/libARSAL/obj/Sources/ARSAL_MD5_Manager.c.o
 .debug_loc     0x0000000000000c84      0x815 /home/sunho/bebop_ws/devel/arsdk/out/arsdk-native/build/libARSAL/obj/Sources/ARSAL_Mutex.c.o
 .debug_loc     0x0000000000001499      0xc24 /home/sunho/bebop_ws/devel/arsdk/out/arsdk-native/build/libARSAL/obj/Sources/ARSAL_Print.c.o
 .debug_loc     0x00000000000020bd      0x5bb /home/sunho/bebop_ws/devel/arsdk/out/arsdk-native/build/libARSAL/obj/Sources/ARSAL_Sem.c.o
 .debug_loc     0x0000000000002678      0xd04 /home/sunho/bebop_ws/devel/arsdk/out/arsdk-native/build/libARSAL/obj/Sources/ARSAL_Socket.c.o
 .debug_loc     0x000000000000337c      0x3e9 /home/sunho/bebop_ws/devel/arsdk/out/arsdk-native/build/libARSAL/obj/Sources/ARSAL_Time.c.o
 .debug_loc     0x0000000000003765      0x324 /home/sunho/bebop_ws/devel/arsdk/out/arsdk-native/build/libARSAL/obj/Sources/ARSAL_Thread.c.o
 .debug_loc     0x0000000000003a89     0x11a1 /home/sunho/bebop_ws/devel/arsdk/out/arsdk-native/build/libARSAL/obj/Sources/md5.c.o

.debug_macinfo
 *(.debug_macinfo)

.debug_weaknames
 *(.debug_weaknames)

.debug_funcnames
 *(.debug_funcnames)

.debug_typenames
 *(.debug_typenames)

.debug_varnames
 *(.debug_varnames)

.debug_pubtypes
 *(.debug_pubtypes)

.debug_ranges   0x0000000000000000      0x750
 *(.debug_ranges)
 .debug_ranges  0x0000000000000000       0x30 /home/sunho/bebop_ws/devel/arsdk/out/arsdk-native/build/libARSAL/obj/Sources/ARSAL_Ftw.c.o
 .debug_ranges  0x0000000000000030      0x120 /home/sunho/bebop_ws/devel/arsdk/out/arsdk-native/build/libARSAL/obj/Sources/ARSAL_MD5.c.o
 .debug_ranges  0x0000000000000150       0xb0 /home/sunho/bebop_ws/devel/arsdk/out/arsdk-native/build/libARSAL/obj/Sources/ARSAL_MD5_Manager.c.o
 .debug_ranges  0x0000000000000200       0xc0 /home/sunho/bebop_ws/devel/arsdk/out/arsdk-native/build/libARSAL/obj/Sources/ARSAL_Mutex.c.o
 .debug_ranges  0x00000000000002c0       0xe0 /home/sunho/bebop_ws/devel/arsdk/out/arsdk-native/build/libARSAL/obj/Sources/ARSAL_Print.c.o
 .debug_ranges  0x00000000000003a0       0x80 /home/sunho/bebop_ws/devel/arsdk/out/arsdk-native/build/libARSAL/obj/Sources/ARSAL_Sem.c.o
 .debug_ranges  0x0000000000000420      0x100 /home/sunho/bebop_ws/devel/arsdk/out/arsdk-native/build/libARSAL/obj/Sources/ARSAL_Socket.c.o
 .debug_ranges  0x0000000000000520       0x70 /home/sunho/bebop_ws/devel/arsdk/out/arsdk-native/build/libARSAL/obj/Sources/ARSAL_Time.c.o
 .debug_ranges  0x0000000000000590       0x40 /home/sunho/bebop_ws/devel/arsdk/out/arsdk-native/build/libARSAL/obj/Sources/ARSAL_Thread.c.o
 .debug_ranges  0x00000000000005d0      0x160 /home/sunho/bebop_ws/devel/arsdk/out/arsdk-native/build/libARSAL/obj/Sources/md5.c.o
 .debug_ranges  0x0000000000000730       0x20 /home/sunho/bebop_ws/devel/arsdk/out/arsdk-native/build/libARSAL/obj/gen/Sources/ARSAL_Error.c.o

.debug_macro
 *(.debug_macro)

.gnu.attributes
 *(.gnu.attributes)

/DISCARD/
 *(.note.GNU-stack)
 *(.gnu_debuglink)
 *(.gnu.lto_*)
OUTPUT(out/arsdk-native/build/libARSAL/libarsal.so elf64-x86-64)
