
As-needed library included to satisfy reference by file (symbol)

libarsal.so                   /home/sunho/bebop_ws/devel/arsdk/out/arsdk-native/build/libARCommands/obj/gen/Sources/ARCOMMANDS_Decoder.c.o (ARSAL_Mutex_Lock)
libc.so.6                     /home/sunho/bebop_ws/devel/arsdk/out/arsdk-native/build/libARCommands/obj/gen/Sources/ARCOMMANDS_ReadWrite.c.o (strcpy@@GLIBC_2.2.5)

Discarded input sections

 .text          0x0000000000000000        0x0 /usr/lib/gcc/x86_64-linux-gnu/4.8/../../../x86_64-linux-gnu/crti.o
 .data          0x0000000000000000        0x0 /usr/lib/gcc/x86_64-linux-gnu/4.8/../../../x86_64-linux-gnu/crti.o
 .bss           0x0000000000000000        0x0 /usr/lib/gcc/x86_64-linux-gnu/4.8/../../../x86_64-linux-gnu/crti.o
 .note.GNU-stack
                0x0000000000000000        0x0 /usr/lib/gcc/x86_64-linux-gnu/4.8/../../../x86_64-linux-gnu/crti.o
 .gnu_debuglink
                0x0000000000000000        0xc /usr/lib/gcc/x86_64-linux-gnu/4.8/../../../x86_64-linux-gnu/crti.o
 .data          0x0000000000000000        0x0 /usr/lib/gcc/x86_64-linux-gnu/4.8/crtbeginS.o
 .note.GNU-stack
                0x0000000000000000        0x0 /usr/lib/gcc/x86_64-linux-gnu/4.8/crtbeginS.o
 .text          0x0000000000000000        0x0 /home/sunho/bebop_ws/devel/arsdk/out/arsdk-native/build/libARCommands/obj/Sources/ARCOMMANDS_Version.c.o
 .data          0x0000000000000000        0x0 /home/sunho/bebop_ws/devel/arsdk/out/arsdk-native/build/libARCommands/obj/Sources/ARCOMMANDS_Version.c.o
 .bss           0x0000000000000000        0x0 /home/sunho/bebop_ws/devel/arsdk/out/arsdk-native/build/libARCommands/obj/Sources/ARCOMMANDS_Version.c.o
 .note.GNU-stack
                0x0000000000000000        0x0 /home/sunho/bebop_ws/devel/arsdk/out/arsdk-native/build/libARCommands/obj/Sources/ARCOMMANDS_Version.c.o
 .text          0x0000000000000000        0x0 /home/sunho/bebop_ws/devel/arsdk/out/arsdk-native/build/libARCommands/obj/gen/Sources/ARCOMMANDS_Generator.c.o
 .data          0x0000000000000000        0x0 /home/sunho/bebop_ws/devel/arsdk/out/arsdk-native/build/libARCommands/obj/gen/Sources/ARCOMMANDS_Generator.c.o
 .bss           0x0000000000000000        0x0 /home/sunho/bebop_ws/devel/arsdk/out/arsdk-native/build/libARCommands/obj/gen/Sources/ARCOMMANDS_Generator.c.o
 .note.GNU-stack
                0x0000000000000000        0x0 /home/sunho/bebop_ws/devel/arsdk/out/arsdk-native/build/libARCommands/obj/gen/Sources/ARCOMMANDS_Generator.c.o
 .text          0x0000000000000000        0x0 /home/sunho/bebop_ws/devel/arsdk/out/arsdk-native/build/libARCommands/obj/gen/Sources/ARCOMMANDS_Decoder.c.o
 .data          0x0000000000000000        0x0 /home/sunho/bebop_ws/devel/arsdk/out/arsdk-native/build/libARCommands/obj/gen/Sources/ARCOMMANDS_Decoder.c.o
 .note.GNU-stack
                0x0000000000000000        0x0 /home/sunho/bebop_ws/devel/arsdk/out/arsdk-native/build/libARCommands/obj/gen/Sources/ARCOMMANDS_Decoder.c.o
 .text          0x0000000000000000        0x0 /home/sunho/bebop_ws/devel/arsdk/out/arsdk-native/build/libARCommands/obj/gen/Sources/ARCOMMANDS_Filter.c.o
 .data          0x0000000000000000        0x0 /home/sunho/bebop_ws/devel/arsdk/out/arsdk-native/build/libARCommands/obj/gen/Sources/ARCOMMANDS_Filter.c.o
 .bss           0x0000000000000000        0x0 /home/sunho/bebop_ws/devel/arsdk/out/arsdk-native/build/libARCommands/obj/gen/Sources/ARCOMMANDS_Filter.c.o
 .note.GNU-stack
                0x0000000000000000        0x0 /home/sunho/bebop_ws/devel/arsdk/out/arsdk-native/build/libARCommands/obj/gen/Sources/ARCOMMANDS_Filter.c.o
 .text          0x0000000000000000        0x0 /home/sunho/bebop_ws/devel/arsdk/out/arsdk-native/build/libARCommands/obj/gen/Sources/ARCOMMANDS_ReadWrite.c.o
 .data          0x0000000000000000        0x0 /home/sunho/bebop_ws/devel/arsdk/out/arsdk-native/build/libARCommands/obj/gen/Sources/ARCOMMANDS_ReadWrite.c.o
 .bss           0x0000000000000000        0x0 /home/sunho/bebop_ws/devel/arsdk/out/arsdk-native/build/libARCommands/obj/gen/Sources/ARCOMMANDS_ReadWrite.c.o
 .note.GNU-stack
                0x0000000000000000        0x0 /home/sunho/bebop_ws/devel/arsdk/out/arsdk-native/build/libARCommands/obj/gen/Sources/ARCOMMANDS_ReadWrite.c.o
 .text          0x0000000000000000        0x0 /usr/lib/gcc/x86_64-linux-gnu/4.8/crtendS.o
 .data          0x0000000000000000        0x0 /usr/lib/gcc/x86_64-linux-gnu/4.8/crtendS.o
 .bss           0x0000000000000000        0x0 /usr/lib/gcc/x86_64-linux-gnu/4.8/crtendS.o
 .note.GNU-stack
                0x0000000000000000        0x0 /usr/lib/gcc/x86_64-linux-gnu/4.8/crtendS.o
 .text          0x0000000000000000        0x0 /usr/lib/gcc/x86_64-linux-gnu/4.8/../../../x86_64-linux-gnu/crtn.o
 .data          0x0000000000000000        0x0 /usr/lib/gcc/x86_64-linux-gnu/4.8/../../../x86_64-linux-gnu/crtn.o
 .bss           0x0000000000000000        0x0 /usr/lib/gcc/x86_64-linux-gnu/4.8/../../../x86_64-linux-gnu/crtn.o
 .note.GNU-stack
[...]
Memory Configuration

Name             Origin             Length             Attributes
*default*        0x0000000000000000 0xffffffffffffffff

Linker script and memory map

LOAD /usr/lib/gcc/x86_64-linux-gnu/4.8/../../../x86_64-linux-gnu/crti.o
LOAD /usr/lib/gcc/x86_64-linux-gnu/4.8/crtbeginS.o
LOAD /home/sunho/bebop_ws/devel/arsdk/out/arsdk-native/build/libARCommands/obj/Sources/ARCOMMANDS_Version.c.o
LOAD /home/sunho/bebop_ws/devel/arsdk/out/arsdk-native/build/libARCommands/obj/gen/Sources/ARCOMMANDS_Generator.c.o
LOAD /home/sunho/bebop_ws/devel/arsdk/out/arsdk-native/build/libARCommands/obj/gen/Sources/ARCOMMANDS_Decoder.c.o
LOAD /home/sunho/bebop_ws/devel/arsdk/out/arsdk-native/build/libARCommands/obj/gen/Sources/ARCOMMANDS_Filter.c.o
LOAD /home/sunho/bebop_ws/devel/arsdk/out/arsdk-native/build/libARCommands/obj/gen/Sources/ARCOMMANDS_ReadWrite.c.o
LOAD /home/sunho/bebop_ws/devel/arsdk/out/arsdk-native/staging/usr/lib/libarsal.so
LOAD /usr/lib/gcc/x86_64-linux-gnu/4.8/../../../x86_64-linux-gnu/librt.so
LOAD /usr/lib/gcc/x86_64-linux-gnu/4.8/libstdc++.so
LOAD /usr/lib/gcc/x86_64-linux-gnu/4.8/../../../x86_64-linux-gnu/libm.so
LOAD /usr/lib/gcc/x86_64-linux-gnu/4.8/libgcc_s.so
LOAD /usr/lib/gcc/x86_64-linux-gnu/4.8/../../../x86_64-linux-gnu/libpthread.so
START GROUP
LOAD /lib/x86_64-linux-gnu/libpthread.so.0
LOAD /usr/lib/x86_64-linux-gnu/libpthread_nonshared.a
END GROUP
LOAD /usr/lib/gcc/x86_64-linux-gnu/4.8/../../../x86_64-linux-gnu/libc.so
START GROUP
LOAD /lib/x86_64-linux-gnu/libc.so.6
LOAD /usr/lib/x86_64-linux-gnu/libc_nonshared.a
LOAD /lib/x86_64-linux-gnu/ld-linux-x86-64.so.2
END GROUP
LOAD /usr/lib/gcc/x86_64-linux-gnu/4.8/libgcc_s.so
LOAD /usr/lib/gcc/x86_64-linux-gnu/4.8/crtendS.o
LOAD /usr/lib/gcc/x86_64-linux-gnu/4.8/../../../x86_64-linux-gnu/crtn.o
                0x00000000000001c8                . = (0x0 + SIZEOF_HEADERS)

.note.gnu.build-id
                0x00000000000001c8       0x24
 *(.note.gnu.build-id)
 .note.gnu.build-id
                0x00000000000001c8       0x24 /usr/lib/gcc/x86_64-linux-gnu/4.8/../../../x86_64-linux-gnu/crti.o

.hash
 *(.hash)

.gnu.hash       0x00000000000001f0     0x4b3c
 *(.gnu.hash)
 .gnu.hash      0x00000000000001f0     0x4b3c /usr/lib/gcc/x86_64-linux-gnu/4.8/../../../x86_64-linux-gnu/crti.o

.dynsym         0x0000000000004d30     0xd4a0
 *(.dynsym)
 .dynsym        0x0000000000004d30     0xd4a0 /usr/lib/gcc/x86_64-linux-gnu/4.8/../../../x86_64-linux-gnu/crti.o

.dynstr         0x00000000000121d0    0x2335b
 *(.dynstr)
 .dynstr        0x00000000000121d0    0x2335b /usr/lib/gcc/x86_64-linux-gnu/4.8/../../../x86_64-linux-gnu/crti.o

.gnu.version    0x000000000003552c     0x11b8
 *(.gnu.version)
 .gnu.version   0x000000000003552c     0x11b8 /usr/lib/gcc/x86_64-linux-gnu/4.8/../../../x86_64-linux-gnu/crti.o

.gnu.version_d  0x00000000000366e8        0x0
 *(.gnu.version_d)
 .gnu.version_d
                0x0000000000000000        0x0 /usr/lib/gcc/x86_64-linux-gnu/4.8/../../../x86_64-linux-gnu/crti.o

.gnu.version_r  0x00000000000366e8       0x40
 *(.gnu.version_r)
 .gnu.version_r
                0x00000000000366e8       0x40 /usr/lib/gcc/x86_64-linux-gnu/4.8/../../../x86_64-linux-gnu/crti.o

.rela.dyn       0x0000000000036728       0xc0
 *(.rela.init)
 *(.rela.text .rela.text.* .rela.gnu.linkonce.t.*)
 .rela.text     0x0000000000000000        0x0 /usr/lib/gcc/x86_64-linux-gnu/4.8/../../../x86_64-linux-gnu/crti.o
 *(.rela.fini)
 *(.rela.rodata .rela.rodata.* .rela.gnu.linkonce.r.*)
 *(.rela.data .rela.data.* .rela.gnu.linkonce.d.*)
 .rela.data.rel
                0x0000000000036728       0x18 /usr/lib/gcc/x86_64-linux-gnu/4.8/../../../x86_64-linux-gnu/crti.o
 *(.rela.tdata .rela.tdata.* .rela.gnu.linkonce.td.*)
 *(.rela.tbss .rela.tbss.* .rela.gnu.linkonce.tb.*)
 *(.rela.ctors)
 *(.rela.dtors)
 *(.rela.got)
 .rela.got      0x0000000000036740       0x78 /usr/lib/gcc/x86_64-linux-gnu/4.8/../../../x86_64-linux-gnu/crti.o
 *(.rela.bss .rela.bss.* .rela.gnu.linkonce.b.*)
 *(.rela.ldata .rela.ldata.* .rela.gnu.linkonce.l.*)
 *(.rela.lbss .rela.lbss.* .rela.gnu.linkonce.lb.*)
 *(.rela.lrodata .rela.lrodata.* .rela.gnu.linkonce.lr.*)
 *(.rela.ifunc)
 .rela.ifunc    0x0000000000000000        0x0 /usr/lib/gcc/x86_64-linux-gnu/4.8/../../../x86_64-linux-gnu/crti.o
 .rela.fini_array
                0x00000000000367b8       0x18 /usr/lib/gcc/x86_64-linux-gnu/4.8/../../../x86_64-linux-gnu/crti.o
 .rela.init_array
                0x00000000000367d0       0x18 /usr/lib/gcc/x86_64-linux-gnu/4.8/../../../x86_64-linux-gnu/crti.o

.rela.plt       0x00000000000367e8      0x3d8
 *(.rela.plt)
 .rela.plt      0x00000000000367e8      0x3d8 /usr/lib/gcc/x86_64-linux-gnu/4.8/../../../x86_64-linux-gnu/crti.o
 *(.rela.iplt)

.init           0x0000000000036bc0       0x1a
 *(SORT(.init))
 .init          0x0000000000036bc0       0x15 /usr/lib/gcc/x86_64-linux-gnu/4.8/../../../x86_64-linux-gnu/crti.o
                0x0000000000036bc0                _init
 .init          0x0000000000036bd5        0x5 /usr/lib/gcc/x86_64-linux-gnu/4.8/../../../x86_64-linux-gnu/crtn.o

.plt            0x0000000000036be0      0x2a0
 *(.plt)
 .plt           0x0000000000036be0      0x2a0 /usr/lib/gcc/x86_64-linux-gnu/4.8/../../../x86_64-linux-gnu/crti.o
 *(.iplt)

.text           0x0000000000036e80    0x6d245
 *(.text.unlikely .text.*_unlikely .text.unlikely.*)
 *(.text.exit .text.exit.*)
 *(.text.startup .text.startup.*)
 *(.text.hot .text.hot.*)
 *(.text .stub .text.* .gnu.linkonce.t.*)
 .text          0x0000000000036e80       0xe5 /usr/lib/gcc/x86_64-linux-gnu/4.8/crtbeginS.o
 *fill*         0x0000000000036f65        0xb 
 .text.ARCOMMANDS_Version_CompareVersions
                0x0000000000036f70       0x1e /home/sunho/bebop_ws/devel/arsdk/out/arsdk-native/build/libARCommands/obj/Sources/ARCOMMANDS_Version.c.o
                0x0000000000036f70                ARCOMMANDS_Version_CompareVersions
 *fill*         0x0000000000036f8e        0x2 
 .text.ARCOMMANDS_Version_CompareVersionCodes
                0x0000000000036f90       0xc3 /home/sunho/bebop_ws/devel/arsdk/out/arsdk-native/build/libARCommands/obj/Sources/ARCOMMANDS_Version.c.o
                0x0000000000036f90                ARCOMMANDS_Version_CompareVersionCodes
 *fill*         0x0000000000037053        0xd 
 .text.ARCOMMANDS_Generator_GenerateGenericDefault
                0x0000000000037060       0x7a /home/sunho/bebop_ws/devel/arsdk/out/arsdk-native/build/libARCommands/obj/gen/Sources/ARCOMMANDS_Generator.c.o
                0x0000000000037060                ARCOMMANDS_Generator_GenerateGenericDefault
 *fill*         0x00000000000370da        0x6 
 .text.ARCOMMANDS_Generator_GenerateARDrone3PilotingFlatTrim
                0x00000000000370e0       0x7a /home/sunho/bebop_ws/devel/arsdk/out/arsdk-native/build/libARCommands/obj/gen/Sources/ARCOMMANDS_Generator.c.o
                0x00000000000370e0                ARCOMMANDS_Generator_GenerateARDrone3PilotingFlatTrim
 *fill*         0x000000000003715a        0x6 
 .text.ARCOMMANDS_Generator_GenerateARDrone3PilotingTakeOff
                0x0000000000037160       0x7a /home/sunho/bebop_ws/devel/arsdk/out/arsdk-native/build/libARCommands/obj/gen/Sources/ARCOMMANDS_Generator.c.o
                0x0000000000037160                ARCOMMANDS_Generator_GenerateARDrone3PilotingTakeOff
 *fill*         0x00000000000371da        0x6 
 .text.ARCOMMANDS_Generator_GenerateARDrone3PilotingPCMD
                0x00000000000371e0      0x14c /home/sunho/bebop_ws/devel/arsdk/out/arsdk-native/build/libARCommands/obj/gen/Sources/ARCOMMANDS_Generator.c.o
                0x00000000000371e0                ARCOMMANDS_Generator_GenerateARDrone3PilotingPCMD
 *fill*         0x000000000003732c        0x4 
 .text.ARCOMMANDS_Generator_GenerateARDrone3PilotingLanding
                0x0000000000037330       0x7a /home/sunho/bebop_ws/devel/arsdk/out/arsdk-native/build/libARCommands/obj/gen/Sources/ARCOMMANDS_Generator.c.o
                0x0000000000037330                ARCOMMANDS_Generator_GenerateARDrone3PilotingLanding
 *fill*         0x00000000000373aa        0x6 
 .text.ARCOMMANDS_Generator_GenerateARDrone3PilotingEmergency
                0x00000000000373b0       0x7a /home/sunho/bebop_ws/devel/arsdk/out/arsdk-native/build/libARCommands/obj/gen/Sources/ARCOMMANDS_Generator.c.o
                0x00000000000373b0                ARCOMMANDS_Generator_GenerateARDrone3PilotingEmergency
 *fill*         0x000000000003742a        0x6 
 .text.ARCOMMANDS_Generator_GenerateARDrone3PilotingNavigateHome
                0x0000000000037430       0xa0 /home/sunho/bebop_ws/devel/arsdk/out/arsdk-native/build/libARCommands/obj/gen/Sources/ARCOMMANDS_Generator.c.o
                0x0000000000037430                ARCOMMANDS_Generator_GenerateARDrone3PilotingNavigateHome
 .text.ARCOMMANDS_Generator_GenerateARDrone3PilotingAutoTakeOffMode
                0x00000000000374d0       0xa0 /home/sunho/bebop_ws/devel/arsdk/out/arsdk-native/build/libARCommands/obj/gen/Sources/ARCOMMANDS_Generator.c.o
                0x00000000000374d0                ARCOMMANDS_Generator_GenerateARDrone3PilotingAutoTakeOffMode
 .text.ARCOMMANDS_Generator_GenerateARDrone3PilotingMoveBy
                0x0000000000037570       0xfe /home/sunho/bebop_ws/devel/arsdk/out/arsdk-native/build/libARCommands/obj/gen/Sources/ARCOMMANDS_Generator.c.o
                0x0000000000037570                ARCOMMANDS_Generator_GenerateARDrone3PilotingMoveBy
 *fill*         0x000000000003766e        0x2 
 .text.ARCOMMANDS_Generator_GenerateARDrone3PilotingUserTakeOff
                0x0000000000037670       0xa0 /home/sunho/bebop_ws/devel/arsdk/out/arsdk-native/build/libARCommands/obj/gen/Sources/ARCOMMANDS_Generator.c.o
                0x0000000000037670                ARCOMMANDS_Generator_GenerateARDrone3PilotingUserTakeOff
 .text.ARCOMMANDS_Generator_GenerateARDrone3PilotingCircle
                0x0000000000037710       0xa0 /home/sunho/bebop_ws/devel/arsdk/out/arsdk-native/build/libARCommands/obj/gen/Sources/ARCOMMANDS_Generator.c.o
                0x0000000000037710                ARCOMMANDS_Generator_GenerateARDrone3PilotingCircle
 .text.ARCOMMANDS_Generator_GenerateARDrone3AnimationsFlip
                0x00000000000377b0       0xa0 /home/sunho/bebop_ws/devel/arsdk/out/arsdk-native/build/libARCommands/obj/gen/Sources/ARCOMMANDS_Generator.c.o
                0x00000000000377b0                ARCOMMANDS_Generator_GenerateARDrone3AnimationsFlip
 .text.ARCOMMANDS_Generator_GenerateARDrone3CameraOrientation
                0x0000000000037850       0xb6 /home/sunho/bebop_ws/devel/arsdk/out/arsdk-native/build/libARCommands/obj/gen/Sources/ARCOMMANDS_Generator.c.o
                0x0000000000037850                ARCOMMANDS_Generator_GenerateARDrone3CameraOrientation
 *fill*         0x0000000000037906        0xa 
 .text.ARCOMMANDS_Generator_GenerateARDrone3MediaRecordPicture
                0x0000000000037910       0xa0 /home/sunho/bebop_ws/devel/arsdk/out/arsdk-native/build/libARCommands/obj/gen/Sources/ARCOMMANDS_Generator.c.o
                0x0000000000037910                ARCOMMANDS_Generator_GenerateARDrone3MediaRecordPicture
 .text.ARCOMMANDS_Generator_GenerateARDrone3MediaRecordVideo
                0x00000000000379b0       0xb6 /home/sunho/bebop_ws/devel/arsdk/out/arsdk-native/build/libARCommands/obj/gen/Sources/ARCOMMANDS_Generator.c.o
                0x00000000000379b0                ARCOMMANDS_Generator_GenerateARDrone3MediaRecordVideo
 *fill*         0x0000000000037a66        0xa 
 .text.ARCOMMANDS_Generator_GenerateARDrone3MediaRecordPictureV2
                0x0000000000037a70       0x82 /home/sunho/bebop_ws/devel/arsdk/out/arsdk-native/build/libARCommands/obj/gen/Sources/ARCOMMANDS_Generator.c.o
                0x0000000000037a70                ARCOMMANDS_Generator_GenerateARDrone3MediaRecordPictureV2
 *fill*         0x0000000000037af2        0xe 
 .text.ARCOMMANDS_Generator_GenerateARDrone3MediaRecordVideoV2
                0x0000000000037b00       0xa0 /home/sunho/bebop_ws/devel/arsdk/out/arsdk-native/build/libARCommands/obj/gen/Sources/ARCOMMANDS_Generator.c.o
                0x0000000000037b00                ARCOMMANDS_Generator_GenerateARDrone3MediaRecordVideoV2
 .text.ARCOMMANDS_Generator_GenerateARDrone3NetworkWifiScan
                0x0000000000037ba0       0xa0 /home/sunho/bebop_ws/devel/arsdk/out/arsdk-native/build/libARCommands/obj/gen/Sources/ARCOMMANDS_Generator.c.o
                0x0000000000037ba0                ARCOMMANDS_Generator_GenerateARDrone3NetworkWifiScan
 .text.ARCOMMANDS_Generator_GenerateARDrone3NetworkWifiAuthChannel
                0x0000000000037c40       0x82 /home/sunho/bebop_ws/devel/arsdk/out/arsdk-native/build/libARCommands/obj/gen/Sources/ARCOMMANDS_Generator.c.o
                0x0000000000037c40                ARCOMMANDS_Generator_GenerateARDrone3NetworkWifiAuthChannel
 *fill*         0x0000000000037cc2        0xe 
 .text.ARCOMMANDS_Generator_GenerateARDrone3PilotingSettingsMaxAltitude
                0x0000000000037cd0       0x9e /home/sunho/bebop_ws/devel/arsdk/out/arsdk-native/build/libARCommands/obj/gen/Sources/ARCOMMANDS_Generator.c.o
                0x0000000000037cd0                ARCOMMANDS_Generator_GenerateARDrone3PilotingSettingsMaxAltitude
 *fill*         0x0000000000037d6e        0x2 
 .text.ARCOMMANDS_Generator_GenerateARDrone3PilotingSettingsMaxTilt
                0x0000000000037d70       0x9e /home/sunho/bebop_ws/devel/arsdk/out/arsdk-native/build/libARCommands/obj/gen/Sources/ARCOMMANDS_Generator.c.o
                0x0000000000037d70                ARCOMMANDS_Generator_GenerateARDrone3PilotingSettingsMaxTilt
 *fill*         0x0000000000037e0e        0x2 
 .text.ARCOMMANDS_Generator_GenerateARDrone3PilotingSettingsAbsolutControl
                0x0000000000037e10       0xa8 /home/sunho/bebop_ws/devel/arsdk/out/arsdk-native/build/libARCommands/obj/gen/Sources/ARCOMMANDS_Generator.c.o
                0x0000000000037e10                ARCOMMANDS_Generator_GenerateARDrone3PilotingSettingsAbsolutControl
 *fill*         0x0000000000037eb8        0x8 
 .text.ARCOMMANDS_Generator_GenerateARDrone3PilotingSettingsMaxDistance
                0x0000000000037ec0       0x9e /home/sunho/bebop_ws/devel/arsdk/out/arsdk-native/build/libARCommands/obj/gen/Sources/ARCOMMANDS_Generator.c.o
                0x0000000000037ec0                ARCOMMANDS_Generator_GenerateARDrone3PilotingSettingsMaxDistance
 *fill*         0x0000000000037f5e        0x2 
 .text.ARCOMMANDS_Generator_GenerateARDrone3PilotingSettingsNoFlyOverMaxDistance
                0x0000000000037f60       0xa8 /home/sunho/bebop_ws/devel/arsdk/out/arsdk-native/build/libARCommands/obj/gen/Sources/ARCOMMANDS_Generator.c.o
                0x0000000000037f60                ARCOMMANDS_Generator_GenerateARDrone3PilotingSettingsNoFlyOverMaxDistance
 *fill*         0x0000000000038008        0x8 
 .text.ARCOMMANDS_Generator_GenerateARDrone3PilotingSettingsSetAutonomousFlightMaxHorizontalSpeed
                0x0000000000038010       0x9e /home/sunho/bebop_ws/devel/arsdk/out/arsdk-native/build/libARCommands/obj/gen/Sources/ARCOMMANDS_Generator.c.o
                0x0000000000038010                ARCOMMANDS_Generator_GenerateARDrone3PilotingSettingsSetAutonomousFlightMaxHorizontalSpeed
 *fill*         0x00000000000380ae        0x2 
 .text.ARCOMMANDS_Generator_GenerateARDrone3PilotingSettingsSetAutonomousFlightMaxVerticalSpeed
                0x00000000000380b0       0x9e /home/sunho/bebop_ws/devel/arsdk/out/arsdk-native/build/libARCommands/obj/gen/Sources/ARCOMMANDS_Generator.c.o
                0x00000000000380b0                ARCOMMANDS_Generator_GenerateARDrone3PilotingSettingsSetAutonomousFlightMaxVerticalSpeed
 *fill*         0x000000000003814e        0x2 
 .text.ARCOMMANDS_Generator_GenerateARDrone3PilotingSettingsSetAutonomousFlightMaxHorizontalAcceleration
                0x0000000000038150       0x9e /home/sunho/bebop_ws/devel/arsdk/out/arsdk-native/build/libARCommands/obj/gen/Sources/ARCOMMANDS_Generator.c.o
                0x0000000000038150                ARCOMMANDS_Generator_GenerateARDrone3PilotingSettingsSetAutonomousFlightMaxHorizontalAcceleration
 *fill*         0x00000000000381ee        0x2 
 .text.ARCOMMANDS_Generator_GenerateARDrone3PilotingSettingsSetAutonomousFlightMaxVerticalAcceleration
                0x00000000000381f0       0x9e /home/sunho/bebop_ws/devel/arsdk/out/arsdk-native/build/libARCommands/obj/gen/Sources/ARCOMMANDS_Generator.c.o
                0x00000000000381f0                ARCOMMANDS_Generator_GenerateARDrone3PilotingSettingsSetAutonomousFlightMaxVerticalAcceleration
 *fill*         0x000000000003828e        0x2 
 .text.ARCOMMANDS_Generator_GenerateARDrone3PilotingSettingsSetAutonomousFlightMaxRotationSpeed
                0x0000000000038290       0x9e /home/sunho/bebop_ws/devel/arsdk/out/arsdk-native/build/libARCommands/obj/gen/Sources/ARCOMMANDS_Generator.c.o
                0x0000000000038290                ARCOMMANDS_Generator_GenerateARDrone3PilotingSettingsSetAutonomousFlightMaxRotationSpeed
 *fill*         0x000000000003832e        0x2 
 .text.ARCOMMANDS_Generator_GenerateARDrone3PilotingSettingsBankedTurn
                0x0000000000038330       0xa8 /home/sunho/bebop_ws/devel/arsdk/out/arsdk-native/build/libARCommands/obj/gen/Sources/ARCOMMANDS_Generator.c.o
                0x0000000000038330                ARCOMMANDS_Generator_GenerateARDrone3PilotingSettingsBankedTurn
 *fill*         0x00000000000383d8        0x8 
 .text.ARCOMMANDS_Generator_GenerateARDrone3PilotingSettingsMinAltitude
                0x00000000000383e0       0x9e /home/sunho/bebop_ws/devel/arsdk/out/arsdk-native/build/libARCommands/obj/gen/Sources/ARCOMMANDS_Generator.c.o
                0x00000000000383e0                ARCOMMANDS_Generator_GenerateARDrone3PilotingSettingsMinAltitude
 *fill*         0x000000000003847e        0x2 
 .text.ARCOMMANDS_Generator_GenerateARDrone3PilotingSettingsCirclingDirection
                0x0000000000038480       0xa0 /home/sunho/bebop_ws/devel/arsdk/out/arsdk-native/build/libARCommands/obj/gen/Sources/ARCOMMANDS_Generator.c.o
                0x0000000000038480                ARCOMMANDS_Generator_GenerateARDrone3PilotingSettingsCirclingDirection
 .text.ARCOMMANDS_Generator_GenerateARDrone3PilotingSettingsCirclingRadius
                0x0000000000038520       0xa8 /home/sunho/bebop_ws/devel/arsdk/out/arsdk-native/build/libARCommands/obj/gen/Sources/ARCOMMANDS_Generator.c.o
                0x0000000000038520                ARCOMMANDS_Generator_GenerateARDrone3PilotingSettingsCirclingRadius
 *fill*         0x00000000000385c8        0x8 
 .text.ARCOMMANDS_Generator_GenerateARDrone3PilotingSettingsCirclingAltitude
                0x00000000000385d0       0xa8 /home/sunho/bebop_ws/devel/arsdk/out/arsdk-native/build/libARCommands/obj/gen/Sources/ARCOMMANDS_Generator.c.o
                0x00000000000385d0                ARCOMMANDS_Generator_GenerateARDrone3PilotingSettingsCirclingAltitude
 *fill*         0x0000000000038678        0x8 
 .text.ARCOMMANDS_Generator_GenerateARDrone3PilotingSettingsPitchMode
                0x0000000000038680       0xa0 /home/sunho/bebop_ws/devel/arsdk/out/arsdk-native/build/libARCommands/obj/gen/Sources/ARCOMMANDS_Generator.c.o
                0x0000000000038680                ARCOMMANDS_Generator_GenerateARDrone3PilotingSettingsPitchMode
 .text.ARCOMMANDS_Generator_GenerateARDrone3SpeedSettingsMaxVerticalSpeed
                0x0000000000038720       0x9e /home/sunho/bebop_ws/devel/arsdk/out/arsdk-native/build/libARCommands/obj/gen/Sources/ARCOMMANDS_Generator.c.o
                0x0000000000038720                ARCOMMANDS_Generator_GenerateARDrone3SpeedSettingsMaxVerticalSpeed
 *fill*         0x00000000000387be        0x2 
 .text.ARCOMMANDS_Generator_GenerateARDrone3SpeedSettingsMaxRotationSpeed
                0x00000000000387c0       0x9e /home/sunho/bebop_ws/devel/arsdk/out/arsdk-native/build/libARCommands/obj/gen/Sources/ARCOMMANDS_Generator.c.o
                0x00000000000387c0                ARCOMMANDS_Generator_GenerateARDrone3SpeedSettingsMaxRotationSpeed
 *fill*         0x000000000003885e        0x2 
 .text.ARCOMMANDS_Generator_GenerateARDrone3SpeedSettingsHullProtection
                0x0000000000038860       0xa8 /home/sunho/bebop_ws/devel/arsdk/out/arsdk-native/build/libARCommands/obj/gen/Sources/ARCOMMANDS_Generator.c.o
                0x0000000000038860                ARCOMMANDS_Generator_GenerateARDrone3SpeedSettingsHullProtection
 *fill*         0x0000000000038908        0x8 
 .text.ARCOMMANDS_Generator_GenerateARDrone3SpeedSettingsOutdoor
                0x0000000000038910       0xa8 /home/sunho/bebop_ws/devel/arsdk/out/arsdk-native/build/libARCommands/obj/gen/Sources/ARCOMMANDS_Generator.c.o
                0x0000000000038910                ARCOMMANDS_Generator_GenerateARDrone3SpeedSettingsOutdoor
 *fill*         0x00000000000389b8        0x8 
 .text.ARCOMMANDS_Generator_GenerateARDrone3SpeedSettingsMaxPitchRollRotationSpeed
                0x00000000000389c0       0x9e /home/sunho/bebop_ws/devel/arsdk/out/arsdk-native/build/libARCommands/obj/gen/Sources/ARCOMMANDS_Generator.c.o
                0x00000000000389c0                ARCOMMANDS_Generator_GenerateARDrone3SpeedSettingsMaxPitchRollRotationSpeed
 *fill*         0x0000000000038a5e        0x2 
 .text.ARCOMMANDS_Generator_GenerateARDrone3NetworkSettingsWifiSelection
                0x0000000000038a60       0xe4 /home/sunho/bebop_ws/devel/arsdk/out/arsdk-native/build/libARCommands/obj/gen/Sources/ARCOMMANDS_Generator.c.o
                0x0000000000038a60                ARCOMMANDS_Generator_GenerateARDrone3NetworkSettingsWifiSelection
 *fill*         0x0000000000038b44        0xc 
 .text.ARCOMMANDS_Generator_GenerateARDrone3NetworkSettingsWifiSecurity
                0x0000000000038b50      0x10c /home/sunho/bebop_ws/devel/arsdk/out/arsdk-native/build/libARCommands/obj/gen/Sources/ARCOMMANDS_Generator.c.o
                0x0000000000038b50                ARCOMMANDS_Generator_GenerateARDrone3NetworkSettingsWifiSecurity
 *fill*         0x0000000000038c5c        0x4 
 .text.ARCOMMANDS_Generator_GenerateARDrone3PictureSettingsPictureFormatSelection
                0x0000000000038c60       0xa0 /home/sunho/bebop_ws/devel/arsdk/out/arsdk-native/build/libARCommands/obj/gen/Sources/ARCOMMANDS_Generator.c.o
                0x0000000000038c60                ARCOMMANDS_Generator_GenerateARDrone3PictureSettingsPictureFormatSelection
 .text.ARCOMMANDS_Generator_GenerateARDrone3PictureSettingsAutoWhiteBalanceSelection
                0x0000000000038d00       0xa0 /home/sunho/bebop_ws/devel/arsdk/out/arsdk-native/build/libARCommands/obj/gen/Sources/ARCOMMANDS_Generator.c.o
                0x0000000000038d00                ARCOMMANDS_Generator_GenerateARDrone3PictureSettingsAutoWhiteBalanceSelection
 .text.ARCOMMANDS_Generator_GenerateARDrone3PictureSettingsExpositionSelection
                0x0000000000038da0       0x9e /home/sunho/bebop_ws/devel/arsdk/out/arsdk-native/build/libARCommands/obj/gen/Sources/ARCOMMANDS_Generator.c.o
                0x0000000000038da0                ARCOMMANDS_Generator_GenerateARDrone3PictureSettingsExpositionSelection
 *fill*         0x0000000000038e3e        0x2 
 .text.ARCOMMANDS_Generator_GenerateARDrone3PictureSettingsSaturationSelection
                0x0000000000038e40       0x9e /home/sunho/bebop_ws/devel/arsdk/out/arsdk-native/build/libARCommands/obj/gen/Sources/ARCOMMANDS_Generator.c.o
                0x0000000000038e40                ARCOMMANDS_Generator_GenerateARDrone3PictureSettingsSaturationSelection
 *fill*         0x0000000000038ede        0x2 
 .text.ARCOMMANDS_Generator_GenerateARDrone3PictureSettingsTimelapseSelection
                0x0000000000038ee0       0xc8 /home/sunho/bebop_ws/devel/arsdk/out/arsdk-native/build/libARCommands/obj/gen/Sources/ARCOMMANDS_Generator.c.o
                0x0000000000038ee0                ARCOMMANDS_Generator_GenerateARDrone3PictureSettingsTimelapseSelection
 *fill*         0x0000000000038fa8        0x8 
 .text.ARCOMMANDS_Generator_GenerateARDrone3PictureSettingsVideoAutorecordSelection
                0x0000000000038fb0       0xb6 /home/sunho/bebop_ws/devel/arsdk/out/arsdk-native/build/libARCommands/obj/gen/Sources/ARCOMMANDS_Generator.c.o
                0x0000000000038fb0                ARCOMMANDS_Generator_GenerateARDrone3PictureSettingsVideoAutorecordSelection
 *fill*         0x0000000000039066        0xa 
 .text.ARCOMMANDS_Generator_GenerateARDrone3PictureSettingsVideoStabilizationMode
                0x0000000000039070       0xa0 /home/sunho/bebop_ws/devel/arsdk/out/arsdk-native/build/libARCommands/obj/gen/Sources/ARCOMMANDS_Generator.c.o
                0x0000000000039070                ARCOMMANDS_Generator_GenerateARDrone3PictureSettingsVideoStabilizationMode
 .text.ARCOMMANDS_Generator_GenerateARDrone3PictureSettingsVideoRecordingMode
                0x0000000000039110       0xa0 /home/sunho/bebop_ws/devel/arsdk/out/arsdk-native/build/libARCommands/obj/gen/Sources/ARCOMMANDS_Generator.c.o
                0x0000000000039110                ARCOMMANDS_Generator_GenerateARDrone3PictureSettingsVideoRecordingMode
 .text.ARCOMMANDS_Generator_GenerateARDrone3PictureSettingsVideoFramerate
                0x00000000000391b0       0xa0 /home/sunho/bebop_ws/devel/arsdk/out/arsdk-native/build/libARCommands/obj/gen/Sources/ARCOMMANDS_Generator.c.o
                0x00000000000391b0                ARCOMMANDS_Generator_GenerateARDrone3PictureSettingsVideoFramerate
 .text.ARCOMMANDS_Generator_GenerateARDrone3PictureSettingsVideoResolutions
                0x0000000000039250       0xa0 /home/sunho/bebop_ws/devel/arsdk/out/arsdk-native/build/libARCommands/obj/gen/Sources/ARCOMMANDS_Generator.c.o
                0x0000000000039250                ARCOMMANDS_Generator_GenerateARDrone3PictureSettingsVideoResolutions
 .text.ARCOMMANDS_Generator_GenerateARDrone3MediaStreamingVideoEnable
                0x00000000000392f0       0xa0 /home/sunho/bebop_ws/devel/arsdk/out/arsdk-native/build/libARCommands/obj/gen/Sources/ARCOMMANDS_Generator.c.o
                0x00000000000392f0                ARCOMMANDS_Generator_GenerateARDrone3MediaStreamingVideoEnable
 .text.ARCOMMANDS_Generator_GenerateARDrone3MediaStreamingVideoStreamMode
                0x0000000000039390       0xa0 /home/sunho/bebop_ws/devel/arsdk/out/arsdk-native/build/libARCommands/obj/gen/Sources/ARCOMMANDS_Generator.c.o
                0x0000000000039390                ARCOMMANDS_Generator_GenerateARDrone3MediaStreamingVideoStreamMode
 .text.ARCOMMANDS_Generator_GenerateARDrone3GPSSettingsSetHome
                0x0000000000039430       0xde /home/sunho/bebop_ws/devel/arsdk/out/arsdk-native/build/libARCommands/obj/gen/Sources/ARCOMMANDS_Generator.c.o
                0x0000000000039430                ARCOMMANDS_Generator_GenerateARDrone3GPSSettingsSetHome
 *fill*         0x000000000003950e        0x2 
 .text.ARCOMMANDS_Generator_GenerateARDrone3GPSSettingsResetHome
                0x0000000000039510       0x82 /home/sunho/bebop_ws/devel/arsdk/out/arsdk-native/build/libARCommands/obj/gen/Sources/ARCOMMANDS_Generator.c.o
                0x0000000000039510                ARCOMMANDS_Generator_GenerateARDrone3GPSSettingsResetHome
 *fill*         0x0000000000039592        0xe 
 .text.ARCOMMANDS_Generator_GenerateARDrone3GPSSettingsSendControllerGPS
                0x00000000000395a0      0x11e /home/sunho/bebop_ws/devel/arsdk/out/arsdk-native/build/libARCommands/obj/gen/Sources/ARCOMMANDS_Generator.c.o
                0x00000000000395a0                ARCOMMANDS_Generator_GenerateARDrone3GPSSettingsSendControllerGPS
 *fill*         0x00000000000396be        0x2 
 .text.ARCOMMANDS_Generator_GenerateARDrone3GPSSettingsHomeType
                0x00000000000396c0       0xa0 /home/sunho/bebop_ws/devel/arsdk/out/arsdk-native/build/libARCommands/obj/gen/Sources/ARCOMMANDS_Generator.c.o
                0x00000000000396c0                ARCOMMANDS_Generator_GenerateARDrone3GPSSettingsHomeType
 .text.ARCOMMANDS_Generator_GenerateARDrone3GPSSettingsReturnHomeDelay
                0x0000000000039760       0xa8 /home/sunho/bebop_ws/devel/arsdk/out/arsdk-native/build/libARCommands/obj/gen/Sources/ARCOMMANDS_Generator.c.o
                0x0000000000039760                ARCOMMANDS_Generator_GenerateARDrone3GPSSettingsReturnHomeDelay
 *fill*         0x0000000000039808        0x8 
 .text.ARCOMMANDS_Generator_GenerateARDrone3AntiflickeringElectricFrequency
                0x0000000000039810       0xa0 /home/sunho/bebop_ws/devel/arsdk/out/arsdk-native/build/libARCommands/obj/gen/Sources/ARCOMMANDS_Generator.c.o
                0x0000000000039810                ARCOMMANDS_Generator_GenerateARDrone3AntiflickeringElectricFrequency
 .text.ARCOMMANDS_Generator_GenerateARDrone3AntiflickeringSetMode
                0x00000000000398b0       0xa0 /home/sunho/bebop_ws/devel/arsdk/out/arsdk-native/build/libARCommands/obj/gen/Sources/ARCOMMANDS_Generator.c.o
                0x00000000000398b0                ARCOMMANDS_Generator_GenerateARDrone3AntiflickeringSetMode
 .text.ARCOMMANDS_Generator_GenerateARDrone3MediaRecordStatePictureStateChanged
                0x0000000000039950       0xb6 /home/sunho/bebop_ws/devel/arsdk/out/arsdk-native/build/libARCommands/obj/gen/Sources/ARCOMMANDS_Generator.c.o
                0x0000000000039950                ARCOMMANDS_Generator_GenerateARDrone3MediaRecordStatePictureStateChanged
 *fill*         0x0000000000039a06        0xa 
 .text.ARCOMMANDS_Generator_GenerateARDrone3MediaRecordStateVideoStateChanged
                0x0000000000039a10       0xb6 /home/sunho/bebop_ws/devel/arsdk/out/arsdk-native/build/libARCommands/obj/gen/Sources/ARCOMMANDS_Generator.c.o
                0x0000000000039a10                ARCOMMANDS_Generator_GenerateARDrone3MediaRecordStateVideoStateChanged
 *fill*         0x0000000000039ac6        0xa 
 .text.ARCOMMANDS_Generator_GenerateARDrone3MediaRecordStatePictureStateChangedV2
                0x0000000000039ad0       0xb6 /home/sunho/bebop_ws/devel/arsdk/out/arsdk-native/build/libARCommands/obj/gen/Sources/ARCOMMANDS_Generator.c.o
                0x0000000000039ad0                ARCOMMANDS_Generator_GenerateARDrone3MediaRecordStatePictureStateChangedV2
 *fill*         0x0000000000039b86        0xa 
 .text.ARCOMMANDS_Generator_GenerateARDrone3MediaRecordStateVideoStateChangedV2
                0x0000000000039b90       0xb6 /home/sunho/bebop_ws/devel/arsdk/out/arsdk-native/build/libARCommands/obj/gen/Sources/ARCOMMANDS_Generator.c.o
                0x0000000000039b90                ARCOMMANDS_Generator_GenerateARDrone3MediaRecordStateVideoStateChangedV2
 *fill*         0x0000000000039c46        0xa 
 .text.ARCOMMANDS_Generator_GenerateARDrone3MediaRecordStateVideoResolutionState
                0x0000000000039c50       0xb6 /home/sunho/bebop_ws/devel/arsdk/out/arsdk-native/build/libARCommands/obj/gen/Sources/ARCOMMANDS_Generator.c.o
                0x0000000000039c50                ARCOMMANDS_Generator_GenerateARDrone3MediaRecordStateVideoResolutionState
 *fill*         0x0000000000039d06        0xa 
 .text.ARCOMMANDS_Generator_GenerateARDrone3MediaRecordEventPictureEventChanged
                0x0000000000039d10       0xae /home/sunho/bebop_ws/devel/arsdk/out/arsdk-native/build/libARCommands/obj/gen/Sources/ARCOMMANDS_Generator.c.o
                0x0000000000039d10                ARCOMMANDS_Generator_GenerateARDrone3MediaRecordEventPictureEventChanged
 *fill*         0x0000000000039dbe        0x2 
 .text.ARCOMMANDS_Generator_GenerateARDrone3MediaRecordEventVideoEventChanged
                0x0000000000039dc0       0xb6 /home/sunho/bebop_ws/devel/arsdk/out/arsdk-native/build/libARCommands/obj/gen/Sources/ARCOMMANDS_Generator.c.o
                0x0000000000039dc0                ARCOMMANDS_Generator_GenerateARDrone3MediaRecordEventVideoEventChanged
 *fill*         0x0000000000039e76        0xa 
 .text.ARCOMMANDS_Generator_GenerateARDrone3PilotingStateFlatTrimChanged
                0x0000000000039e80       0x7a /home/sunho/bebop_ws/devel/arsdk/out/arsdk-native/build/libARCommands/obj/gen/Sources/ARCOMMANDS_Generator.c.o
                0x0000000000039e80                ARCOMMANDS_Generator_GenerateARDrone3PilotingStateFlatTrimChanged
 *fill*         0x0000000000039efa        0x6 
 .text.ARCOMMANDS_Generator_GenerateARDrone3PilotingStateFlyingStateChanged
                0x0000000000039f00       0xa0 /home/sunho/bebop_ws/devel/arsdk/out/arsdk-native/build/libARCommands/obj/gen/Sources/ARCOMMANDS_Generator.c.o
                0x0000000000039f00                ARCOMMANDS_Generator_GenerateARDrone3PilotingStateFlyingStateChanged
 .text.ARCOMMANDS_Generator_GenerateARDrone3PilotingStateAlertStateChanged
                0x0000000000039fa0       0xa0 /home/sunho/bebop_ws/devel/arsdk/out/arsdk-native/build/libARCommands/obj/gen/Sources/ARCOMMANDS_Generator.c.o
                0x0000000000039fa0                ARCOMMANDS_Generator_GenerateARDrone3PilotingStateAlertStateChanged
 .text.ARCOMMANDS_Generator_GenerateARDrone3PilotingStateNavigateHomeStateChanged
                0x000000000003a040       0xb6 /home/sunho/bebop_ws/devel/arsdk/out/arsdk-native/build/libARCommands/obj/gen/Sources/ARCOMMANDS_Generator.c.o
                0x000000000003a040                ARCOMMANDS_Generator_GenerateARDrone3PilotingStateNavigateHomeStateChanged
 *fill*         0x000000000003a0f6        0xa 
 .text.ARCOMMANDS_Generator_GenerateARDrone3PilotingStatePositionChanged
                0x000000000003a100       0xde /home/sunho/bebop_ws/devel/arsdk/out/arsdk-native/build/libARCommands/obj/gen/Sources/ARCOMMANDS_Generator.c.o
                0x000000000003a100                ARCOMMANDS_Generator_GenerateARDrone3PilotingStatePositionChanged
 *fill*         0x000000000003a1de        0x2 
 .text.ARCOMMANDS_Generator_GenerateARDrone3PilotingStateSpeedChanged
                0x000000000003a1e0       0xde /home/sunho/bebop_ws/devel/arsdk/out/arsdk-native/build/libARCommands/obj/gen/Sources/ARCOMMANDS_Generator.c.o
                0x000000000003a1e0                ARCOMMANDS_Generator_GenerateARDrone3PilotingStateSpeedChanged
 *fill*         0x000000000003a2be        0x2 
 .text.ARCOMMANDS_Generator_GenerateARDrone3PilotingStateAttitudeChanged
                0x000000000003a2c0       0xde /home/sunho/bebop_ws/devel/arsdk/out/arsdk-native/build/libARCommands/obj/gen/Sources/ARCOMMANDS_Generator.c.o
                0x000000000003a2c0                ARCOMMANDS_Generator_GenerateARDrone3PilotingStateAttitudeChanged
 *fill*         0x000000000003a39e        0x2 
 .text.ARCOMMANDS_Generator_GenerateARDrone3PilotingStateAutoTakeOffModeChanged
                0x000000000003a3a0       0xa8 /home/sunho/bebop_ws/devel/arsdk/out/arsdk-native/build/libARCommands/obj/gen/Sources/ARCOMMANDS_Generator.c.o
                0x000000000003a3a0                ARCOMMANDS_Generator_GenerateARDrone3PilotingStateAutoTakeOffModeChanged
 *fill*         0x000000000003a448        0x8 
 .text.ARCOMMANDS_Generator_GenerateARDrone3PilotingStateAltitudeChanged
                0x000000000003a450       0x9e /home/sunho/bebop_ws/devel/arsdk/out/arsdk-native/build/libARCommands/obj/gen/Sources/ARCOMMANDS_Generator.c.o
                0x000000000003a450                ARCOMMANDS_Generator_GenerateARDrone3PilotingStateAltitudeChanged
 *fill*         0x000000000003a4ee        0x2 
 .text.ARCOMMANDS_Generator_GenerateARDrone3PilotingStateGpsLocationChanged
                0x000000000003a4f0      0x144 /home/sunho/bebop_ws/devel/arsdk/out/arsdk-native/build/libARCommands/obj/gen/Sources/ARCOMMANDS_Generator.c.o
                0x000000000003a4f0                ARCOMMANDS_Generator_GenerateARDrone3PilotingStateGpsLocationChanged
 *fill*         0x000000000003a634        0xc 
 .text.ARCOMMANDS_Generator_GenerateARDrone3PilotingStateLandingStateChanged
                0x000000000003a640       0xa0 /home/sunho/bebop_ws/devel/arsdk/out/arsdk-native/build/libARCommands/obj/gen/Sources/ARCOMMANDS_Generator.c.o
                0x000000000003a640                ARCOMMANDS_Generator_GenerateARDrone3PilotingStateLandingStateChanged
 .text.ARCOMMANDS_Generator_GenerateARDrone3PilotingEventMoveByEnd
                0x000000000003a6e0      0x120 /home/sunho/bebop_ws/devel/arsdk/out/arsdk-native/build/libARCommands/obj/gen/Sources/ARCOMMANDS_Generator.c.o
                0x000000000003a6e0                ARCOMMANDS_Generator_GenerateARDrone3PilotingEventMoveByEnd
 .text.ARCOMMANDS_Generator_GenerateARDrone3NetworkStateWifiScanListChanged
                0x000000000003a800      0x12c /home/sunho/bebop_ws/devel/arsdk/out/arsdk-native/build/libARCommands/obj/gen/Sources/ARCOMMANDS_Generator.c.o
                0x000000000003a800                ARCOMMANDS_Generator_GenerateARDrone3NetworkStateWifiScanListChanged
 *fill*         0x000000000003a92c        0x4 
 .text.ARCOMMANDS_Generator_GenerateARDrone3NetworkStateAllWifiScanChanged
                0x000000000003a930       0x82 /home/sunho/bebop_ws/devel/arsdk/out/arsdk-native/build/libARCommands/obj/gen/Sources/ARCOMMANDS_Generator.c.o
                0x000000000003a930                ARCOMMANDS_Generator_GenerateARDrone3NetworkStateAllWifiScanChanged
 *fill*         0x000000000003a9b2        0xe 
 .text.ARCOMMANDS_Generator_GenerateARDrone3NetworkStateWifiAuthChannelListChanged
                0x000000000003a9c0       0xe4 /home/sunho/bebop_ws/devel/arsdk/out/arsdk-native/build/libARCommands/obj/gen/Sources/ARCOMMANDS_Generator.c.o
                0x000000000003a9c0                ARCOMMANDS_Generator_GenerateARDrone3NetworkStateWifiAuthChannelListChanged
 *fill*         0x000000000003aaa4        0xc 
 .text.ARCOMMANDS_Generator_GenerateARDrone3NetworkStateAllWifiAuthChannelChanged
                0x000000000003aab0       0x82 /home/sunho/bebop_ws/devel/arsdk/out/arsdk-native/build/libARCommands/obj/gen/Sources/ARCOMMANDS_Generator.c.o
                0x000000000003aab0                ARCOMMANDS_Generator_GenerateARDrone3NetworkStateAllWifiAuthChannelChanged
 *fill*         0x000000000003ab32        0xe 
 .text.ARCOMMANDS_Generator_GenerateARDrone3PilotingSettingsStateMaxAltitudeChanged
                0x000000000003ab40       0xde /home/sunho/bebop_ws/devel/arsdk/out/arsdk-native/build/libARCommands/obj/gen/Sources/ARCOMMANDS_Generator.c.o
                0x000000000003ab40                ARCOMMANDS_Generator_GenerateARDrone3PilotingSettingsStateMaxAltitudeChanged
 *fill*         0x000000000003ac1e        0x2 
 .text.ARCOMMANDS_Generator_GenerateARDrone3PilotingSettingsStateMaxTiltChanged
                0x000000000003ac20       0xde /home/sunho/bebop_ws/devel/arsdk/out/arsdk-native/build/libARCommands/obj/gen/Sources/ARCOMMANDS_Generator.c.o
                0x000000000003ac20                ARCOMMANDS_Generator_GenerateARDrone3PilotingSettingsStateMaxTiltChanged
 *fill*         0x000000000003acfe        0x2 
 .text.ARCOMMANDS_Generator_GenerateARDrone3PilotingSettingsStateAbsolutControlChanged
                0x000000000003ad00       0xa8 /home/sunho/bebop_ws/devel/arsdk/out/arsdk-native/build/libARCommands/obj/gen/Sources/ARCOMMANDS_Generator.c.o
                0x000000000003ad00                ARCOMMANDS_Generator_GenerateARDrone3PilotingSettingsStateAbsolutControlChanged
 *fill*         0x000000000003ada8        0x8 
 .text.ARCOMMANDS_Generator_GenerateARDrone3PilotingSettingsStateMaxDistanceChanged
                0x000000000003adb0       0xde /home/sunho/bebop_ws/devel/arsdk/out/arsdk-native/build/libARCommands/obj/gen/Sources/ARCOMMANDS_Generator.c.o
                0x000000000003adb0                ARCOMMANDS_Generator_GenerateARDrone3PilotingSettingsStateMaxDistanceChanged
 *fill*         0x000000000003ae8e        0x2 
 .text.ARCOMMANDS_Generator_GenerateARDrone3PilotingSettingsStateNoFlyOverMaxDistanceChanged
                0x000000000003ae90       0xa8 /home/sunho/bebop_ws/devel/arsdk/out/arsdk-native/build/libARCommands/obj/gen/Sources/ARCOMMANDS_Generator.c.o
                0x000000000003ae90                ARCOMMANDS_Generator_GenerateARDrone3PilotingSettingsStateNoFlyOverMaxDistanceChanged
 *fill*         0x000000000003af38        0x8 
 .text.ARCOMMANDS_Generator_GenerateARDrone3PilotingSettingsStateAutonomousFlightMaxHorizontalSpeed
                0x000000000003af40       0x9e /home/sunho/bebop_ws/devel/arsdk/out/arsdk-native/build/libARCommands/obj/gen/Sources/ARCOMMANDS_Generator.c.o
                0x000000000003af40                ARCOMMANDS_Generator_GenerateARDrone3PilotingSettingsStateAutonomousFlightMaxHorizontalSpeed
 *fill*         0x000000000003afde        0x2 
 .text.ARCOMMANDS_Generator_GenerateARDrone3PilotingSettingsStateAutonomousFlightMaxVerticalSpeed
                0x000000000003afe0       0x9e /home/sunho/bebop_ws/devel/arsdk/out/arsdk-native/build/libARCommands/obj/gen/Sources/ARCOMMANDS_Generator.c.o
                0x000000000003afe0                ARCOMMANDS_Generator_GenerateARDrone3PilotingSettingsStateAutonomousFlightMaxVerticalSpeed
 *fill*         0x000000000003b07e        0x2 
 .text.ARCOMMANDS_Generator_GenerateARDrone3PilotingSettingsStateAutonomousFlightMaxHorizontalAcceleration
                0x000000000003b080       0x9e /home/sunho/bebop_ws/devel/arsdk/out/arsdk-native/build/libARCommands/obj/gen/Sources/ARCOMMANDS_Generator.c.o
                0x000000000003b080                ARCOMMANDS_Generator_GenerateARDrone3PilotingSettingsStateAutonomousFlightMaxHorizontalAcceleration
 *fill*         0x000000000003b11e        0x2 
 .text.ARCOMMANDS_Generator_GenerateARDrone3PilotingSettingsStateAutonomousFlightMaxVerticalAcceleration
                0x000000000003b120       0x9e /home/sunho/bebop_ws/devel/arsdk/out/arsdk-native/build/libARCommands/obj/gen/Sources/ARCOMMANDS_Generator.c.o
                0x000000000003b120                ARCOMMANDS_Generator_GenerateARDrone3PilotingSettingsStateAutonomousFlightMaxVerticalAcceleration
 *fill*         0x000000000003b1be        0x2 
 .text.ARCOMMANDS_Generator_GenerateARDrone3PilotingSettingsStateAutonomousFlightMaxRotationSpeed
                0x000000000003b1c0       0x9e /home/sunho/bebop_ws/devel/arsdk/out/arsdk-native/build/libARCommands/obj/gen/Sources/ARCOMMANDS_Generator.c.o
                0x000000000003b1c0                ARCOMMANDS_Generator_GenerateARDrone3PilotingSettingsStateAutonomousFlightMaxRotationSpeed
 *fill*         0x000000000003b25e        0x2 
 .text.ARCOMMANDS_Generator_GenerateARDrone3PilotingSettingsStateBankedTurnChanged
                0x000000000003b260       0xa8 /home/sunho/bebop_ws/devel/arsdk/out/arsdk-native/build/libARCommands/obj/gen/Sources/ARCOMMANDS_Generator.c.o
                0x000000000003b260                ARCOMMANDS_Generator_GenerateARDrone3PilotingSettingsStateBankedTurnChanged
 *fill*         0x000000000003b308        0x8 
 .text.ARCOMMANDS_Generator_GenerateARDrone3PilotingSettingsStateMinAltitudeChanged
                0x000000000003b310       0xde /home/sunho/bebop_ws/devel/arsdk/out/arsdk-native/build/libARCommands/obj/gen/Sources/ARCOMMANDS_Generator.c.o
                0x000000000003b310                ARCOMMANDS_Generator_GenerateARDrone3PilotingSettingsStateMinAltitudeChanged
 *fill*         0x000000000003b3ee        0x2 
 .text.ARCOMMANDS_Generator_GenerateARDrone3PilotingSettingsStateCirclingDirectionChanged
                0x000000000003b3f0       0xa0 /home/sunho/bebop_ws/devel/arsdk/out/arsdk-native/build/libARCommands/obj/gen/Sources/ARCOMMANDS_Generator.c.o
                0x000000000003b3f0                ARCOMMANDS_Generator_GenerateARDrone3PilotingSettingsStateCirclingDirectionChanged
 .text.ARCOMMANDS_Generator_GenerateARDrone3PilotingSettingsStateCirclingRadiusChanged
                0x000000000003b490       0xe4 /home/sunho/bebop_ws/devel/arsdk/out/arsdk-native/build/libARCommands/obj/gen/Sources/ARCOMMANDS_Generator.c.o
                0x000000000003b490                ARCOMMANDS_Generator_GenerateARDrone3PilotingSettingsStateCirclingRadiusChanged
 *fill*         0x000000000003b574        0xc 
 .text.ARCOMMANDS_Generator_GenerateARDrone3PilotingSettingsStateCirclingAltitudeChanged
                0x000000000003b580       0xe4 /home/sunho/bebop_ws/devel/arsdk/out/arsdk-native/build/libARCommands/obj/gen/Sources/ARCOMMANDS_Generator.c.o
                0x000000000003b580                ARCOMMANDS_Generator_GenerateARDrone3PilotingSettingsStateCirclingAltitudeChanged
 *fill*         0x000000000003b664        0xc 
 .text.ARCOMMANDS_Generator_GenerateARDrone3PilotingSettingsStatePitchModeChanged
                0x000000000003b670       0xa0 /home/sunho/bebop_ws/devel/arsdk/out/arsdk-native/build/libARCommands/obj/gen/Sources/ARCOMMANDS_Generator.c.o
                0x000000000003b670                ARCOMMANDS_Generator_GenerateARDrone3PilotingSettingsStatePitchModeChanged
 .text.ARCOMMANDS_Generator_GenerateARDrone3SpeedSettingsStateMaxVerticalSpeedChanged
                0x000000000003b710       0xde /home/sunho/bebop_ws/devel/arsdk/out/arsdk-native/build/libARCommands/obj/gen/Sources/ARCOMMANDS_Generator.c.o
                0x000000000003b710                ARCOMMANDS_Generator_GenerateARDrone3SpeedSettingsStateMaxVerticalSpeedChanged
 *fill*         0x000000000003b7ee        0x2 
 .text.ARCOMMANDS_Generator_GenerateARDrone3SpeedSettingsStateMaxRotationSpeedChanged
                0x000000000003b7f0       0xde /home/sunho/bebop_ws/devel/arsdk/out/arsdk-native/build/libARCommands/obj/gen/Sources/ARCOMMANDS_Generator.c.o
                0x000000000003b7f0                ARCOMMANDS_Generator_GenerateARDrone3SpeedSettingsStateMaxRotationSpeedChanged
 *fill*         0x000000000003b8ce        0x2 
 .text.ARCOMMANDS_Generator_GenerateARDrone3SpeedSettingsStateHullProtectionChanged
                0x000000000003b8d0       0xa8 /home/sunho/bebop_ws/devel/arsdk/out/arsdk-native/build/libARCommands/obj/gen/Sources/ARCOMMANDS_Generator.c.o
                0x000000000003b8d0                ARCOMMANDS_Generator_GenerateARDrone3SpeedSettingsStateHullProtectionChanged
 *fill*         0x000000000003b978        0x8 
 .text.ARCOMMANDS_Generator_GenerateARDrone3SpeedSettingsStateOutdoorChanged
                0x000000000003b980       0xa8 /home/sunho/bebop_ws/devel/arsdk/out/arsdk-native/build/libARCommands/obj/gen/Sources/ARCOMMANDS_Generator.c.o
                0x000000000003b980                ARCOMMANDS_Generator_GenerateARDrone3SpeedSettingsStateOutdoorChanged
 *fill*         0x000000000003ba28        0x8 
 .text.ARCOMMANDS_Generator_GenerateARDrone3SpeedSettingsStateMaxPitchRollRotationSpeedChanged
                0x000000000003ba30       0xde /home/sunho/bebop_ws/devel/arsdk/out/arsdk-native/build/libARCommands/obj/gen/Sources/ARCOMMANDS_Generator.c.o
                0x000000000003ba30                ARCOMMANDS_Generator_GenerateARDrone3SpeedSettingsStateMaxPitchRollRotationSpeedChanged
 *fill*         0x000000000003bb0e        0x2 
 .text.ARCOMMANDS_Generator_GenerateARDrone3NetworkSettingsStateWifiSelectionChanged
                0x000000000003bb10       0xe4 /home/sunho/bebop_ws/devel/arsdk/out/arsdk-native/build/libARCommands/obj/gen/Sources/ARCOMMANDS_Generator.c.o
                0x000000000003bb10                ARCOMMANDS_Generator_GenerateARDrone3NetworkSettingsStateWifiSelectionChanged
 *fill*         0x000000000003bbf4        0xc 
 .text.ARCOMMANDS_Generator_GenerateARDrone3NetworkSettingsStateWifiSecurityChanged
                0x000000000003bc00       0xa0 /home/sunho/bebop_ws/devel/arsdk/out/arsdk-native/build/libARCommands/obj/gen/Sources/ARCOMMANDS_Generator.c.o
                0x000000000003bc00                ARCOMMANDS_Generator_GenerateARDrone3NetworkSettingsStateWifiSecurityChanged
 .text.ARCOMMANDS_Generator_GenerateARDrone3NetworkSettingsStateWifiSecurity
                0x000000000003bca0      0x10c /home/sunho/bebop_ws/devel/arsdk/out/arsdk-native/build/libARCommands/obj/gen/Sources/ARCOMMANDS_Generator.c.o
                0x000000000003bca0                ARCOMMANDS_Generator_GenerateARDrone3NetworkSettingsStateWifiSecurity
 *fill*         0x000000000003bdac        0x4 
 .text.ARCOMMANDS_Generator_GenerateARDrone3SettingsStateProductMotorVersionListChanged
                0x000000000003bdb0      0x13c /home/sunho/bebop_ws/devel/arsdk/out/arsdk-native/build/libARCommands/obj/gen/Sources/ARCOMMANDS_Generator.c.o
                0x000000000003bdb0                ARCOMMANDS_Generator_GenerateARDrone3SettingsStateProductMotorVersionListChanged
 *fill*         0x000000000003beec        0x4 
 .text.ARCOMMANDS_Generator_GenerateARDrone3SettingsStateProductGPSVersionChanged
                0x000000000003bef0       0xe0 /home/sunho/bebop_ws/devel/arsdk/out/arsdk-native/build/libARCommands/obj/gen/Sources/ARCOMMANDS_Generator.c.o
                0x000000000003bef0                ARCOMMANDS_Generator_GenerateARDrone3SettingsStateProductGPSVersionChanged
 .text.ARCOMMANDS_Generator_GenerateARDrone3SettingsStateMotorErrorStateChanged
                0x000000000003bfd0       0xb6 /home/sunho/bebop_ws/devel/arsdk/out/arsdk-native/build/libARCommands/obj/gen/Sources/ARCOMMANDS_Generator.c.o
                0x000000000003bfd0                ARCOMMANDS_Generator_GenerateARDrone3SettingsStateMotorErrorStateChanged
 *fill*         0x000000000003c086        0xa 
 .text.ARCOMMANDS_Generator_GenerateARDrone3SettingsStateMotorSoftwareVersionChanged
                0x000000000003c090       0xb0 /home/sunho/bebop_ws/devel/arsdk/out/arsdk-native/build/libARCommands/obj/gen/Sources/ARCOMMANDS_Generator.c.o
                0x000000000003c090                ARCOMMANDS_Generator_GenerateARDrone3SettingsStateMotorSoftwareVersionChanged
 .text.ARCOMMANDS_Generator_GenerateARDrone3SettingsStateMotorFlightsStatusChanged
                0x000000000003c140       0xe4 /home/sunho/bebop_ws/devel/arsdk/out/arsdk-native/build/libARCommands/obj/gen/Sources/ARCOMMANDS_Generator.c.o
                0x000000000003c140                ARCOMMANDS_Generator_GenerateARDrone3SettingsStateMotorFlightsStatusChanged
 *fill*         0x000000000003c224        0xc 
 .text.ARCOMMANDS_Generator_GenerateARDrone3SettingsStateMotorErrorLastErrorChanged
                0x000000000003c230       0xa0 /home/sunho/bebop_ws/devel/arsdk/out/arsdk-native/build/libARCommands/obj/gen/Sources/ARCOMMANDS_Generator.c.o
                0x000000000003c230                ARCOMMANDS_Generator_GenerateARDrone3SettingsStateMotorErrorLastErrorChanged
 .text.ARCOMMANDS_Generator_GenerateARDrone3SettingsStateP7ID
                0x000000000003c2d0       0xb0 /home/sunho/bebop_ws/devel/arsdk/out/arsdk-native/build/libARCommands/obj/gen/Sources/ARCOMMANDS_Generator.c.o
                0x000000000003c2d0                ARCOMMANDS_Generator_GenerateARDrone3SettingsStateP7ID
 .text.ARCOMMANDS_Generator_GenerateARDrone3SettingsStateCPUID
                0x000000000003c380       0xb0 /home/sunho/bebop_ws/devel/arsdk/out/arsdk-native/build/libARCommands/obj/gen/Sources/ARCOMMANDS_Generator.c.o
                0x000000000003c380                ARCOMMANDS_Generator_GenerateARDrone3SettingsStateCPUID
 .text.ARCOMMANDS_Generator_GenerateARDrone3PictureSettingsStatePictureFormatChanged
                0x000000000003c430       0xa0 /home/sunho/bebop_ws/devel/arsdk/out/arsdk-native/build/libARCommands/obj/gen/Sources/ARCOMMANDS_Generator.c.o
                0x000000000003c430                ARCOMMANDS_Generator_GenerateARDrone3PictureSettingsStatePictureFormatChanged
 .text.ARCOMMANDS_Generator_GenerateARDrone3PictureSettingsStateAutoWhiteBalanceChanged
                0x000000000003c4d0       0xa0 /home/sunho/bebop_ws/devel/arsdk/out/arsdk-native/build/libARCommands/obj/gen/Sources/ARCOMMANDS_Generator.c.o
                0x000000000003c4d0                ARCOMMANDS_Generator_GenerateARDrone3PictureSettingsStateAutoWhiteBalanceChanged
 .text.ARCOMMANDS_Generator_GenerateARDrone3PictureSettingsStateExpositionChanged
                0x000000000003c570       0xde /home/sunho/bebop_ws/devel/arsdk/out/arsdk-native/build/libARCommands/obj/gen/Sources/ARCOMMANDS_Generator.c.o
                0x000000000003c570                ARCOMMANDS_Generator_GenerateARDrone3PictureSettingsStateExpositionChanged
 *fill*         0x000000000003c64e        0x2 
 .text.ARCOMMANDS_Generator_GenerateARDrone3PictureSettingsStateSaturationChanged
                0x000000000003c650       0xde /home/sunho/bebop_ws/devel/arsdk/out/arsdk-native/build/libARCommands/obj/gen/Sources/ARCOMMANDS_Generator.c.o
                0x000000000003c650                ARCOMMANDS_Generator_GenerateARDrone3PictureSettingsStateSaturationChanged
 *fill*         0x000000000003c72e        0x2 
 .text.ARCOMMANDS_Generator_GenerateARDrone3PictureSettingsStateTimelapseChanged
                0x000000000003c730      0x100 /home/sunho/bebop_ws/devel/arsdk/out/arsdk-native/build/libARCommands/obj/gen/Sources/ARCOMMANDS_Generator.c.o
                0x000000000003c730                ARCOMMANDS_Generator_GenerateARDrone3PictureSettingsStateTimelapseChanged
 .text.ARCOMMANDS_Generator_GenerateARDrone3PictureSettingsStateVideoAutorecordChanged
                0x000000000003c830       0xb6 /home/sunho/bebop_ws/devel/arsdk/out/arsdk-native/build/libARCommands/obj/gen/Sources/ARCOMMANDS_Generator.c.o
                0x000000000003c830                ARCOMMANDS_Generator_GenerateARDrone3PictureSettingsStateVideoAutorecordChanged
 *fill*         0x000000000003c8e6        0xa 
 .text.ARCOMMANDS_Generator_GenerateARDrone3PictureSettingsStateVideoStabilizationModeChanged
                0x000000000003c8f0       0xa0 /home/sunho/bebop_ws/devel/arsdk/out/arsdk-native/build/libARCommands/obj/gen/Sources/ARCOMMANDS_Generator.c.o
                0x000000000003c8f0                ARCOMMANDS_Generator_GenerateARDrone3PictureSettingsStateVideoStabilizationModeChanged
 .text.ARCOMMANDS_Generator_GenerateARDrone3PictureSettingsStateVideoRecordingModeChanged
                0x000000000003c990       0xa0 /home/sunho/bebop_ws/devel/arsdk/out/arsdk-native/build/libARCommands/obj/gen/Sources/ARCOMMANDS_Generator.c.o
                0x000000000003c990                ARCOMMANDS_Generator_GenerateARDrone3PictureSettingsStateVideoRecordingModeChanged
 .text.ARCOMMANDS_Generator_GenerateARDrone3PictureSettingsStateVideoFramerateChanged
                0x000000000003ca30       0xa0 /home/sunho/bebop_ws/devel/arsdk/out/arsdk-native/build/libARCommands/obj/gen/Sources/ARCOMMANDS_Generator.c.o
                0x000000000003ca30                ARCOMMANDS_Generator_GenerateARDrone3PictureSettingsStateVideoFramerateChanged
 .text.ARCOMMANDS_Generator_GenerateARDrone3PictureSettingsStateVideoResolutionsChanged
                0x000000000003cad0       0xa0 /home/sunho/bebop_ws/devel/arsdk/out/arsdk-native/build/libARCommands/obj/gen/Sources/ARCOMMANDS_Generator.c.o
                0x000000000003cad0                ARCOMMANDS_Generator_GenerateARDrone3PictureSettingsStateVideoResolutionsChanged
 .text.ARCOMMANDS_Generator_GenerateARDrone3MediaStreamingStateVideoEnableChanged
                0x000000000003cb70       0xa0 /home/sunho/bebop_ws/devel/arsdk/out/arsdk-native/build/libARCommands/obj/gen/Sources/ARCOMMANDS_Generator.c.o
                0x000000000003cb70                ARCOMMANDS_Generator_GenerateARDrone3MediaStreamingStateVideoEnableChanged
 .text.ARCOMMANDS_Generator_GenerateARDrone3MediaStreamingStateVideoStreamModeChanged
                0x000000000003cc10       0xa0 /home/sunho/bebop_ws/devel/arsdk/out/arsdk-native/build/libARCommands/obj/gen/Sources/ARCOMMANDS_Generator.c.o
                0x000000000003cc10                ARCOMMANDS_Generator_GenerateARDrone3MediaStreamingStateVideoStreamModeChanged
 .text.ARCOMMANDS_Generator_GenerateARDrone3GPSSettingsStateHomeChanged
                0x000000000003ccb0       0xde /home/sunho/bebop_ws/devel/arsdk/out/arsdk-native/build/libARCommands/obj/gen/Sources/ARCOMMANDS_Generator.c.o
                0x000000000003ccb0                ARCOMMANDS_Generator_GenerateARDrone3GPSSettingsStateHomeChanged
 *fill*         0x000000000003cd8e        0x2 
 .text.ARCOMMANDS_Generator_GenerateARDrone3GPSSettingsStateResetHomeChanged
                0x000000000003cd90       0xde /home/sunho/bebop_ws/devel/arsdk/out/arsdk-native/build/libARCommands/obj/gen/Sources/ARCOMMANDS_Generator.c.o
                0x000000000003cd90                ARCOMMANDS_Generator_GenerateARDrone3GPSSettingsStateResetHomeChanged
 *fill*         0x000000000003ce6e        0x2 
 .text.ARCOMMANDS_Generator_GenerateARDrone3GPSSettingsStateGPSFixStateChanged
                0x000000000003ce70       0xa8 /home/sunho/bebop_ws/devel/arsdk/out/arsdk-native/build/libARCommands/obj/gen/Sources/ARCOMMANDS_Generator.c.o
                0x000000000003ce70                ARCOMMANDS_Generator_GenerateARDrone3GPSSettingsStateGPSFixStateChanged
 *fill*         0x000000000003cf18        0x8 
 .text.ARCOMMANDS_Generator_GenerateARDrone3GPSSettingsStateGPSUpdateStateChanged
                0x000000000003cf20       0xa0 /home/sunho/bebop_ws/devel/arsdk/out/arsdk-native/build/libARCommands/obj/gen/Sources/ARCOMMANDS_Generator.c.o
                0x000000000003cf20                ARCOMMANDS_Generator_GenerateARDrone3GPSSettingsStateGPSUpdateStateChanged
 .text.ARCOMMANDS_Generator_GenerateARDrone3GPSSettingsStateHomeTypeChanged
                0x000000000003cfc0       0xa0 /home/sunho/bebop_ws/devel/arsdk/out/arsdk-native/build/libARCommands/obj/gen/Sources/ARCOMMANDS_Generator.c.o
                0x000000000003cfc0                ARCOMMANDS_Generator_GenerateARDrone3GPSSettingsStateHomeTypeChanged
 .text.ARCOMMANDS_Generator_GenerateARDrone3GPSSettingsStateReturnHomeDelayChanged
                0x000000000003d060       0xa8 /home/sunho/bebop_ws/devel/arsdk/out/arsdk-native/build/libARCommands/obj/gen/Sources/ARCOMMANDS_Generator.c.o
                0x000000000003d060                ARCOMMANDS_Generator_GenerateARDrone3GPSSettingsStateReturnHomeDelayChanged
 *fill*         0x000000000003d108        0x8 
 .text.ARCOMMANDS_Generator_GenerateARDrone3CameraStateOrientation
                0x000000000003d110       0xb6 /home/sunho/bebop_ws/devel/arsdk/out/arsdk-native/build/libARCommands/obj/gen/Sources/ARCOMMANDS_Generator.c.o
                0x000000000003d110                ARCOMMANDS_Generator_GenerateARDrone3CameraStateOrientation
 *fill*         0x000000000003d1c6        0xa 
 .text.ARCOMMANDS_Generator_GenerateARDrone3CameraStateDefaultCameraOrientation
                0x000000000003d1d0       0xb6 /home/sunho/bebop_ws/devel/arsdk/out/arsdk-native/build/libARCommands/obj/gen/Sources/ARCOMMANDS_Generator.c.o
                0x000000000003d1d0                ARCOMMANDS_Generator_GenerateARDrone3CameraStateDefaultCameraOrientation
 *fill*         0x000000000003d286        0xa 
 .text.ARCOMMANDS_Generator_GenerateARDrone3AntiflickeringStateElectricFrequencyChanged
                0x000000000003d290       0xa0 /home/sunho/bebop_ws/devel/arsdk/out/arsdk-native/build/libARCommands/obj/gen/Sources/ARCOMMANDS_Generator.c.o
                0x000000000003d290                ARCOMMANDS_Generator_GenerateARDrone3AntiflickeringStateElectricFrequencyChanged
 .text.ARCOMMANDS_Generator_GenerateARDrone3AntiflickeringStateModeChanged
                0x000000000003d330       0xa0 /home/sunho/bebop_ws/devel/arsdk/out/arsdk-native/build/libARCommands/obj/gen/Sources/ARCOMMANDS_Generator.c.o
                0x000000000003d330                ARCOMMANDS_Generator_GenerateARDrone3AntiflickeringStateModeChanged
 .text.ARCOMMANDS_Generator_GenerateARDrone3GPSStateNumberOfSatelliteChanged
                0x000000000003d3d0       0xa0 /home/sunho/bebop_ws/devel/arsdk/out/arsdk-native/build/libARCommands/obj/gen/Sources/ARCOMMANDS_Generator.c.o
                0x000000000003d3d0                ARCOMMANDS_Generator_GenerateARDrone3GPSStateNumberOfSatelliteChanged
 .text.ARCOMMANDS_Generator_GenerateARDrone3GPSStateHomeTypeAvailabilityChanged
                0x000000000003d470       0xb6 /home/sunho/bebop_ws/devel/arsdk/out/arsdk-native/build/libARCommands/obj/gen/Sources/ARCOMMANDS_Generator.c.o
                0x000000000003d470                ARCOMMANDS_Generator_GenerateARDrone3GPSStateHomeTypeAvailabilityChanged
 *fill*         0x000000000003d526        0xa 
 .text.ARCOMMANDS_Generator_GenerateARDrone3GPSStateHomeTypeChosenChanged
                0x000000000003d530       0xa0 /home/sunho/bebop_ws/devel/arsdk/out/arsdk-native/build/libARCommands/obj/gen/Sources/ARCOMMANDS_Generator.c.o
                0x000000000003d530                ARCOMMANDS_Generator_GenerateARDrone3GPSStateHomeTypeChosenChanged
 .text.ARCOMMANDS_Generator_GenerateARDrone3PROStateFeatures
                0x000000000003d5d0       0xa0 /home/sunho/bebop_ws/devel/arsdk/out/arsdk-native/build/libARCommands/obj/gen/Sources/ARCOMMANDS_Generator.c.o
                0x000000000003d5d0                ARCOMMANDS_Generator_GenerateARDrone3PROStateFeatures
 .text.ARCOMMANDS_Generator_GenerateCommonNetworkDisconnect
                0x000000000003d670       0x7a /home/sunho/bebop_ws/devel/arsdk/out/arsdk-native/build/libARCommands/obj/gen/Sources/ARCOMMANDS_Generator.c.o
                0x000000000003d670                ARCOMMANDS_Generator_GenerateCommonNetworkDisconnect
 *fill*         0x000000000003d6ea        0x6 
 .text.ARCOMMANDS_Generator_GenerateCommonSettingsAllSettings
                0x000000000003d6f0       0x7a /home/sunho/bebop_ws/devel/arsdk/out/arsdk-native/build/libARCommands/obj/gen/Sources/ARCOMMANDS_Generator.c.o
                0x000000000003d6f0                ARCOMMANDS_Generator_GenerateCommonSettingsAllSettings
 *fill*         0x000000000003d76a        0x6 
 .text.ARCOMMANDS_Generator_GenerateCommonSettingsReset
                0x000000000003d770       0x7a /home/sunho/bebop_ws/devel/arsdk/out/arsdk-native/build/libARCommands/obj/gen/Sources/ARCOMMANDS_Generator.c.o
                0x000000000003d770                ARCOMMANDS_Generator_GenerateCommonSettingsReset
 *fill*         0x000000000003d7ea        0x6 
 .text.ARCOMMANDS_Generator_GenerateCommonSettingsProductName
                0x000000000003d7f0       0xb0 /home/sunho/bebop_ws/devel/arsdk/out/arsdk-native/build/libARCommands/obj/gen/Sources/ARCOMMANDS_Generator.c.o
                0x000000000003d7f0                ARCOMMANDS_Generator_GenerateCommonSettingsProductName
 .text.ARCOMMANDS_Generator_GenerateCommonSettingsCountry
                0x000000000003d8a0       0xb0 /home/sunho/bebop_ws/devel/arsdk/out/arsdk-native/build/libARCommands/obj/gen/Sources/ARCOMMANDS_Generator.c.o
                0x000000000003d8a0                ARCOMMANDS_Generator_GenerateCommonSettingsCountry
 .text.ARCOMMANDS_Generator_GenerateCommonSettingsAutoCountry
                0x000000000003d950       0xa0 /home/sunho/bebop_ws/devel/arsdk/out/arsdk-native/build/libARCommands/obj/gen/Sources/ARCOMMANDS_Generator.c.o
                0x000000000003d950                ARCOMMANDS_Generator_GenerateCommonSettingsAutoCountry
 .text.ARCOMMANDS_Generator_GenerateCommonCommonAllStates
                0x000000000003d9f0       0x7a /home/sunho/bebop_ws/devel/arsdk/out/arsdk-native/build/libARCommands/obj/gen/Sources/ARCOMMANDS_Generator.c.o
                0x000000000003d9f0                ARCOMMANDS_Generator_GenerateCommonCommonAllStates
 *fill*         0x000000000003da6a        0x6 
 .text.ARCOMMANDS_Generator_GenerateCommonCommonCurrentDate
                0x000000000003da70       0xb0 /home/sunho/bebop_ws/devel/arsdk/out/arsdk-native/build/libARCommands/obj/gen/Sources/ARCOMMANDS_Generator.c.o
                0x000000000003da70                ARCOMMANDS_Generator_GenerateCommonCommonCurrentDate
 .text.ARCOMMANDS_Generator_GenerateCommonCommonCurrentTime
                0x000000000003db20       0xb0 /home/sunho/bebop_ws/devel/arsdk/out/arsdk-native/build/libARCommands/obj/gen/Sources/ARCOMMANDS_Generator.c.o
                0x000000000003db20                ARCOMMANDS_Generator_GenerateCommonCommonCurrentTime
 .text.ARCOMMANDS_Generator_GenerateCommonCommonReboot
                0x000000000003dbd0       0x7a /home/sunho/bebop_ws/devel/arsdk/out/arsdk-native/build/libARCommands/obj/gen/Sources/ARCOMMANDS_Generator.c.o
                0x000000000003dbd0                ARCOMMANDS_Generator_GenerateCommonCommonReboot
 *fill*         0x000000000003dc4a        0x6 
 .text.ARCOMMANDS_Generator_GenerateCommonOverHeatSwitchOff
                0x000000000003dc50       0x7a /home/sunho/bebop_ws/devel/arsdk/out/arsdk-native/build/libARCommands/obj/gen/Sources/ARCOMMANDS_Generator.c.o
                0x000000000003dc50                ARCOMMANDS_Generator_GenerateCommonOverHeatSwitchOff
 *fill*         0x000000000003dcca        0x6 
 .text.ARCOMMANDS_Generator_GenerateCommonOverHeatVentilate
                0x000000000003dcd0       0x7a /home/sunho/bebop_ws/devel/arsdk/out/arsdk-native/build/libARCommands/obj/gen/Sources/ARCOMMANDS_Generator.c.o
                0x000000000003dcd0                ARCOMMANDS_Generator_GenerateCommonOverHeatVentilate
 *fill*         0x000000000003dd4a        0x6 
 .text.ARCOMMANDS_Generator_GenerateCommonControllerIsPiloting
                0x000000000003dd50       0xa0 /home/sunho/bebop_ws/devel/arsdk/out/arsdk-native/build/libARCommands/obj/gen/Sources/ARCOMMANDS_Generator.c.o
                0x000000000003dd50                ARCOMMANDS_Generator_GenerateCommonControllerIsPiloting
 .text.ARCOMMANDS_Generator_GenerateCommonWifiSettingsOutdoorSetting
                0x000000000003ddf0       0xa0 /home/sunho/bebop_ws/devel/arsdk/out/arsdk-native/build/libARCommands/obj/gen/Sources/ARCOMMANDS_Generator.c.o
                0x000000000003ddf0                ARCOMMANDS_Generator_GenerateCommonWifiSettingsOutdoorSetting
 .text.ARCOMMANDS_Generator_GenerateCommonMavlinkStart
                0x000000000003de90       0xce /home/sunho/bebop_ws/devel/arsdk/out/arsdk-native/build/libARCommands/obj/gen/Sources/ARCOMMANDS_Generator.c.o
                0x000000000003de90                ARCOMMANDS_Generator_GenerateCommonMavlinkStart
 *fill*         0x000000000003df5e        0x2 
 .text.ARCOMMANDS_Generator_GenerateCommonMavlinkPause
                0x000000000003df60       0x7a /home/sunho/bebop_ws/devel/arsdk/out/arsdk-native/build/libARCommands/obj/gen/Sources/ARCOMMANDS_Generator.c.o
                0x000000000003df60                ARCOMMANDS_Generator_GenerateCommonMavlinkPause
 *fill*         0x000000000003dfda        0x6 
 .text.ARCOMMANDS_Generator_GenerateCommonMavlinkStop
                0x000000000003dfe0       0x7a /home/sunho/bebop_ws/devel/arsdk/out/arsdk-native/build/libARCommands/obj/gen/Sources/ARCOMMANDS_Generator.c.o
                0x000000000003dfe0                ARCOMMANDS_Generator_GenerateCommonMavlinkStop
 *fill*         0x000000000003e05a        0x6 
 .text.ARCOMMANDS_Generator_GenerateCommonCalibrationMagnetoCalibration
                0x000000000003e060       0xa0 /home/sunho/bebop_ws/devel/arsdk/out/arsdk-native/build/libARCommands/obj/gen/Sources/ARCOMMANDS_Generator.c.o
                0x000000000003e060                ARCOMMANDS_Generator_GenerateCommonCalibrationMagnetoCalibration
 .text.ARCOMMANDS_Generator_GenerateCommonCalibrationPitotCalibration
                0x000000000003e100       0xa0 /home/sunho/bebop_ws/devel/arsdk/out/arsdk-native/build/libARCommands/obj/gen/Sources/ARCOMMANDS_Generator.c.o
                0x000000000003e100                ARCOMMANDS_Generator_GenerateCommonCalibrationPitotCalibration
 .text.ARCOMMANDS_Generator_GenerateCommonGPSControllerPositionForRun
                0x000000000003e1a0       0xbe /home/sunho/bebop_ws/devel/arsdk/out/arsdk-native/build/libARCommands/obj/gen/Sources/ARCOMMANDS_Generator.c.o
                0x000000000003e1a0                ARCOMMANDS_Generator_GenerateCommonGPSControllerPositionForRun
 *fill*         0x000000000003e25e        0x2 
 .text.ARCOMMANDS_Generator_GenerateCommonAudioControllerReadyForStreaming
                0x000000000003e260       0xa0 /home/sunho/bebop_ws/devel/arsdk/out/arsdk-native/build/libARCommands/obj/gen/Sources/ARCOMMANDS_Generator.c.o
                0x000000000003e260                ARCOMMANDS_Generator_GenerateCommonAudioControllerReadyForStreaming
 .text.ARCOMMANDS_Generator_GenerateCommonHeadlightsIntensity
                0x000000000003e300       0xae /home/sunho/bebop_ws/devel/arsdk/out/arsdk-native/build/libARCommands/obj/gen/Sources/ARCOMMANDS_Generator.c.o
                0x000000000003e300                ARCOMMANDS_Generator_GenerateCommonHeadlightsIntensity
 *fill*         0x000000000003e3ae        0x2 
 .text.ARCOMMANDS_Generator_GenerateCommonAnimationsStartAnimation
                0x000000000003e3b0       0xa0 /home/sunho/bebop_ws/devel/arsdk/out/arsdk-native/build/libARCommands/obj/gen/Sources/ARCOMMANDS_Generator.c.o
                0x000000000003e3b0                ARCOMMANDS_Generator_GenerateCommonAnimationsStartAnimation
 .text.ARCOMMANDS_Generator_GenerateCommonAnimationsStopAnimation
                0x000000000003e450       0xa0 /home/sunho/bebop_ws/devel/arsdk/out/arsdk-native/build/libARCommands/obj/gen/Sources/ARCOMMANDS_Generator.c.o
                0x000000000003e450                ARCOMMANDS_Generator_GenerateCommonAnimationsStopAnimation
 .text.ARCOMMANDS_Generator_GenerateCommonAnimationsStopAllAnimations
                0x000000000003e4f0       0x7a /home/sunho/bebop_ws/devel/arsdk/out/arsdk-native/build/libARCommands/obj/gen/Sources/ARCOMMANDS_Generator.c.o
                0x000000000003e4f0                ARCOMMANDS_Generator_GenerateCommonAnimationsStopAllAnimations
 *fill*         0x000000000003e56a        0x6 
 .text.ARCOMMANDS_Generator_GenerateCommonAccessoryConfig
                0x000000000003e570       0xa0 /home/sunho/bebop_ws/devel/arsdk/out/arsdk-native/build/libARCommands/obj/gen/Sources/ARCOMMANDS_Generator.c.o
                0x000000000003e570                ARCOMMANDS_Generator_GenerateCommonAccessoryConfig
 .text.ARCOMMANDS_Generator_GenerateCommonChargerSetMaxChargeRate
                0x000000000003e610       0xa0 /home/sunho/bebop_ws/devel/arsdk/out/arsdk-native/build/libARCommands/obj/gen/Sources/ARCOMMANDS_Generator.c.o
                0x000000000003e610                ARCOMMANDS_Generator_GenerateCommonChargerSetMaxChargeRate
 .text.ARCOMMANDS_Generator_GenerateCommonNetworkEventDisconnection
                0x000000000003e6b0       0xa0 /home/sunho/bebop_ws/devel/arsdk/out/arsdk-native/build/libARCommands/obj/gen/Sources/ARCOMMANDS_Generator.c.o
                0x000000000003e6b0                ARCOMMANDS_Generator_GenerateCommonNetworkEventDisconnection
 .text.ARCOMMANDS_Generator_GenerateCommonSettingsStateAllSettingsChanged
                0x000000000003e750       0x7a /home/sunho/bebop_ws/devel/arsdk/out/arsdk-native/build/libARCommands/obj/gen/Sources/ARCOMMANDS_Generator.c.o
                0x000000000003e750                ARCOMMANDS_Generator_GenerateCommonSettingsStateAllSettingsChanged
 *fill*         0x000000000003e7ca        0x6 
 .text.ARCOMMANDS_Generator_GenerateCommonSettingsStateResetChanged
                0x000000000003e7d0       0x7a /home/sunho/bebop_ws/devel/arsdk/out/arsdk-native/build/libARCommands/obj/gen/Sources/ARCOMMANDS_Generator.c.o
                0x000000000003e7d0                ARCOMMANDS_Generator_GenerateCommonSettingsStateResetChanged
 *fill*         0x000000000003e84a        0x6 
 .text.ARCOMMANDS_Generator_GenerateCommonSettingsStateProductNameChanged
                0x000000000003e850       0xb0 /home/sunho/bebop_ws/devel/arsdk/out/arsdk-native/build/libARCommands/obj/gen/Sources/ARCOMMANDS_Generator.c.o
                0x000000000003e850                ARCOMMANDS_Generator_GenerateCommonSettingsStateProductNameChanged
 .text.ARCOMMANDS_Generator_GenerateCommonSettingsStateProductVersionChanged
                0x000000000003e900       0xe0 /home/sunho/bebop_ws/devel/arsdk/out/arsdk-native/build/libARCommands/obj/gen/Sources/ARCOMMANDS_Generator.c.o
                0x000000000003e900                ARCOMMANDS_Generator_GenerateCommonSettingsStateProductVersionChanged
 .text.ARCOMMANDS_Generator_GenerateCommonSettingsStateProductSerialHighChanged
                0x000000000003e9e0       0xb0 /home/sunho/bebop_ws/devel/arsdk/out/arsdk-native/build/libARCommands/obj/gen/Sources/ARCOMMANDS_Generator.c.o
                0x000000000003e9e0                ARCOMMANDS_Generator_GenerateCommonSettingsStateProductSerialHighChanged
 .text.ARCOMMANDS_Generator_GenerateCommonSettingsStateProductSerialLowChanged
                0x000000000003ea90       0xb0 /home/sunho/bebop_ws/devel/arsdk/out/arsdk-native/build/libARCommands/obj/gen/Sources/ARCOMMANDS_Generator.c.o
                0x000000000003ea90                ARCOMMANDS_Generator_GenerateCommonSettingsStateProductSerialLowChanged
 .text.ARCOMMANDS_Generator_GenerateCommonSettingsStateCountryChanged
                0x000000000003eb40       0xb0 /home/sunho/bebop_ws/devel/arsdk/out/arsdk-native/build/libARCommands/obj/gen/Sources/ARCOMMANDS_Generator.c.o
                0x000000000003eb40                ARCOMMANDS_Generator_GenerateCommonSettingsStateCountryChanged
 .text.ARCOMMANDS_Generator_GenerateCommonSettingsStateAutoCountryChanged
                0x000000000003ebf0       0xa0 /home/sunho/bebop_ws/devel/arsdk/out/arsdk-native/build/libARCommands/obj/gen/Sources/ARCOMMANDS_Generator.c.o
                0x000000000003ebf0                ARCOMMANDS_Generator_GenerateCommonSettingsStateAutoCountryChanged
 .text.ARCOMMANDS_Generator_GenerateCommonCommonStateAllStatesChanged
                0x000000000003ec90       0x7a /home/sunho/bebop_ws/devel/arsdk/out/arsdk-native/build/libARCommands/obj/gen/Sources/ARCOMMANDS_Generator.c.o
                0x000000000003ec90                ARCOMMANDS_Generator_GenerateCommonCommonStateAllStatesChanged
 *fill*         0x000000000003ed0a        0x6 
 .text.ARCOMMANDS_Generator_GenerateCommonCommonStateBatteryStateChanged
                0x000000000003ed10       0xa0 /home/sunho/bebop_ws/devel/arsdk/out/arsdk-native/build/libARCommands/obj/gen/Sources/ARCOMMANDS_Generator.c.o
                0x000000000003ed10                ARCOMMANDS_Generator_GenerateCommonCommonStateBatteryStateChanged
 .text.ARCOMMANDS_Generator_GenerateCommonCommonStateMassStorageStateListChanged
                0x000000000003edb0       0xce /home/sunho/bebop_ws/devel/arsdk/out/arsdk-native/build/libARCommands/obj/gen/Sources/ARCOMMANDS_Generator.c.o
                0x000000000003edb0                ARCOMMANDS_Generator_GenerateCommonCommonStateMassStorageStateListChanged
 *fill*         0x000000000003ee7e        0x2 
 .text.ARCOMMANDS_Generator_GenerateCommonCommonStateMassStorageInfoStateListChanged
                0x000000000003ee80      0x14c /home/sunho/bebop_ws/devel/arsdk/out/arsdk-native/build/libARCommands/obj/gen/Sources/ARCOMMANDS_Generator.c.o
                0x000000000003ee80                ARCOMMANDS_Generator_GenerateCommonCommonStateMassStorageInfoStateListChanged
 *fill*         0x000000000003efcc        0x4 
 .text.ARCOMMANDS_Generator_GenerateCommonCommonStateCurrentDateChanged
                0x000000000003efd0       0xb0 /home/sunho/bebop_ws/devel/arsdk/out/arsdk-native/build/libARCommands/obj/gen/Sources/ARCOMMANDS_Generator.c.o
                0x000000000003efd0                ARCOMMANDS_Generator_GenerateCommonCommonStateCurrentDateChanged
 .text.ARCOMMANDS_Generator_GenerateCommonCommonStateCurrentTimeChanged
                0x000000000003f080       0xb0 /home/sunho/bebop_ws/devel/arsdk/out/arsdk-native/build/libARCommands/obj/gen/Sources/ARCOMMANDS_Generator.c.o
                0x000000000003f080                ARCOMMANDS_Generator_GenerateCommonCommonStateCurrentTimeChanged
 .text.ARCOMMANDS_Generator_GenerateCommonCommonStateMassStorageInfoRemainingListChanged
                0x000000000003f130       0xe4 /home/sunho/bebop_ws/devel/arsdk/out/arsdk-native/build/libARCommands/obj/gen/Sources/ARCOMMANDS_Generator.c.o
                0x000000000003f130                ARCOMMANDS_Generator_GenerateCommonCommonStateMassStorageInfoRemainingListChanged
 *fill*         0x000000000003f214        0xc 
 .text.ARCOMMANDS_Generator_GenerateCommonCommonStateWifiSignalChanged
                0x000000000003f220       0xa0 /home/sunho/bebop_ws/devel/arsdk/out/arsdk-native/build/libARCommands/obj/gen/Sources/ARCOMMANDS_Generator.c.o
                0x000000000003f220                ARCOMMANDS_Generator_GenerateCommonCommonStateWifiSignalChanged
 .text.ARCOMMANDS_Generator_GenerateCommonCommonStateSensorsStatesListChanged
                0x000000000003f2c0       0xae /home/sunho/bebop_ws/devel/arsdk/out/arsdk-native/build/libARCommands/obj/gen/Sources/ARCOMMANDS_Generator.c.o
                0x000000000003f2c0                ARCOMMANDS_Generator_GenerateCommonCommonStateSensorsStatesListChanged
 *fill*         0x000000000003f36e        0x2 
 .text.ARCOMMANDS_Generator_GenerateCommonCommonStateProductModel
                0x000000000003f370       0xa0 /home/sunho/bebop_ws/devel/arsdk/out/arsdk-native/build/libARCommands/obj/gen/Sources/ARCOMMANDS_Generator.c.o
                0x000000000003f370                ARCOMMANDS_Generator_GenerateCommonCommonStateProductModel
 .text.ARCOMMANDS_Generator_GenerateCommonCommonStateCountryListKnown
                0x000000000003f410       0xce /home/sunho/bebop_ws/devel/arsdk/out/arsdk-native/build/libARCommands/obj/gen/Sources/ARCOMMANDS_Generator.c.o
                0x000000000003f410                ARCOMMANDS_Generator_GenerateCommonCommonStateCountryListKnown
 *fill*         0x000000000003f4de        0x2 
 .text.ARCOMMANDS_Generator_GenerateCommonCommonStateDeprecatedMassStorageContentChanged
                0x000000000003f4e0      0x134 /home/sunho/bebop_ws/devel/arsdk/out/arsdk-native/build/libARCommands/obj/gen/Sources/ARCOMMANDS_Generator.c.o
                0x000000000003f4e0                ARCOMMANDS_Generator_GenerateCommonCommonStateDeprecatedMassStorageContentChanged
 *fill*         0x000000000003f614        0xc 
 .text.ARCOMMANDS_Generator_GenerateCommonCommonStateMassStorageContent
                0x000000000003f620      0x154 /home/sunho/bebop_ws/devel/arsdk/out/arsdk-native/build/libARCommands/obj/gen/Sources/ARCOMMANDS_Generator.c.o
                0x000000000003f620                ARCOMMANDS_Generator_GenerateCommonCommonStateMassStorageContent
 *fill*         0x000000000003f774        0xc 
 .text.ARCOMMANDS_Generator_GenerateCommonCommonStateMassStorageContentForCurrentRun
                0x000000000003f780      0x10c /home/sunho/bebop_ws/devel/arsdk/out/arsdk-native/build/libARCommands/obj/gen/Sources/ARCOMMANDS_Generator.c.o
                0x000000000003f780                ARCOMMANDS_Generator_GenerateCommonCommonStateMassStorageContentForCurrentRun
 *fill*         0x000000000003f88c        0x4 
 .text.ARCOMMANDS_Generator_GenerateCommonOverHeatStateOverHeatChanged
                0x000000000003f890       0x7a /home/sunho/bebop_ws/devel/arsdk/out/arsdk-native/build/libARCommands/obj/gen/Sources/ARCOMMANDS_Generator.c.o
                0x000000000003f890                ARCOMMANDS_Generator_GenerateCommonOverHeatStateOverHeatChanged
 *fill*         0x000000000003f90a        0x6 
 .text.ARCOMMANDS_Generator_GenerateCommonOverHeatStateOverHeatRegulationChanged
                0x000000000003f910       0xa0 /home/sunho/bebop_ws/devel/arsdk/out/arsdk-native/build/libARCommands/obj/gen/Sources/ARCOMMANDS_Generator.c.o
                0x000000000003f910                ARCOMMANDS_Generator_GenerateCommonOverHeatStateOverHeatRegulationChanged
 .text.ARCOMMANDS_Generator_GenerateCommonWifiSettingsStateOutdoorSettingsChanged
                0x000000000003f9b0       0xa0 /home/sunho/bebop_ws/devel/arsdk/out/arsdk-native/build/libARCommands/obj/gen/Sources/ARCOMMANDS_Generator.c.o
                0x000000000003f9b0                ARCOMMANDS_Generator_GenerateCommonWifiSettingsStateOutdoorSettingsChanged
 .text.ARCOMMANDS_Generator_GenerateCommonMavlinkStateMavlinkFilePlayingStateChanged
                0x000000000003fa50       0xfc /home/sunho/bebop_ws/devel/arsdk/out/arsdk-native/build/libARCommands/obj/gen/Sources/ARCOMMANDS_Generator.c.o
                0x000000000003fa50                ARCOMMANDS_Generator_GenerateCommonMavlinkStateMavlinkFilePlayingStateChanged
 *fill*         0x000000000003fb4c        0x4 
 .text.ARCOMMANDS_Generator_GenerateCommonMavlinkStateMavlinkPlayErrorStateChanged
                0x000000000003fb50       0xa0 /home/sunho/bebop_ws/devel/arsdk/out/arsdk-native/build/libARCommands/obj/gen/Sources/ARCOMMANDS_Generator.c.o
                0x000000000003fb50                ARCOMMANDS_Generator_GenerateCommonMavlinkStateMavlinkPlayErrorStateChanged
 .text.ARCOMMANDS_Generator_GenerateCommonCalibrationStateMagnetoCalibrationStateChanged
                0x000000000003fbf0      0x104 /home/sunho/bebop_ws/devel/arsdk/out/arsdk-native/build/libARCommands/obj/gen/Sources/ARCOMMANDS_Generator.c.o
                0x000000000003fbf0                ARCOMMANDS_Generator_GenerateCommonCalibrationStateMagnetoCalibrationStateChanged
 *fill*         0x000000000003fcf4        0xc 
 .text.ARCOMMANDS_Generator_GenerateCommonCalibrationStateMagnetoCalibrationRequiredState
                0x000000000003fd00       0xa0 /home/sunho/bebop_ws/devel/arsdk/out/arsdk-native/build/libARCommands/obj/gen/Sources/ARCOMMANDS_Generator.c.o
                0x000000000003fd00                ARCOMMANDS_Generator_GenerateCommonCalibrationStateMagnetoCalibrationRequiredState
 .text.ARCOMMANDS_Generator_GenerateCommonCalibrationStateMagnetoCalibrationAxisToCalibrateChanged
                0x000000000003fda0       0xa0 /home/sunho/bebop_ws/devel/arsdk/out/arsdk-native/build/libARCommands/obj/gen/Sources/ARCOMMANDS_Generator.c.o
                0x000000000003fda0                ARCOMMANDS_Generator_GenerateCommonCalibrationStateMagnetoCalibrationAxisToCalibrateChanged
 .text.ARCOMMANDS_Generator_GenerateCommonCalibrationStateMagnetoCalibrationStartedChanged
                0x000000000003fe40       0xa0 /home/sunho/bebop_ws/devel/arsdk/out/arsdk-native/build/libARCommands/obj/gen/Sources/ARCOMMANDS_Generator.c.o
                0x000000000003fe40                ARCOMMANDS_Generator_GenerateCommonCalibrationStateMagnetoCalibrationStartedChanged
 .text.ARCOMMANDS_Generator_GenerateCommonCalibrationStatePitotCalibrationStateChanged
                0x000000000003fee0       0xae /home/sunho/bebop_ws/devel/arsdk/out/arsdk-native/build/libARCommands/obj/gen/Sources/ARCOMMANDS_Generator.c.o
                0x000000000003fee0                ARCOMMANDS_Generator_GenerateCommonCalibrationStatePitotCalibrationStateChanged
 *fill*         0x000000000003ff8e        0x2 
 .text.ARCOMMANDS_Generator_GenerateCommonCameraSettingsStateCameraSettingsChanged
                0x000000000003ff90      0x11e /home/sunho/bebop_ws/devel/arsdk/out/arsdk-native/build/libARCommands/obj/gen/Sources/ARCOMMANDS_Generator.c.o
                0x000000000003ff90                ARCOMMANDS_Generator_GenerateCommonCameraSettingsStateCameraSettingsChanged
 *fill*         0x00000000000400ae        0x2 
 .text.ARCOMMANDS_Generator_GenerateCommonFlightPlanStateAvailabilityStateChanged
                0x00000000000400b0       0xa0 /home/sunho/bebop_ws/devel/arsdk/out/arsdk-native/build/libARCommands/obj/gen/Sources/ARCOMMANDS_Generator.c.o
                0x00000000000400b0                ARCOMMANDS_Generator_GenerateCommonFlightPlanStateAvailabilityStateChanged
 .text.ARCOMMANDS_Generator_GenerateCommonFlightPlanStateComponentStateListChanged
                0x0000000000040150       0xae /home/sunho/bebop_ws/devel/arsdk/out/arsdk-native/build/libARCommands/obj/gen/Sources/ARCOMMANDS_Generator.c.o
                0x0000000000040150                ARCOMMANDS_Generator_GenerateCommonFlightPlanStateComponentStateListChanged
 *fill*         0x00000000000401fe        0x2 
 .text.ARCOMMANDS_Generator_GenerateCommonFlightPlanStateLockStateChanged
                0x0000000000040200       0xa0 /home/sunho/bebop_ws/devel/arsdk/out/arsdk-native/build/libARCommands/obj/gen/Sources/ARCOMMANDS_Generator.c.o
                0x0000000000040200                ARCOMMANDS_Generator_GenerateCommonFlightPlanStateLockStateChanged
 .text.ARCOMMANDS_Generator_GenerateCommonFlightPlanEventStartingErrorEvent
                0x00000000000402a0       0x7a /home/sunho/bebop_ws/devel/arsdk/out/arsdk-native/build/libARCommands/obj/gen/Sources/ARCOMMANDS_Generator.c.o
                0x00000000000402a0                ARCOMMANDS_Generator_GenerateCommonFlightPlanEventStartingErrorEvent
 *fill*         0x000000000004031a        0x6 
 .text.ARCOMMANDS_Generator_GenerateCommonFlightPlanEventSpeedBridleEvent
                0x0000000000040320       0x7a /home/sunho/bebop_ws/devel/arsdk/out/arsdk-native/build/libARCommands/obj/gen/Sources/ARCOMMANDS_Generator.c.o
                0x0000000000040320                ARCOMMANDS_Generator_GenerateCommonFlightPlanEventSpeedBridleEvent
 *fill*         0x000000000004039a        0x6 
 .text.ARCOMMANDS_Generator_GenerateCommonARLibsVersionsStateControllerLibARCommandsVersion
                0x00000000000403a0       0xb0 /home/sunho/bebop_ws/devel/arsdk/out/arsdk-native/build/libARCommands/obj/gen/Sources/ARCOMMANDS_Generator.c.o
                0x00000000000403a0                ARCOMMANDS_Generator_GenerateCommonARLibsVersionsStateControllerLibARCommandsVersion
 .text.ARCOMMANDS_Generator_GenerateCommonARLibsVersionsStateSkyControllerLibARCommandsVersion
                0x0000000000040450       0xb0 /home/sunho/bebop_ws/devel/arsdk/out/arsdk-native/build/libARCommands/obj/gen/Sources/ARCOMMANDS_Generator.c.o
                0x0000000000040450                ARCOMMANDS_Generator_GenerateCommonARLibsVersionsStateSkyControllerLibARCommandsVersion
 .text.ARCOMMANDS_Generator_GenerateCommonARLibsVersionsStateDeviceLibARCommandsVersion
                0x0000000000040500       0xb0 /home/sunho/bebop_ws/devel/arsdk/out/arsdk-native/build/libARCommands/obj/gen/Sources/ARCOMMANDS_Generator.c.o
                0x0000000000040500                ARCOMMANDS_Generator_GenerateCommonARLibsVersionsStateDeviceLibARCommandsVersion
 .text.ARCOMMANDS_Generator_GenerateCommonAudioStateAudioStreamingRunning
                0x00000000000405b0       0xa0 /home/sunho/bebop_ws/devel/arsdk/out/arsdk-native/build/libARCommands/obj/gen/Sources/ARCOMMANDS_Generator.c.o
                0x00000000000405b0                ARCOMMANDS_Generator_GenerateCommonAudioStateAudioStreamingRunning
 .text.ARCOMMANDS_Generator_GenerateCommonHeadlightsStateIntensityChanged
                0x0000000000040650       0xae /home/sunho/bebop_ws/devel/arsdk/out/arsdk-native/build/libARCommands/obj/gen/Sources/ARCOMMANDS_Generator.c.o
                0x0000000000040650                ARCOMMANDS_Generator_GenerateCommonHeadlightsStateIntensityChanged
 *fill*         0x00000000000406fe        0x2 
 .text.ARCOMMANDS_Generator_GenerateCommonAnimationsStateList
                0x0000000000040700       0xdc /home/sunho/bebop_ws/devel/arsdk/out/arsdk-native/build/libARCommands/obj/gen/Sources/ARCOMMANDS_Generator.c.o
                0x0000000000040700                ARCOMMANDS_Generator_GenerateCommonAnimationsStateList
 *fill*         0x00000000000407dc        0x4 
 .text.ARCOMMANDS_Generator_GenerateCommonAccessoryStateSupportedAccessoriesListChanged
                0x00000000000407e0       0xa0 /home/sunho/bebop_ws/devel/arsdk/out/arsdk-native/build/libARCommands/obj/gen/Sources/ARCOMMANDS_Generator.c.o
                0x00000000000407e0                ARCOMMANDS_Generator_GenerateCommonAccessoryStateSupportedAccessoriesListChanged
 .text.ARCOMMANDS_Generator_GenerateCommonAccessoryStateAccessoryConfigChanged
                0x0000000000040880       0xae /home/sunho/bebop_ws/devel/arsdk/out/arsdk-native/build/libARCommands/obj/gen/Sources/ARCOMMANDS_Generator.c.o
                0x0000000000040880                ARCOMMANDS_Generator_GenerateCommonAccessoryStateAccessoryConfigChanged
 *fill*         0x000000000004092e        0x2 
 .text.ARCOMMANDS_Generator_GenerateCommonAccessoryStateAccessoryConfigModificationEnabled
                0x0000000000040930       0xa0 /home/sunho/bebop_ws/devel/arsdk/out/arsdk-native/build/libARCommands/obj/gen/Sources/ARCOMMANDS_Generator.c.o
                0x0000000000040930                ARCOMMANDS_Generator_GenerateCommonAccessoryStateAccessoryConfigModificationEnabled
 .text.ARCOMMANDS_Generator_GenerateCommonChargerStateMaxChargeRateChanged
                0x00000000000409d0       0xa0 /home/sunho/bebop_ws/devel/arsdk/out/arsdk-native/build/libARCommands/obj/gen/Sources/ARCOMMANDS_Generator.c.o
                0x00000000000409d0                ARCOMMANDS_Generator_GenerateCommonChargerStateMaxChargeRateChanged
 .text.ARCOMMANDS_Generator_GenerateCommonChargerStateCurrentChargeStateChanged
                0x0000000000040a70       0xae /home/sunho/bebop_ws/devel/arsdk/out/arsdk-native/build/libARCommands/obj/gen/Sources/ARCOMMANDS_Generator.c.o
                0x0000000000040a70                ARCOMMANDS_Generator_GenerateCommonChargerStateCurrentChargeStateChanged
 *fill*         0x0000000000040b1e        0x2 
 .text.ARCOMMANDS_Generator_GenerateCommonChargerStateLastChargeRateChanged
                0x0000000000040b20       0xa0 /home/sunho/bebop_ws/devel/arsdk/out/arsdk-native/build/libARCommands/obj/gen/Sources/ARCOMMANDS_Generator.c.o
                0x0000000000040b20                ARCOMMANDS_Generator_GenerateCommonChargerStateLastChargeRateChanged
 .text.ARCOMMANDS_Generator_GenerateCommonChargerStateChargingInfo
                0x0000000000040bc0      0x10c /home/sunho/bebop_ws/devel/arsdk/out/arsdk-native/build/libARCommands/obj/gen/Sources/ARCOMMANDS_Generator.c.o
                0x0000000000040bc0                ARCOMMANDS_Generator_GenerateCommonChargerStateChargingInfo
 *fill*         0x0000000000040ccc        0x4 
 .text.ARCOMMANDS_Generator_GenerateCommonRunStateRunIdChanged
                0x0000000000040cd0       0xb0 /home/sunho/bebop_ws/devel/arsdk/out/arsdk-native/build/libARCommands/obj/gen/Sources/ARCOMMANDS_Generator.c.o
                0x0000000000040cd0                ARCOMMANDS_Generator_GenerateCommonRunStateRunIdChanged
 .text.ARCOMMANDS_Generator_GenerateControllerInfoGps
                0x0000000000040d80      0x19e /home/sunho/bebop_ws/devel/arsdk/out/arsdk-native/build/libARCommands/obj/gen/Sources/ARCOMMANDS_Generator.c.o
                0x0000000000040d80                ARCOMMANDS_Generator_GenerateControllerInfoGps
 *fill*         0x0000000000040f1e        0x2 
 .text.ARCOMMANDS_Generator_GenerateControllerInfoBarometer
                0x0000000000040f20       0xbe /home/sunho/bebop_ws/devel/arsdk/out/arsdk-native/build/libARCommands/obj/gen/Sources/ARCOMMANDS_Generator.c.o
                0x0000000000040f20                ARCOMMANDS_Generator_GenerateControllerInfoBarometer
 *fill*         0x0000000000040fde        0x2 
 .text.ARCOMMANDS_Generator_GenerateDebugGetAllSettings
                0x0000000000040fe0       0x7a /home/sunho/bebop_ws/devel/arsdk/out/arsdk-native/build/libARCommands/obj/gen/Sources/ARCOMMANDS_Generator.c.o
                0x0000000000040fe0                ARCOMMANDS_Generator_GenerateDebugGetAllSettings
 *fill*         0x000000000004105a        0x6 
 .text.ARCOMMANDS_Generator_GenerateDebugSetSetting
                0x0000000000041060       0xce /home/sunho/bebop_ws/devel/arsdk/out/arsdk-native/build/libARCommands/obj/gen/Sources/ARCOMMANDS_Generator.c.o
                0x0000000000041060                ARCOMMANDS_Generator_GenerateDebugSetSetting
 *fill*         0x000000000004112e        0x2 
 .text.ARCOMMANDS_Generator_GenerateDebugSettingsInfo
                0x0000000000041130      0x1e0 /home/sunho/bebop_ws/devel/arsdk/out/arsdk-native/build/libARCommands/obj/gen/Sources/ARCOMMANDS_Generator.c.o
                0x0000000000041130                ARCOMMANDS_Generator_GenerateDebugSettingsInfo
 .text.ARCOMMANDS_Generator_GenerateDebugSettingsList
                0x0000000000041310       0xce /home/sunho/bebop_ws/devel/arsdk/out/arsdk-native/build/libARCommands/obj/gen/Sources/ARCOMMANDS_Generator.c.o
                0x0000000000041310                ARCOMMANDS_Generator_GenerateDebugSettingsList
 *fill*         0x00000000000413de        0x2 
 .text.ARCOMMANDS_Generator_GenerateDroneManagerDiscoverDrones
                0x00000000000413e0       0x7a /home/sunho/bebop_ws/devel/arsdk/out/arsdk-native/build/libARCommands/obj/gen/Sources/ARCOMMANDS_Generator.c.o
                0x00000000000413e0                ARCOMMANDS_Generator_GenerateDroneManagerDiscoverDrones
 *fill*         0x000000000004145a        0x6 
 .text.ARCOMMANDS_Generator_GenerateDroneManagerConnect
                0x0000000000041460       0xe0 /home/sunho/bebop_ws/devel/arsdk/out/arsdk-native/build/libARCommands/obj/gen/Sources/ARCOMMANDS_Generator.c.o
                0x0000000000041460                ARCOMMANDS_Generator_GenerateDroneManagerConnect
 .text.ARCOMMANDS_Generator_GenerateDroneManagerForget
                0x0000000000041540       0xb0 /home/sunho/bebop_ws/devel/arsdk/out/arsdk-native/build/libARCommands/obj/gen/Sources/ARCOMMANDS_Generator.c.o
                0x0000000000041540                ARCOMMANDS_Generator_GenerateDroneManagerForget
 .text.ARCOMMANDS_Generator_GenerateDroneManagerDroneListItem
                0x00000000000415f0      0x204 /home/sunho/bebop_ws/devel/arsdk/out/arsdk-native/build/libARCommands/obj/gen/Sources/ARCOMMANDS_Generator.c.o
                0x00000000000415f0                ARCOMMANDS_Generator_GenerateDroneManagerDroneListItem
 *fill*         0x00000000000417f4        0xc 
 .text.ARCOMMANDS_Generator_GenerateDroneManagerConnectionState
                0x0000000000041800      0x10c /home/sunho/bebop_ws/devel/arsdk/out/arsdk-native/build/libARCommands/obj/gen/Sources/ARCOMMANDS_Generator.c.o
                0x0000000000041800                ARCOMMANDS_Generator_GenerateDroneManagerConnectionState
 *fill*         0x000000000004190c        0x4 
 .text.ARCOMMANDS_Generator_GenerateDroneManagerAuthenticationFailed
                0x0000000000041910       0xf4 /home/sunho/bebop_ws/devel/arsdk/out/arsdk-native/build/libARCommands/obj/gen/Sources/ARCOMMANDS_Generator.c.o
                0x0000000000041910                ARCOMMANDS_Generator_GenerateDroneManagerAuthenticationFailed
 *fill*         0x0000000000041a04        0xc 
 .text.ARCOMMANDS_Generator_GenerateDroneManagerConnectionRefused