
As-needed library included to satisfy reference by file (symbol)

libarsal.so                   /home/sunho/bebop_ws/devel/arsdk/out/arsdk-native/build/libARStream2/obj/src/arstream2_h264_filter.c.o (ARSAL_Mutex_Lock)
libmux.so                     /home/sunho/bebop_ws/devel/arsdk/out/arsdk-native/build/libARStream2/obj/src/arstream2_rtp_receiver.c.o (mux_queue_try_get_buf)
libpomp.so                    /home/sunho/bebop_ws/devel/arsdk/out/arsdk-native/build/libARStream2/obj/src/arstream2_rtp_receiver.c.o (pomp_buffer_unref)
libarmedia.so                 /home/sunho/bebop_ws/devel/arsdk/out/arsdk-native/build/libARStream2/obj/src/arstream2_stream_recorder.c.o (ARMEDIA_VideoEncapsuler_SetMetadataInfo)
libm.so.6                     /home/sunho/bebop_ws/devel/arsdk/out/arsdk-native/build/libARStream2/obj/src/arstream2_stream_recorder.c.o (roundf@@GLIBC_2.2.5)
libpthread.so.0               /home/sunho/bebop_ws/devel/arsdk/out/arsdk-native/build/libARStream2/obj/src/arstream2_stream_recorder.c.o (fsync@@GLIBC_2.2.5)
libc.so.6                     /home/sunho/bebop_ws/devel/arsdk/out/arsdk-native/build/libARStream2/obj/src/arstream2_stream_recorder.c.o (fflush@@GLIBC_2.2.5)

Discarded input sections

 .text          0x0000000000000000        0x0 /usr/lib/gcc/x86_64-linux-gnu/4.8/../../../x86_64-linux-gnu/crti.o
 .data          0x0000000000000000        0x0 /usr/lib/gcc/x86_64-linux-gnu/4.8/../../../x86_64-linux-gnu/crti.o
 .bss           0x0000000000000000        0x0 /usr/lib/gcc/x86_64-linux-gnu/4.8/../../../x86_64-linux-gnu/crti.o
 .note.GNU-stack
                0x0000000000000000        0x0 /usr/lib/gcc/x86_64-linux-gnu/4.8/../../../x86_64-linux-gnu/crti.o
 .gnu_debuglink
                0x0000000000000000        0xc /usr/lib/gcc/x86_64-linux-gnu/4.8/../../../x86_64-linux-gnu/crti.o
 .data          0x0000000000000000        0x0 /usr/lib/gcc/x86_64-linux-gnu/4.8/crtbeginS.o
 .note.GNU-stack
                0x0000000000000000        0x0 /usr/lib/gcc/x86_64-linux-gnu/4.8/crtbeginS.o
 .text          0x0000000000000000        0x0 /home/sunho/bebop_ws/devel/arsdk/out/arsdk-native/build/libARStream2/obj/gen/Sources/arstream2_error.c.o
 .data          0x0000000000000000        0x0 /home/sunho/bebop_ws/devel/arsdk/out/arsdk-native/build/libARStream2/obj/gen/Sources/arstream2_error.c.o
 .bss           0x0000000000000000        0x0 /home/sunho/bebop_ws/devel/arsdk/out/arsdk-native/build/libARStream2/obj/gen/Sources/arstream2_error.c.o
 .note.GNU-stack
                0x0000000000000000        0x0 /home/sunho/bebop_ws/devel/arsdk/out/arsdk-native/build/libARStream2/obj/gen/Sources/arstream2_error.c.o
 .text          0x0000000000000000        0x0 /home/sunho/bebop_ws/devel/arsdk/out/arsdk-native/build/libARStream2/obj/src/arstream2_h264_filter.c.o
 .data          0x0000000000000000        0x0 /home/sunho/bebop_ws/devel/arsdk/out/arsdk-native/build/libARStream2/obj/src/arstream2_h264_filter.c.o
 .bss           0x0000000000000000        0x0 /home/sunho/bebop_ws/devel/arsdk/out/arsdk-native/build/libARStream2/obj/src/arstream2_h264_filter.c.o
 .note.GNU-stack
                0x0000000000000000        0x0 /home/sunho/bebop_ws/devel/arsdk/out/arsdk-native/build/libARStream2/obj/src/arstream2_h264_filter.c.o
 .text          0x0000000000000000        0x0 /home/sunho/bebop_ws/devel/arsdk/out/arsdk-native/build/libARStream2/obj/src/arstream2_h264_parser.c.o
 .data          0x0000000000000000        0x0 /home/sunho/bebop_ws/devel/arsdk/out/arsdk-native/build/libARStream2/obj/src/arstream2_h264_parser.c.o
 .bss           0x0000000000000000        0x0 /home/sunho/bebop_ws/devel/arsdk/out/arsdk-native/build/libARStream2/obj/src/arstream2_h264_parser.c.o
 .note.GNU-stack
                0x0000000000000000        0x0 /home/sunho/bebop_ws/devel/arsdk/out/arsdk-native/build/libARStream2/obj/src/arstream2_h264_parser.c.o
 .text          0x0000000000000000        0x0 /home/sunho/bebop_ws/devel/arsdk/out/arsdk-native/build/libARStream2/obj/src/arstream2_h264_sei.c.o
 .data          0x0000000000000000        0x0 /home/sunho/bebop_ws/devel/arsdk/out/arsdk-native/build/libARStream2/obj/src/arstream2_h264_sei.c.o
 .bss           0x0000000000000000        0x0 /home/sunho/bebop_ws/devel/arsdk/out/arsdk-native/build/libARStream2/obj/src/arstream2_h264_sei.c.o
 .note.GNU-stack
                0x0000000000000000        0x0 /home/sunho/bebop_ws/devel/arsdk/out/arsdk-native/build/libARStream2/obj/src/arstream2_h264_sei.c.o
 .text          0x0000000000000000        0x0 /home/sunho/bebop_ws/devel/arsdk/out/arsdk-native/build/libARStream2/obj/src/arstream2_h264_writer.c.o
 .data          0x0000000000000000        0x0 /home/sunho/bebop_ws/devel/arsdk/out/arsdk-native/build/libARStream2/obj/src/arstream2_h264_writer.c.o
 .bss           0x0000000000000000        0x0 /home/sunho/bebop_ws/devel/arsdk/out/arsdk-native/build/libARStream2/obj/src/arstream2_h264_writer.c.o
 .text.writeBits_expGolomb_code.constprop.10
                0x0000000000000000      0x211 /home/sunho/bebop_ws/devel/arsdk/out/arsdk-native/build/libARStream2/obj/src/arstream2_h264_writer.c.o
 .note.GNU-stack
                0x0000000000000000        0x0 /home/sunho/bebop_ws/devel/arsdk/out/arsdk-native/build/libARStream2/obj/src/arstream2_h264_writer.c.o
 .text          0x0000000000000000        0x0 /home/sunho/bebop_ws/devel/arsdk/out/arsdk-native/build/libARStream2/obj/src/arstream2_rtp_receiver.c.o
 .data          0x0000000000000000        0x0 /home/sunho/bebop_ws/devel/arsdk/out/arsdk-native/build/libARStream2/obj/src/arstream2_rtp_receiver.c.o
 .bss           0x0000000000000000        0x0 /home/sunho/bebop_ws/devel/arsdk/out/arsdk-native/build/libARStream2/obj/src/arstream2_rtp_receiver.c.o
 .note.GNU-stack
                0x0000000000000000        0x0 /home/sunho/bebop_ws/devel/arsdk/out/arsdk-native/build/libARStream2/obj/src/arstream2_rtp_receiver.c.o
 .text          0x0000000000000000        0x0 /home/sunho/bebop_ws/devel/arsdk/out/arsdk-native/build/libARStream2/obj/src/arstream2_rtp_sender.c.o
 .data          0x0000000000000000        0x0 /home/sunho/bebop_ws/devel/arsdk/out/arsdk-native/build/libARStream2/obj/src/arstream2_rtp_sender.c.o
 .bss           0x0000000000000000        0x0 /home/sunho/bebop_ws/devel/arsdk/out/arsdk-native/build/libARStream2/obj/src/arstream2_rtp_sender.c.o
 .note.GNU-stack
                0x0000000000000000        0x0 /home/sunho/bebop_ws/devel/arsdk/out/arsdk-native/build/libARStream2/obj/src/arstream2_rtp_sender.c.o
 .text          0x0000000000000000        0x0 /home/sunho/bebop_ws/devel/arsdk/out/arsdk-native/build/libARStream2/obj/src/arstream2_stream_recorder.c.o
 .data          0x0000000000000000        0x0 /home/sunho/bebop_ws/devel/arsdk/out/arsdk-native/build/libARStream2/obj/src/arstream2_stream_recorder.c.o
 .bss           0x0000000000000000        0x0 /home/sunho/bebop_ws/devel/arsdk/out/arsdk-native/build/libARStream2/obj/src/arstream2_stream_recorder.c.o
 .note.GNU-stack
                0x0000000000000000        0x0 /home/sunho/bebop_ws/devel/arsdk/out/arsdk-native/build/libARStream2/obj/src/arstream2_stream_recorder.c.o
 .text          0x0000000000000000        0x0 /home/sunho/bebop_ws/devel/arsdk/out/arsdk-native/build/libARStream2/obj/src/arstream2_stream_receiver.c.o
 .data          0x0000000000000000        0x0 /home/sunho/bebop_ws/devel/arsdk/out/arsdk-native/build/libARStream2/obj/src/arstream2_stream_receiver.c.o
 .bss           0x0000000000000000        0x0 /home/sunho/bebop_ws/devel/arsdk/out/arsdk-native/build/libARStream2/obj/src/arstream2_stream_receiver.c.o
 .note.GNU-stack
                0x0000000000000000        0x0 /home/sunho/bebop_ws/devel/arsdk/out/arsdk-native/build/libARStream2/obj/src/arstream2_stream_receiver.c.o
 .text          0x0000000000000000        0x0 /usr/lib/gcc/x86_64-linux-gnu/4.8/crtendS.o
 .data          0x0000000000000000        0x0 /usr/lib/gcc/x86_64-linux-gnu/4.8/crtendS.o
 .bss           0x0000000000000000        0x0 /usr/lib/gcc/x86_64-linux-gnu/4.8/crtendS.o
 .note.GNU-stack
                0x0000000000000000        0x0 /usr/lib/gcc/x86_64-linux-gnu/4.8/crtendS.o
 .text          0x0000000000000000        0x0 /usr/lib/gcc/x86_64-linux-gnu/4.8/../../../x86_64-linux-gnu/crtn.o
 .data          0x0000000000000000        0x0 /usr/lib/gcc/x86_64-linux-gnu/4.8/../../../x86_64-linux-gnu/crtn.o
 .bss           0x0000000000000000        0x0 /usr/lib/gcc/x86_64-linux-gnu/4.8/../../../x86_64-linux-gnu/crtn.o
 .note.GNU-stack
                0x0000000000000000        0x0 /usr/lib/gcc/x86_64-linux-gnu/4.8/../../../x86_64-linux-gnu/crtn.o
 .gnu_debuglink
                0x0000000000000000        0xc /usr/lib/gcc/x86_64-linux-gnu/4.8/../../../x86_64-linux-gnu/crtn.o

Memory Configuration

Name             Origin             Length             Attributes
*default*        0x0000000000000000 0xffffffffffffffff

Linker script and memory map

LOAD /usr/lib/gcc/x86_64-linux-gnu/4.8/../../../x86_64-linux-gnu/crti.o
LOAD /usr/lib/gcc/x86_64-linux-gnu/4.8/crtbeginS.o
LOAD /home/sunho/bebop_ws/devel/arsdk/out/arsdk-native/build/libARStream2/obj/gen/Sources/arstream2_error.c.o
LOAD /home/sunho/bebop_ws/devel/arsdk/out/arsdk-native/build/libARStream2/obj/src/arstream2_h264_filter.c.o
LOAD /home/sunho/bebop_ws/devel/arsdk/out/arsdk-native/build/libARStream2/obj/src/arstream2_h264_parser.c.o
LOAD /home/sunho/bebop_ws/devel/arsdk/out/arsdk-native/build/libARStream2/obj/src/arstream2_h264_sei.c.o
LOAD /home/sunho/bebop_ws/devel/arsdk/out/arsdk-native/build/libARStream2/obj/src/arstream2_h264_writer.c.o
LOAD /home/sunho/bebop_ws/devel/arsdk/out/arsdk-native/build/libARStream2/obj/src/arstream2_rtp_receiver.c.o
LOAD /home/sunho/bebop_ws/devel/arsdk/out/arsdk-native/build/libARStream2/obj/src/arstream2_rtp_sender.c.o
LOAD /home/sunho/bebop_ws/devel/arsdk/out/arsdk-native/build/libARStream2/obj/src/arstream2_stream_recorder.c.o
LOAD /home/sunho/bebop_ws/devel/arsdk/out/arsdk-native/build/libARStream2/obj/src/arstream2_stream_receiver.c.o
LOAD /home/sunho/bebop_ws/devel/arsdk/out/arsdk-native/staging/usr/lib/libarsal.so
LOAD /home/sunho/bebop_ws/devel/arsdk/out/arsdk-native/staging/usr/lib/libmux.so
LOAD /home/sunho/bebop_ws/devel/arsdk/out/arsdk-native/staging/usr/lib/libpomp.so
LOAD /home/sunho/bebop_ws/devel/arsdk/out/arsdk-native/staging/usr/lib/libarmedia.so
LOAD /usr/lib/gcc/x86_64-linux-gnu/4.8/../../../x86_64-linux-gnu/librt.so
LOAD /usr/lib/gcc/x86_64-linux-gnu/4.8/libstdc++.so
LOAD /usr/lib/gcc/x86_64-linux-gnu/4.8/../../../x86_64-linux-gnu/libm.so
LOAD /usr/lib/gcc/x86_64-linux-gnu/4.8/libgcc_s.so
LOAD /usr/lib/gcc/x86_64-linux-gnu/4.8/../../../x86_64-linux-gnu/libpthread.so
START GROUP
LOAD /lib/x86_64-linux-gnu/libpthread.so.0
LOAD /usr/lib/x86_64-linux-gnu/libpthread_nonshared.a
END GROUP
LOAD /usr/lib/gcc/x86_64-linux-gnu/4.8/../../../x86_64-linux-gnu/libc.so
START GROUP
LOAD /lib/x86_64-linux-gnu/libc.so.6
LOAD /usr/lib/x86_64-linux-gnu/libc_nonshared.a
LOAD /lib/x86_64-linux-gnu/ld-linux-x86-64.so.2
END GROUP
LOAD /usr/lib/gcc/x86_64-linux-gnu/4.8/libgcc_s.so
LOAD /usr/lib/gcc/x86_64-linux-gnu/4.8/crtendS.o
LOAD /usr/lib/gcc/x86_64-linux-gnu/4.8/../../../x86_64-linux-gnu/crtn.o
                0x00000000000001c8                . = (0x0 + SIZEOF_HEADERS)

.note.gnu.build-id
                0x00000000000001c8       0x24
 *(.note.gnu.build-id)
 .note.gnu.build-id
                0x00000000000001c8       0x24 /usr/lib/gcc/x86_64-linux-gnu/4.8/../../../x86_64-linux-gnu/crti.o

.hash
 *(.hash)

.gnu.hash       0x00000000000001f0      0x2ac
 *(.gnu.hash)
 .gnu.hash      0x00000000000001f0      0x2ac /usr/lib/gcc/x86_64-linux-gnu/4.8/../../../x86_64-linux-gnu/crti.o

.dynsym         0x00000000000004a0     0x1008
 *(.dynsym)
 .dynsym        0x00000000000004a0     0x1008 /usr/lib/gcc/x86_64-linux-gnu/4.8/../../../x86_64-linux-gnu/crti.o

.dynstr         0x00000000000014a8     0x1135
 *(.dynstr)
 .dynstr        0x00000000000014a8     0x1135 /usr/lib/gcc/x86_64-linux-gnu/4.8/../../../x86_64-linux-gnu/crti.o

.gnu.version    0x00000000000025de      0x156
 *(.gnu.version)
 .gnu.version   0x00000000000025de      0x156 /usr/lib/gcc/x86_64-linux-gnu/4.8/../../../x86_64-linux-gnu/crti.o

.gnu.version_d  0x0000000000002738        0x0
 *(.gnu.version_d)
 .gnu.version_d
                0x0000000000000000        0x0 /usr/lib/gcc/x86_64-linux-gnu/4.8/../../../x86_64-linux-gnu/crti.o

.gnu.version_r  0x0000000000002738       0x90
 *(.gnu.version_r)
 .gnu.version_r
                0x0000000000002738       0x90 /usr/lib/gcc/x86_64-linux-gnu/4.8/../../../x86_64-linux-gnu/crti.o

.rela.dyn       0x00000000000027c8      0x588
 *(.rela.init)
 *(.rela.text .rela.text.* .rela.gnu.linkonce.t.*)
 .rela.text     0x0000000000000000        0x0 /usr/lib/gcc/x86_64-linux-gnu/4.8/../../../x86_64-linux-gnu/crti.o
 *(.rela.fini)
 *(.rela.rodata .rela.rodata.* .rela.gnu.linkonce.r.*)
 *(.rela.data .rela.data.* .rela.gnu.linkonce.d.*)
 .rela.data.rel
                0x00000000000027c8       0x18 /usr/lib/gcc/x86_64-linux-gnu/4.8/../../../x86_64-linux-gnu/crti.o
 .rela.data.rel.ro.local
                0x00000000000027e0      0x498 /usr/lib/gcc/x86_64-linux-gnu/4.8/../../../x86_64-linux-gnu/crti.o
 *(.rela.tdata .rela.tdata.* .rela.gnu.linkonce.td.*)
 *(.rela.tbss .rela.tbss.* .rela.gnu.linkonce.tb.*)
 *(.rela.ctors)
 *(.rela.dtors)
 *(.rela.got)
 .rela.got      0x0000000000002c78       0xa8 /usr/lib/gcc/x86_64-linux-gnu/4.8/../../../x86_64-linux-gnu/crti.o
 *(.rela.bss .rela.bss.* .rela.gnu.linkonce.b.*)
 *(.rela.ldata .rela.ldata.* .rela.gnu.linkonce.l.*)
 *(.rela.lbss .rela.lbss.* .rela.gnu.linkonce.lb.*)
 *(.rela.lrodata .rela.lrodata.* .rela.gnu.linkonce.lr.*)
 *(.rela.ifunc)
 .rela.ifunc    0x0000000000000000        0x0 /usr/lib/gcc/x86_64-linux-gnu/4.8/../../../x86_64-linux-gnu/crti.o
 .rela.fini_array
                0x0000000000002d20       0x18 /usr/lib/gcc/x86_64-linux-gnu/4.8/../../../x86_64-linux-gnu/crti.o
 .rela.init_array
                0x0000000000002d38       0x18 /usr/lib/gcc/x86_64-linux-gnu/4.8/../../../x86_64-linux-gnu/crti.o

.rela.plt       0x0000000000002d50      0xc18
 *(.rela.plt)
 .rela.plt      0x0000000000002d50      0xc18 /usr/lib/gcc/x86_64-linux-gnu/4.8/../../../x86_64-linux-gnu/crti.o
 *(.rela.iplt)

.init           0x0000000000003968       0x1a
 *(SORT(.init))
 .init          0x0000000000003968       0x15 /usr/lib/gcc/x86_64-linux-gnu/4.8/../../../x86_64-linux-gnu/crti.o
                0x0000000000003968                _init
 .init          0x000000000000397d        0x5 /usr/lib/gcc/x86_64-linux-gnu/4.8/../../../x86_64-linux-gnu/crtn.o

.plt            0x0000000000003990      0x820
 *(.plt)
 .plt           0x0000000000003990      0x820 /usr/lib/gcc/x86_64-linux-gnu/4.8/../../../x86_64-linux-gnu/crti.o
 *(.iplt)

.text           0x00000000000041b0    0x3661f
 *(.text.unlikely .text.*_unlikely .text.unlikely.*)
 *(.text.exit .text.exit.*)
 *(.text.startup .text.startup.*)
 *(.text.hot .text.hot.*)
 *(.text .stub .text.* .gnu.linkonce.t.*)
 .text          0x00000000000041b0       0xe5 /usr/lib/gcc/x86_64-linux-gnu/4.8/crtbeginS.o
 *fill*         0x0000000000004295        0xb 
 .text.ARSTREAM2_Error_ToString
                0x00000000000042a0       0xd8 /home/sunho/bebop_ws/devel/arsdk/out/arsdk-native/build/libARStream2/obj/gen/Sources/arstream2_error.c.o
                0x00000000000042a0                ARSTREAM2_Error_ToString
 *fill*         0x0000000000004378        0x8 
 .text.ARSTREAM2_H264Filter_resetCurrentAu
                0x0000000000004380      0x11b /home/sunho/bebop_ws/devel/arsdk/out/arsdk-native/build/libARStream2/obj/src/arstream2_h264_filter.c.o
 *fill*         0x000000000000449b        0x5 
 .text.ARSTREAM2_H264Filter_AuBufferPoolFree
                0x00000000000044a0      0x156 /home/sunho/bebop_ws/devel/arsdk/out/arsdk-native/build/libARStream2/obj/src/arstream2_h264_filter.c.o
 *fill*         0x00000000000045f6        0xa 
 .text.ARSTREAM2_H264Filter_StreamRecorderAuCallback
                0x0000000000004600      0x1a6 /home/sunho/bebop_ws/devel/arsdk/out/arsdk-native/build/libARStream2/obj/src/arstream2_h264_filter.c.o
 *fill*         0x00000000000047a6        0xa 
 .text.ARSTREAM2_H264Filter_fillMissingEndOfFrame
                0x00000000000047b0      0x99e /home/sunho/bebop_ws/devel/arsdk/out/arsdk-native/build/libARStream2/obj/src/arstream2_h264_filter.c.o
 *fill*         0x000000000000514e        0x2 
 .text.ARSTREAM2_H264Filter_StreamRecorderFree
                0x0000000000005150      0x275 /home/sunho/bebop_ws/devel/arsdk/out/arsdk-native/build/libARStream2/obj/src/arstream2_h264_filter.c.o
 *fill*         0x00000000000053c5        0xb 
 .text.ARSTREAM2_H264Filter_AuBufferPoolPopFreeItem
                0x00000000000053d0      0x184 /home/sunho/bebop_ws/devel/arsdk/out/arsdk-native/build/libARStream2/obj/src/arstream2_h264_filter.c.o
 *fill*         0x0000000000005554        0xc 
 .text.ARSTREAM2_H264Filter_StreamRecorderInit
                0x0000000000005560      0x26c /home/sunho/bebop_ws/devel/arsdk/out/arsdk-native/build/libARStream2/obj/src/arstream2_h264_filter.c.o
 *fill*         0x00000000000057cc        0x4 
 .text.ARSTREAM2_H264Filter_enqueueCurrentAu
                0x00000000000057d0      0xa88 /home/sunho/bebop_ws/devel/arsdk/out/arsdk-native/build/libARStream2/obj/src/arstream2_h264_filter.c.o
 *fill*         0x0000000000006258        0x8 
 .text.ARSTREAM2_H264Filter_StreamRecorderStart
                0x0000000000006260      0x122 /home/sunho/bebop_ws/devel/arsdk/out/arsdk-native/build/libARStream2/obj/src/arstream2_h264_filter.c.o
 *fill*         0x0000000000006382        0xe 
 .text.ARSTREAM2_H264Filter_getNewAuBuffer
                0x0000000000006390      0x152 /home/sunho/bebop_ws/devel/arsdk/out/arsdk-native/build/libARStream2/obj/src/arstream2_h264_filter.c.o
 *fill*         0x00000000000064e2        0xe 
 .text.ARSTREAM2_H264Filter_StreamRecorderStop.isra.5
                0x00000000000064f0       0xf1 /home/sunho/bebop_ws/devel/arsdk/out/arsdk-native/build/libARStream2/obj/src/arstream2_h264_filter.c.o
 *fill*         0x00000000000065e1        0xf 
 .text.ARSTREAM2_H264Filter_RtpReceiverNaluCallback
                0x00000000000065f0     0x38be /home/sunho/bebop_ws/devel/arsdk/out/arsdk-native/build/libARStream2/obj/src/arstream2_h264_filter.c.o
                0x00000000000065f0                ARSTREAM2_H264Filter_RtpReceiverNaluCallback
 *fill*         0x0000000000009eae        0x2 
 .text.ARSTREAM2_H264Filter_StartRecorder
                0x0000000000009eb0      0x20f /home/sunho/bebop_ws/devel/arsdk/out/arsdk-native/build/libARStream2/obj/src/arstream2_h264_filter.c.o
                0x0000000000009eb0                ARSTREAM2_H264Filter_StartRecorder
 *fill*         0x000000000000a0bf        0x1 
 .text.ARSTREAM2_H264Filter_StopRecorder
                0x000000000000a0c0      0x1dd /home/sunho/bebop_ws/devel/arsdk/out/arsdk-native/build/libARStream2/obj/src/arstream2_h264_filter.c.o
                0x000000000000a0c0                ARSTREAM2_H264Filter_StopRecorder
 *fill*         0x000000000000a29d        0x3 
 .text.ARSTREAM2_H264Filter_GetSpsPps
                0x000000000000a2a0      0x12b /home/sunho/bebop_ws/devel/arsdk/out/arsdk-native/build/libARStream2/obj/src/arstream2_h264_filter.c.o
                0x000000000000a2a0                ARSTREAM2_H264Filter_GetSpsPps
 *fill*         0x000000000000a3cb        0x5 
 .text.ARSTREAM2_H264Filter_GetFrameMacroblockStatus
                0x000000000000a3d0       0xa2 /home/sunho/bebop_ws/devel/arsdk/out/arsdk-native/build/libARStream2/obj/src/arstream2_h264_filter.c.o
                0x000000000000a3d0                ARSTREAM2_H264Filter_GetFrameMacroblockStatus
 *fill*         0x000000000000a472        0xe 
 .text.ARSTREAM2_H264Filter_RunFilterThread
                0x000000000000a480      0x176 /home/sunho/bebop_ws/devel/arsdk/out/arsdk-native/build/libARStream2/obj/src/arstream2_h264_filter.c.o
                0x000000000000a480                ARSTREAM2_H264Filter_RunFilterThread
 *fill*         0x000000000000a5f6        0xa 
 .text.ARSTREAM2_H264Filter_Start
                0x000000000000a600      0x255 /home/sunho/bebop_ws/devel/arsdk/out/arsdk-native/build/libARStream2/obj/src/arstream2_h264_filter.c.o
                0x000000000000a600                ARSTREAM2_H264Filter_Start
 *fill*         0x000000000000a855        0xb 
 .text.ARSTREAM2_H264Filter_Pause
                0x000000000000a860      0x152 /home/sunho/bebop_ws/devel/arsdk/out/arsdk-native/build/libARStream2/obj/src/arstream2_h264_filter.c.o
                0x000000000000a860                ARSTREAM2_H264Filter_Pause
 *fill*         0x000000000000a9b2        0xe 
 .text.ARSTREAM2_H264Filter_Stop
                0x000000000000a9c0      0x19b /home/sunho/bebop_ws/devel/arsdk/out/arsdk-native/build/libARStream2/obj/src/arstream2_h264_filter.c.o
                0x000000000000a9c0                ARSTREAM2_H264Filter_Stop
 *fill*         0x000000000000ab5b        0x5 
 .text.ARSTREAM2_H264Filter_Init
                0x000000000000ab60     0x10d2 /home/sunho/bebop_ws/devel/arsdk/out/arsdk-native/build/libARStream2/obj/src/arstream2_h264_filter.c.o
                0x000000000000ab60                ARSTREAM2_H264Filter_Init
 *fill*         0x000000000000bc32        0xe 
 .text.ARSTREAM2_H264Filter_Free
                0x000000000000bc40      0x335 /home/sunho/bebop_ws/devel/arsdk/out/arsdk-native/build/libARStream2/obj/src/arstream2_h264_filter.c.o
                0x000000000000bc40                ARSTREAM2_H264Filter_Free
 *fill*         0x000000000000bf75        0xb 
 .text.readBits
                0x000000000000bf80      0x1da /home/sunho/bebop_ws/devel/arsdk/out/arsdk-native/build/libARStream2/obj/src/arstream2_h264_parser.c.o
 *fill*         0x000000000000c15a        0x6 
 .text.ARSTREAM2_H264Parser_StartcodeMatch_buffer.isra.1
                0x000000000000c160       0x42 /home/sunho/bebop_ws/devel/arsdk/out/arsdk-native/build/libARStream2/obj/src/arstream2_h264_parser.c.o
 *fill*         0x000000000000c1a2        0xe 
 .text.ARSTREAM2_H264Parser_ParseFillerData
                0x000000000000c1b0       0xbd /home/sunho/bebop_ws/devel/arsdk/out/arsdk-native/build/libARStream2/obj/src/arstream2_h264_parser.c.o
 *fill*         0x000000000000c26d        0x3 
 .text.moreRbspData.part.3
                0x000000000000c270       0xb6 /home/sunho/bebop_ws/devel/arsdk/out/arsdk-native/build/libARStream2/obj/src/arstream2_h264_parser.c.o
 *fill*         0x000000000000c326        0xa 
 .text.ARSTREAM2_H264Parser_StartcodeMatch_file.isra.7
                0x000000000000c330      0x178 /home/sunho/bebop_ws/devel/arsdk/out/arsdk-native/build/libARStream2/obj/src/arstream2_h264_parser.c.o
 *fill*         0x000000000000c4a8        0x8 
 .text.readBits_expGolomb_se.constprop.8
                0x000000000000c4b0      0x269 /home/sunho/bebop_ws/devel/arsdk/out/arsdk-native/build/libARStream2/obj/src/arstream2_h264_parser.c.o
 *fill*         0x000000000000c719        0x7 
 .text.readBits_expGolomb_ue.constprop.10
                0x000000000000c720      0x252 /home/sunho/bebop_ws/devel/arsdk/out/arsdk-native/build/libARStream2/obj/src/arstream2_h264_parser.c.o
 *fill*         0x000000000000c972        0xe 
 .text.ARSTREAM2_H264Parser_ParseScalingList
                0x000000000000c980      0x4a2 /home/sunho/bebop_ws/devel/arsdk/out/arsdk-native/build/libARStream2/obj/src/arstream2_h264_parser.c.o
 *fill*         0x000000000000ce22        0xe 
 .text.ARSTREAM2_H264Parser_ParseAud
                0x000000000000ce30      0x571 /home/sunho/bebop_ws/devel/arsdk/out/arsdk-native/build/libARStream2/obj/src/arstream2_h264_parser.c.o
 *fill*         0x000000000000d3a1        0xf 
 .text.ARSTREAM2_H264Parser_ParseSlice
                0x000000000000d3b0     0x459a /home/sunho/bebop_ws/devel/arsdk/out/arsdk-native/build/libARStream2/obj/src/arstream2_h264_parser.c.o
 *fill*         0x000000000001194a        0x6 
 .text.ARSTREAM2_H264Parser_ParseHrdParams
                0x0000000000011950     0x123c /home/sunho/bebop_ws/devel/arsdk/out/arsdk-native/build/libARStream2/obj/src/arstream2_h264_parser.c.o
 *fill*         0x0000000000012b8c        0x4 
 .text.ARSTREAM2_H264Parser_ParsePps
                0x0000000000012b90     0x303f /home/sunho/bebop_ws/devel/arsdk/out/arsdk-native/build/libARStream2/obj/src/arstream2_h264_parser.c.o
 *fill*         0x0000000000015bcf        0x1 
 .text.ARSTREAM2_H264Parser_ParseVui
                0x0000000000015bd0     0x3b28 /home/sunho/bebop_ws/devel/arsdk/out/arsdk-native/build/libARStream2/obj/src/arstream2_h264_parser.c.o
 *fill*         0x00000000000196f8        0x8 
 .text.ARSTREAM2_H264Parser_ParseSps
                0x0000000000019700     0x31c7 /home/sunho/bebop_ws/devel/arsdk/out/arsdk-native/build/libARStream2/obj/src/arstream2_h264_parser.c.o
 *fill*         0x000000000001c8c7        0x9 
 .text.ARSTREAM2_H264Parser_ParseSeiPayload_picTiming.isra.5
                0x000000000001c8d0     0x2d98 /home/sunho/bebop_ws/devel/arsdk/out/arsdk-native/build/libARStream2/obj/src/arstream2_h264_parser.c.o
 *fill*         0x000000000001f668        0x8 
 .text.ARSTREAM2_H264Parser_ParseSei
                0x000000000001f670     0x278b /home/sunho/bebop_ws/devel/arsdk/out/arsdk-native/build/libARStream2/obj/src/arstream2_h264_parser.c.o
 *fill*         0x0000000000021dfb        0x5 
 .text.ARSTREAM2_H264Parser_ParseNalu
                0x0000000000021e00      0x514 /home/sunho/bebop_ws/devel/arsdk/out/arsdk-native/build/libARStream2/obj/src/arstream2_h264_parser.c.o
                0x0000000000021e00                ARSTREAM2_H264Parser_ParseNalu
 *fill*         0x0000000000022314        0xc 
 .text.ARSTREAM2_H264Parser_ReadNextNalu_file
                0x0000000000022320      0x632 /home/sunho/bebop_ws/devel/arsdk/out/arsdk-native/build/libARStream2/obj/src/arstream2_h264_parser.c.o
                0x0000000000022320                ARSTREAM2_H264Parser_ReadNextNalu_file
 *fill*         0x0000000000022952        0xe 
 .text.ARSTREAM2_H264Parser_ReadNextNalu_buffer
                0x0000000000022960      0x50d /home/sunho/bebop_ws/devel/arsdk/out/arsdk-native/build/libARStream2/obj/src/arstream2_h264_parser.c.o
                0x0000000000022960                ARSTREAM2_H264Parser_ReadNextNalu_buffer
 *fill*         0x0000000000022e6d        0x3 
 .text.ARSTREAM2_H264Parser_SetupNalu_buffer
                0x0000000000022e70      0x180 /home/sunho/bebop_ws/devel/arsdk/out/arsdk-native/build/libARStream2/obj/src/arstream2_h264_parser.c.o
                0x0000000000022e70                ARSTREAM2_H264Parser_SetupNalu_buffer
 .text.ARSTREAM2_H264Parser_GetLastNaluType
                0x0000000000022ff0       0xcd /home/sunho/bebop_ws/devel/arsdk/out/arsdk-native/build/libARStream2/obj/src/arstream2_h264_parser.c.o
                0x0000000000022ff0                ARSTREAM2_H264Parser_GetLastNaluType
 *fill*         0x00000000000230bd        0x3 
 .text.ARSTREAM2_H264Parser_GetSliceInfo
                0x00000000000230c0      0x1b0 /home/sunho/bebop_ws/devel/arsdk/out/arsdk-native/build/libARStream2/obj/src/arstream2_h264_parser.c.o
                0x00000000000230c0                ARSTREAM2_H264Parser_GetSliceInfo
 .text.ARSTREAM2_H264Parser_GetUserDataSeiCount
                0x0000000000023270       0xd3 /home/sunho/bebop_ws/devel/arsdk/out/arsdk-native/build/libARStream2/obj/src/arstream2_h264_parser.c.o
                0x0000000000023270                ARSTREAM2_H264Parser_GetUserDataSeiCount
 *fill*         0x0000000000023343        0xd 
 .text.ARSTREAM2_H264Parser_GetUserDataSei
                0x0000000000023350      0x1b1 /home/sunho/bebop_ws/devel/arsdk/out/arsdk-native/build/libARStream2/obj/src/arstream2_h264_parser.c.o
                0x0000000000023350                ARSTREAM2_H264Parser_GetUserDataSei
 *fill*         0x0000000000023501        0xf 
 .text.ARSTREAM2_H264Parser_GetSpsPpsContext
                0x0000000000023510      0x179 /home/sunho/bebop_ws/devel/arsdk/out/arsdk-native/build/libARStream2/obj/src/arstream2_h264_parser.c.o
                0x0000000000023510                ARSTREAM2_H264Parser_GetSpsPpsContext
 *fill*         0x0000000000023689        0x7 
 .text.ARSTREAM2_H264Parser_GetSliceContext
                0x0000000000023690      0x160 /home/sunho/bebop_ws/devel/arsdk/out/arsdk-native/build/libARStream2/obj/src/arstream2_h264_parser.c.o
                0x0000000000023690                ARSTREAM2_H264Parser_GetSliceContext
 .text.ARSTREAM2_H264Parser_Init
                0x00000000000237f0      0x1b4 /home/sunho/bebop_ws/devel/arsdk/out/arsdk-native/build/libARStream2/obj/src/arstream2_h264_parser.c.o
                0x00000000000237f0                ARSTREAM2_H264Parser_Init
 *fill*         0x00000000000239a4        0xc 
 .text.ARSTREAM2_H264Parser_Free
                0x00000000000239b0       0x5e /home/sunho/bebop_ws/devel/arsdk/out/arsdk-native/build/libARStream2/obj/src/arstream2_h264_parser.c.o
                0x00000000000239b0                ARSTREAM2_H264Parser_Free
 *fill*         0x0000000000023a0e        0x2 
 .text.ARSTREAM2_H264Sei_SerializeUserDataParrotStreamingV1
                0x0000000000023a10       0xb8 /home/sunho/bebop_ws/devel/arsdk/out/arsdk-native/build/libARStream2/obj/src/arstream2_h264_sei.c.o
                0x0000000000023a10                ARSTREAM2_H264Sei_SerializeUserDataParrotStreamingV1
 *fill*         0x0000000000023ac8        0x8 
 .text.ARSTREAM2_H264Sei_DeserializeUserDataParrotStreamingV1
                0x0000000000023ad0       0xb6 /home/sunho/bebop_ws/devel/arsdk/out/arsdk-native/build/libARStream2/obj/src/arstream2_h264_sei.c.o
                0x0000000000023ad0                ARSTREAM2_H264Sei_DeserializeUserDataParrotStreamingV1
 *fill*         0x0000000000023b86        0xa 
 .text.ARSTREAM2_H264Sei_IsUserDataParrotStreamingV1
                0x0000000000023b90       0x56 /home/sunho/bebop_ws/devel/arsdk/out/arsdk-native/build/libARStream2/obj/src/arstream2_h264_sei.c.o
                0x0000000000023b90                ARSTREAM2_H264Sei_IsUserDataParrotStreamingV1
 *fill*         0x0000000000023be6        0xa 
 .text.writeBits
                0x0000000000023bf0      0x12f /home/sunho/bebop_ws/devel/arsdk/out/arsdk-native/build/libARStream2/obj/src/arstream2_h264_writer.c.o
 *fill*         0x0000000000023d1f        0x1 
 .text.writeBits_expGolomb_ue.constprop.7
                0x0000000000023d20      0x345 /home/sunho/bebop_ws/devel/arsdk/out/arsdk-native/build/libARStream2/obj/src/arstream2_h264_writer.c.o
 *fill*         0x0000000000024065        0xb 
 .text.writeBits_expGolomb_se.constprop.8
                0x0000000000024070      0x53f /home/sunho/bebop_ws/devel/arsdk/out/arsdk-native/build/libARStream2/obj/src/arstream2_h264_writer.c.o
 *fill*         0x00000000000245af        0x1 
 .text.ARSTREAM2_H264Writer_WriteSliceHeader
                0x00000000000245b0     0x314c /home/sunho/bebop_ws/devel/arsdk/out/arsdk-native/build/libARStream2/obj/src/arstream2_h264_writer.c.o
 *fill*         0x00000000000276fc        0x4 
 .text.ARSTREAM2_H264Writer_WriteSeiNalu
                0x0000000000027700     0x2e48 /home/sunho/bebop_ws/devel/arsdk/out/arsdk-native/build/libARStream2/obj/src/arstream2_h264_writer.c.o
                0x0000000000027700                ARSTREAM2_H264Writer_WriteSeiNalu
 *fill*         0x000000000002a548        0x8 
 .text.ARSTREAM2_H264Writer_WriteSkippedPSliceNalu
                0x000000000002a550      0x89d /home/sunho/bebop_ws/devel/arsdk/out/arsdk-native/build/libARStream2/obj/src/arstream2_h264_writer.c.o
                0x000000000002a550                ARSTREAM2_H264Writer_WriteSkippedPSliceNalu
 *fill*         0x000000000002aded        0x3 
 .text.ARSTREAM2_H264Writer_WriteGrayISliceNalu
                0x000000000002adf0      0xaba /home/sunho/bebop_ws/devel/arsdk/out/arsdk-native/build/libARStream2/obj/src/arstream2_h264_writer.c.o
                0x000000000002adf0                ARSTREAM2_H264Writer_WriteGrayISliceNalu
 *fill*         0x000000000002b8aa        0x6 
 .text.ARSTREAM2_H264Writer_SetSpsPpsContext
                0x000000000002b8b0       0xb6 /home/sunho/bebop_ws/devel/arsdk/out/arsdk-native/build/libARStream2/obj/src/arstream2_h264_writer.c.o
                0x000000000002b8b0                ARSTREAM2_H264Writer_SetSpsPpsContext
 *fill*         0x000000000002b966        0xa 
 .text.ARSTREAM2_H264Writer_Init
                0x000000000002b970       0x67 /home/sunho/bebop_ws/devel/arsdk/out/arsdk-native/build/libARStream2/obj/src/arstream2_h264_writer.c.o
                0x000000000002b970                ARSTREAM2_H264Writer_Init
 *fill*         0x000000000002b9d7        0x9 
 .text.ARSTREAM2_H264Writer_Free
                0x000000000002b9e0       0x1e /home/sunho/bebop_ws/devel/arsdk/out/arsdk-native/build/libARStream2/obj/src/arstream2_h264_writer.c.o
                0x000000000002b9e0                ARSTREAM2_H264Writer_Free
 *fill*         0x000000000002b9fe        0x2 
 .text.ARSTREAM2_RtpReceiver_ControlMuxTeardown
                0x000000000002ba00       0x3f /home/sunho/bebop_ws/devel/arsdk/out/arsdk-native/build/libARStream2/obj/src/arstream2_rtp_receiver.c.o
 *fill*         0x000000000002ba3f        0x1 
 .text.ARSTREAM2_RtpReceiver_StreamMuxTeardown
                0x000000000002ba40       0x3f /home/sunho/bebop_ws/devel/arsdk/out/arsdk-native/build/libARStream2/obj/src/arstream2_rtp_receiver.c.o
 *fill*         0x000000000002ba7f        0x1 
 .text.ARSTREAM2_RtpReceiver_CheckBufferSize
                0x000000000002ba80      0x15c /home/sunho/bebop_ws/devel/arsdk/out/arsdk-native/build/libARStream2/obj/src/arstream2_rtp_receiver.c.o
 *fill*         0x000000000002bbdc        0x4 
 .text.ARSTREAM2_RtpReceiver_MuxReadControlData
                0x000000000002bbe0       0xca /home/sunho/bebop_ws/devel/arsdk/out/arsdk-native/build/libARStream2/obj/src/arstream2_rtp_receiver.c.o
 *fill*         0x000000000002bcaa        0x6 
 .text.ARSTREAM2_RtpReceiver_MuxReadData
                0x000000000002bcb0       0xb2 /home/sunho/bebop_ws/devel/arsdk/out/arsdk-native/build/libARStream2/obj/src/arstream2_rtp_receiver.c.o
 *fill*         0x000000000002bd62        0xe 
 .text.ARSTREAM2_RtpReceiver_MuxSendControlData
                0x000000000002bd70       0x77 /home/sunho/bebop_ws/devel/arsdk/out/arsdk-native/build/libARStream2/obj/src/arstream2_rtp_receiver.c.o
 *fill*         0x000000000002bde7        0x9 
 .text.ARSTREAM2_RtpReceiver_ControlMuxSetup
                0x000000000002bdf0      0x165 /home/sunho/bebop_ws/devel/arsdk/out/arsdk-native/build/libARStream2/obj/src/arstream2_rtp_receiver.c.o
 *fill*         0x000000000002bf55        0xb 
 .text.ARSTREAM2_RtpReceiver_StreamMuxSetup
                0x000000000002bf60      0x165 /home/sunho/bebop_ws/devel/arsdk/out/arsdk-native/build/libARStream2/obj/src/arstream2_rtp_receiver.c.o
 *fill*         0x000000000002c0c5        0xb 
 .text.ARSTREAM2_RtpReceiver_ControlSocketTeardown
                0x000000000002c0d0       0x34 /home/sunho/bebop_ws/devel/arsdk/out/arsdk-native/build/libARStream2/obj/src/arstream2_rtp_receiver.c.o
 *fill*         0x000000000002c104        0xc 
 .text.ARSTREAM2_RtpReceiver_StreamSocketTeardown
                0x000000000002c110       0x34 /home/sunho/bebop_ws/devel/arsdk/out/arsdk-native/build/libARStream2/obj/src/arstream2_rtp_receiver.c.o
 *fill*         0x000000000002c144        0xc 
 .text.ARSTREAM2_RtpReceiver_NetReadControlData
                0x000000000002c150      0x2aa /home/sunho/bebop_ws/devel/arsdk/out/arsdk-native/build/libARStream2/obj/src/arstream2_rtp_receiver.c.o
 *fill*         0x000000000002c3fa        0x6 
 .text.ARSTREAM2_RtpReceiver_RtpResender_NaluCallback
                0x000000000002c400       0x48 /home/sunho/bebop_ws/devel/arsdk/out/arsdk-native/build/libARStream2/obj/src/arstream2_rtp_receiver.c.o
 *fill*         0x000000000002c448        0x8 
 .text.ARSTREAM2_RtpReceiver_NetReadData.part.1
                0x000000000002c450      0x4b2 /home/sunho/bebop_ws/devel/arsdk/out/arsdk-native/build/libARStream2/obj/src/arstream2_rtp_receiver.c.o
 *fill*         0x000000000002c902        0xe 
 .text.ARSTREAM2_RtpReceiver_NetReadData
                0x000000000002c910       0x2a /home/sunho/bebop_ws/devel/arsdk/out/arsdk-native/build/libARStream2/obj/src/arstream2_rtp_receiver.c.o
 *fill*         0x000000000002c93a        0x6 
 .text.ARSTREAM2_RtpReceiver_NetSendControlData
                0x000000000002c940       0x27 /home/sunho/bebop_ws/devel/arsdk/out/arsdk-native/build/libARStream2/obj/src/arstream2_rtp_receiver.c.o
 *fill*         0x000000000002c967        0x9 
 .text.ARSTREAM2_RtpReceiver_ControlSocketSetup
                0x000000000002c970      0x58a /home/sunho/bebop_ws/devel/arsdk/out/arsdk-native/build/libARStream2/obj/src/arstream2_rtp_receiver.c.o
 *fill*         0x000000000002cefa        0x6 
 .text.ARSTREAM2_RtpReceiver_StreamSocketSetup
                0x000000000002cf00      0x9ae /home/sunho/bebop_ws/devel/arsdk/out/arsdk-native/build/libARStream2/obj/src/arstream2_rtp_receiver.c.o
 *fill*         0x000000000002d8ae        0x2 
 .text.ARSTREAM2_RtpReceiver_OutputNalu
                0x000000000002d8b0      0x73b /home/sunho/bebop_ws/devel/arsdk/out/arsdk-native/build/libARStream2/obj/src/arstream2_rtp_receiver.c.o
 *fill*         0x000000000002dfeb        0x5 
 .text.ARSTREAM2_RtpReceiver_Stop
                0x000000000002dff0      0x298 /home/sunho/bebop_ws/devel/arsdk/out/arsdk-native/build/libARStream2/obj/src/arstream2_rtp_receiver.c.o
                0x000000000002dff0                ARSTREAM2_RtpReceiver_Stop
 *fill*         0x000000000002e288        0x8 
 .text.ARSTREAM2_RtpReceiver_New
                0x000000000002e290      0xb5f /home/sunho/bebop_ws/devel/arsdk/out/arsdk-native/build/libARStream2/obj/src/arstream2_rtp_receiver.c.o
                0x000000000002e290                ARSTREAM2_RtpReceiver_New
 *fill*         0x000000000002edef        0x1 
 .text.ARSTREAM2_RtpReceiver_InvalidateNaluBuffer
                0x000000000002edf0      0x174 /home/sunho/bebop_ws/devel/arsdk/out/arsdk-native/build/libARStream2/obj/src/arstream2_rtp_receiver.c.o
                0x000000000002edf0                ARSTREAM2_RtpReceiver_InvalidateNaluBuffer
 *fill*         0x000000000002ef64        0xc 
 .text.ARSTREAM2_RtpReceiver_Delete
                0x000000000002ef70      0x449 /home/sunho/bebop_ws/devel/arsdk/out/arsdk-native/build/libARStream2/obj/src/arstream2_rtp_receiver.c.o
                0x000000000002ef70                ARSTREAM2_RtpReceiver_Delete
 *fill*         0x000000000002f3b9        0x7 
 .text.ARSTREAM2_RtpReceiver_RunStreamThread
                0x000000000002f3c0     0x1625 /home/sunho/bebop_ws/devel/arsdk/out/arsdk-native/build/libARStream2/obj/src/arstream2_rtp_receiver.c.o
                0x000000000002f3c0                ARSTREAM2_RtpReceiver_RunStreamThread
 *fill*         0x00000000000309e5        0xb 
 .text.ARSTREAM2_RtpReceiver_RunControlThread
                0x00000000000309f0      0x370 /home/sunho/bebop_ws/devel/arsdk/out/arsdk-native/build/libARStream2/obj/src/arstream2_rtp_receiver.c.o
                0x00000000000309f0                ARSTREAM2_RtpReceiver_RunControlThread
 .text.ARSTREAM2_RtpReceiver_GetNaluCallbackUserPtr
                0x0000000000030d60       0x13 /home/sunho/bebop_ws/devel/arsdk/out/arsdk-native/build/libARStream2/obj/src/arstream2_rtp_receiver.c.o
                0x0000000000030d60                ARSTREAM2_RtpReceiver_GetNaluCallbackUserPtr
 *fill*         0x0000000000030d73        0xd 
 .text.ARSTREAM2_RtpReceiver_GetMonitoring
                0x0000000000030d80      0x499 /home/sunho/bebop_ws/devel/arsdk/out/arsdk-native/build/libARStream2/obj/src/arstream2_rtp_receiver.c.o
                0x0000000000030d80                ARSTREAM2_RtpReceiver_GetMonitoring
 *fill*         0x0000000000031219        0x7 
 .text.ARSTREAM2_RtpReceiver_RtpResender_New
                0x0000000000031220      0x208 /home/sunho/bebop_ws/devel/arsdk/out/arsdk-native/build/libARStream2/obj/src/arstream2_rtp_receiver.c.o
                0x0000000000031220                ARSTREAM2_RtpReceiver_RtpResender_New
 *fill*         0x0000000000031428        0x8 
 .text.ARSTREAM2_RtpReceiver_RtpResender_Stop
                0x0000000000031430       0x42 /home/sunho/bebop_ws/devel/arsdk/out/arsdk-native/build/libARStream2/obj/src/arstream2_rtp_receiver.c.o
                0x0000000000031430                ARSTREAM2_RtpReceiver_RtpResender_Stop
 *fill*         0x0000000000031472        0xe 
 .text.ARSTREAM2_RtpReceiver_RtpResender_Delete
                0x0000000000031480      0x375 /home/sunho/bebop_ws/devel/arsdk/out/arsdk-native/build/libARStream2/obj/src/arstream2_rtp_receiver.c.o
                0x0000000000031480                ARSTREAM2_RtpReceiver_RtpResender_Delete
 *fill*         0x00000000000317f5        0xb 
 .text.ARSTREAM2_RtpReceiver_RtpResender_RunStreamThread
                0x0000000000031800       0x13 /home/sunho/bebop_ws/devel/arsdk/out/arsdk-native/build/libARStream2/obj/src/arstream2_rtp_receiver.c.o
                0x0000000000031800                ARSTREAM2_RtpReceiver_RtpResender_RunStreamThread
 *fill*         0x0000000000031813        0xd 
 .text.ARSTREAM2_RtpReceiver_RtpResender_RunControlThread
                0x0000000000031820       0x13 /home/sunho/bebop_ws/devel/arsdk/out/arsdk-native/build/libARStream2/obj/src/arstream2_rtp_receiver.c.o
                0x0000000000031820                ARSTREAM2_RtpReceiver_RtpResender_RunControlThread
 *fill*         0x0000000000031833        0xd 
 .text.ARSTREAM2_RtpSender_UpdateMonitoring
                0x0000000000031840      0x17f /home/sunho/bebop_ws/devel/arsdk/out/arsdk-native/build/libARStream2/obj/src/arstream2_rtp_sender.c.o
 *fill*         0x00000000000319bf        0x1 
 .text.ARSTREAM2_RtpSender_DequeueNalu
                0x00000000000319c0      0x13f /home/sunho/bebop_ws/devel/arsdk/out/arsdk-native/build/libARStream2/obj/src/arstream2_rtp_sender.c.o
 *fill*         0x0000000000031aff        0x1 
 .text.ARSTREAM2_RtpSender_FlushNaluFifo
                0x0000000000031b00       0xc4 /home/sunho/bebop_ws/devel/arsdk/out/arsdk-native/build/libARStream2/obj/src/arstream2_rtp_sender.c.o
 *fill*         0x0000000000031bc4        0xc 
 .text.ARSTREAM2_RtpSender_SendData
                0x0000000000031bd0      0xcd1 /home/sunho/bebop_ws/devel/arsdk/out/arsdk-native/build/libARStream2/obj/src/arstream2_rtp_sender.c.o
 *fill*         0x00000000000328a1        0xf 
 .text.ARSTREAM2_RtpSender_SetSocketSendBufferSize.isra.0
                0x00000000000328b0      0x298 /home/sunho/bebop_ws/devel/arsdk/out/arsdk-native/build/libARStream2/obj/src/arstream2_rtp_sender.c.o
 *fill*         0x0000000000032b48        0x8 
 .text.ARSTREAM2_RtpSender_New
                0x0000000000032b50      0x7a3 /home/sunho/bebop_ws/devel/arsdk/out/arsdk-native/build/libARStream2/obj/src/arstream2_rtp_sender.c.o
                0x0000000000032b50                ARSTREAM2_RtpSender_New
 *fill*         0x00000000000332f3        0xd 
 .text.ARSTREAM2_RtpSender_Stop
                0x0000000000033300       0x4f /home/sunho/bebop_ws/devel/arsdk/out/arsdk-native/build/libARStream2/obj/src/arstream2_rtp_sender.c.o
                0x0000000000033300                ARSTREAM2_RtpSender_Stop
 *fill*         0x000000000003334f        0x1 
 .text.ARSTREAM2_RtpSender_Delete
                0x0000000000033350      0x207 /home/sunho/bebop_ws/devel/arsdk/out/arsdk-native/build/libARStream2/obj/src/arstream2_rtp_sender.c.o
                0x0000000000033350                ARSTREAM2_RtpSender_Delete
 *fill*         0x0000000000033557        0x9 
 .text.ARSTREAM2_RtpSender_SendNewNalu
                0x0000000000033560      0x219 /home/sunho/bebop_ws/devel/arsdk/out/arsdk-native/build/libARStream2/obj/src/arstream2_rtp_sender.c.o
                0x0000000000033560                ARSTREAM2_RtpSender_SendNewNalu
 *fill*         0x0000000000033779        0x7 
 .text.ARSTREAM2_RtpSender_SendNNewNalu
                0x0000000000033780      0x292 /home/sunho/bebop_ws/devel/arsdk/out/arsdk-native/build/libARStream2/obj/src/arstream2_rtp_sender.c.o
                0x0000000000033780                ARSTREAM2_RtpSender_SendNNewNalu
 *fill*         0x0000000000033a12        0xe 
 .text.ARSTREAM2_RtpSender_FlushNaluQueue
                0x0000000000033a20       0x1e /home/sunho/bebop_ws/devel/arsdk/out/arsdk-native/build/libARStream2/obj/src/arstream2_rtp_sender.c.o
                0x0000000000033a20                ARSTREAM2_RtpSender_FlushNaluQueue
 *fill*         0x0000000000033a3e        0x2 
 .text.ARSTREAM2_RtpSender_RunStreamThread
                0x0000000000033a40     0x1e21 /home/sunho/bebop_ws/devel/arsdk/out/arsdk-native/build/libARStream2/obj/src/arstream2_rtp_sender.c.o
                0x0000000000033a40                ARSTREAM2_RtpSender_RunStreamThread
 *fill*         0x0000000000035861        0xf 
 .text.ARSTREAM2_RtpSender_RunControlThread
                0x0000000000035870      0x82f /home/sunho/bebop_ws/devel/arsdk/out/arsdk-native/build/libARStream2/obj/src/arstream2_rtp_sender.c.o
                0x0000000000035870                ARSTREAM2_RtpSender_RunControlThread
 *fill*         0x000000000003609f        0x1 
 .text.ARSTREAM2_RtpSender_GetAuCallbackUserPtr
                0x00000000000360a0       0x13 /home/sunho/bebop_ws/devel/arsdk/out/arsdk-native/build/libARStream2/obj/src/arstream2_rtp_sender.c.o
                0x00000000000360a0                ARSTREAM2_RtpSender_GetAuCallbackUserPtr
 *fill*         0x00000000000360b3        0xd 
 .text.ARSTREAM2_RtpSender_GetNaluCallbackUserPtr
                0x00000000000360c0       0x13 /home/sunho/bebop_ws/devel/arsdk/out/arsdk-native/build/libARStream2/obj/src/arstream2_rtp_sender.c.o
                0x00000000000360c0                ARSTREAM2_RtpSender_GetNaluCallbackUserPtr
 *fill*         0x00000000000360d3        0xd 
 .text.ARSTREAM2_RtpSender_GetDynamicConfig
                0x00000000000360e0       0x36 /home/sunho/bebop_ws/devel/arsdk/out/arsdk-native/build/libARStream2/obj/src/arstream2_rtp_sender.c.o
                0x00000000000360e0                ARSTREAM2_RtpSender_GetDynamicConfig
 *fill*         0x0000000000036116        0xa 
 .text.ARSTREAM2_RtpSender_SetDynamicConfig
                0x0000000000036120      0x1af /home/sunho/bebop_ws/devel/arsdk/out/arsdk-native/build/libARStream2/obj/src/arstream2_rtp_sender.c.o
                0x0000000000036120                ARSTREAM2_RtpSender_SetDynamicConfig
 *fill*         0x00000000000362cf        0x1 
 .text.ARSTREAM2_RtpSender_GetMonitoring
                0x00000000000362d0      0x5b9 /home/sunho/bebop_ws/devel/arsdk/out/arsdk-native/build/libARStream2/obj/src/arstream2_rtp_sender.c.o
                0x00000000000362d0                ARSTREAM2_RtpSender_GetMonitoring
 *fill*         0x0000000000036889        0x7 
 .text.ARSTREAM2_StreamRecorder_FifoPushFreeItem
                0x0000000000036890      0x10b /home/sunho/bebop_ws/devel/arsdk/out/arsdk-native/build/libARStream2/obj/src/arstream2_stream_recorder.c.o
 *fill*         0x000000000003699b        0x5 
 .text.ARSTREAM2_StreamRecorder_FifoDequeueItem
                0x00000000000369a0      0x13c /home/sunho/bebop_ws/devel/arsdk/out/arsdk-native/build/libARStream2/obj/src/arstream2_stream_recorder.c.o
 *fill*         0x0000000000036adc        0x4 
 .text.ARSTREAM2_StreamRecorder_FifoFlush
                0x0000000000036ae0      0x12b /home/sunho/bebop_ws/devel/arsdk/out/arsdk-native/build/libARStream2/obj/src/arstream2_stream_recorder.c.o
 *fill*         0x0000000000036c0b        0x5 
 .text.ARSTREAM2_StreamRecorder_FifoFree
                0x0000000000036c10      0x101 /home/sunho/bebop_ws/devel/arsdk/out/arsdk-native/build/libARStream2/obj/src/arstream2_stream_recorder.c.o
 *fill*         0x0000000000036d11        0xf 
 .text.ARSTREAM2_StreamRecorder_Init
                0x0000000000036d20      0xd0f /home/sunho/bebop_ws/devel/arsdk/out/arsdk-native/build/libARStream2/obj/src/arstream2_stream_recorder.c.o
                0x0000000000036d20                ARSTREAM2_StreamRecorder_Init
 *fill*         0x0000000000037a2f        0x1 
 .text.ARSTREAM2_StreamRecorder_Free
                0x0000000000037a30      0x26b /home/sunho/bebop_ws/devel/arsdk/out/arsdk-native/build/libARStream2/obj/src/arstream2_stream_recorder.c.o
                0x0000000000037a30                ARSTREAM2_StreamRecorder_Free
 *fill*         0x0000000000037c9b        0x5 
 .text.ARSTREAM2_StreamRecorder_Stop
                0x0000000000037ca0      0x16a /home/sunho/bebop_ws/devel/arsdk/out/arsdk-native/build/libARStream2/obj/src/arstream2_stream_recorder.c.o
                0x0000000000037ca0                ARSTREAM2_StreamRecorder_Stop
 *fill*         0x0000000000037e0a        0x6 
 .text.ARSTREAM2_StreamRecorder_PushAccessUnit
                0x0000000000037e10      0x598 /home/sunho/bebop_ws/devel/arsdk/out/arsdk-native/build/libARStream2/obj/src/arstream2_stream_recorder.c.o
                0x0000000000037e10                ARSTREAM2_StreamRecorder_PushAccessUnit
 *fill*         0x00000000000383a8        0x8 
 .text.ARSTREAM2_StreamRecorder_Flush
                0x00000000000383b0       0xf1 /home/sunho/bebop_ws/devel/arsdk/out/arsdk-native/build/libARStream2/obj/src/arstream2_stream_recorder.c.o
                0x00000000000383b0                ARSTREAM2_StreamRecorder_Flush
 *fill*         0x00000000000384a1        0xf 
 .text.ARSTREAM2_StreamRecorder_RunThread
                0x00000000000384b0      0xbbc /home/sunho/bebop_ws/devel/arsdk/out/arsdk-native/build/libARStream2/obj/src/arstream2_stream_recorder.c.o
                0x00000000000384b0                ARSTREAM2_StreamRecorder_RunThread
 *fill*         0x000000000003906c        0x4 
 .text.ARSTREAM2_StreamReceiver_Init
                0x0000000000039070      0x6a7 /home/sunho/bebop_ws/devel/arsdk/out/arsdk-native/build/libARStream2/obj/src/arstream2_stream_receiver.c.o
                0x0000000000039070                ARSTREAM2_StreamReceiver_Init
 *fill*         0x0000000000039717        0x9 
 .text.ARSTREAM2_StreamReceiver_Free
                0x0000000000039720      0x24b /home/sunho/bebop_ws/devel/arsdk/out/arsdk-native/build/libARStream2/obj/src/arstream2_stream_receiver.c.o
                0x0000000000039720                ARSTREAM2_StreamReceiver_Free
 *fill*         0x000000000003996b        0x5 
 .text.ARSTREAM2_StreamReceiver_RunFilterThread
                0x0000000000039970       0xcc /home/sunho/bebop_ws/devel/arsdk/out/arsdk-native/build/libARStream2/obj/src/arstream2_stream_receiver.c.o
                0x0000000000039970                ARSTREAM2_StreamReceiver_RunFilterThread
 *fill*         0x0000000000039a3c        0x4 
 .text.ARSTREAM2_StreamReceiver_RunStreamThread
                0x0000000000039a40       0xcd /home/sunho/bebop_ws/devel/arsdk/out/arsdk-native/build/libARStream2/obj/src/arstream2_stream_receiver.c.o
                0x0000000000039a40                ARSTREAM2_StreamReceiver_RunStreamThread
 *fill*         0x0000000000039b0d        0x3 
 .text.ARSTREAM2_StreamReceiver_RunControlThread
                0x0000000000039b10       0xcd /home/sunho/bebop_ws/devel/arsdk/out/arsdk-native/build/libARStream2/obj/src/arstream2_stream_receiver.c.o
                0x0000000000039b10                ARSTREAM2_StreamReceiver_RunControlThread
 *fill*         0x0000000000039bdd        0x3 
 .text.ARSTREAM2_StreamReceiver_StartFilter
                0x0000000000039be0      0x176 /home/sunho/bebop_ws/devel/arsdk/out/arsdk-native/build/libARStream2/obj/src/arstream2_stream_receiver.c.o
                0x0000000000039be0                ARSTREAM2_StreamReceiver_StartFilter
 *fill*         0x0000000000039d56        0xa 
 .text.ARSTREAM2_StreamReceiver_PauseFilter
                0x0000000000039d60      0x17d /home/sunho/bebop_ws/devel/arsdk/out/arsdk-native/build/libARStream2/obj/src/arstream2_stream_receiver.c.o
                0x0000000000039d60                ARSTREAM2_StreamReceiver_PauseFilter
 *fill*         0x0000000000039edd        0x3 
 .text.ARSTREAM2_StreamReceiver_Stop
                0x0000000000039ee0      0x176 /home/sunho/bebop_ws/devel/arsdk/out/arsdk-native/build/libARStream2/obj/src/arstream2_stream_receiver.c.o
                0x0000000000039ee0                ARSTREAM2_StreamReceiver_Stop
 *fill*         0x000000000003a056        0xa 
 .text.ARSTREAM2_StreamReceiver_GetSpsPps
                0x000000000003a060       0xcf /home/sunho/bebop_ws/devel/arsdk/out/arsdk-native/build/libARStream2/obj/src/arstream2_stream_receiver.c.o
                0x000000000003a060                ARSTREAM2_StreamReceiver_GetSpsPps
 *fill*         0x000000000003a12f        0x1 
 .text.ARSTREAM2_StreamReceiver_GetFrameMacroblockStatus
                0x000000000003a130       0xcf /home/sunho/bebop_ws/devel/arsdk/out/arsdk-native/build/libARStream2/obj/src/arstream2_stream_receiver.c.o
                0x000000000003a130                ARSTREAM2_StreamReceiver_GetFrameMacroblockStatus
 *fill*         0x000000000003a1ff        0x1 
 .text.ARSTREAM2_StreamReceiver_InitResender
                0x000000000003a200      0x311 /home/sunho/bebop_ws/devel/arsdk/out/arsdk-native/build/libARStream2/obj/src/arstream2_stream_receiver.c.o
                0x000000000003a200                ARSTREAM2_StreamReceiver_InitResender
 *fill*         0x000000000003a511        0xf 
 .text.ARSTREAM2_StreamReceiver_FreeResender
                0x000000000003a520       0xd2 /home/sunho/bebop_ws/devel/arsdk/out/arsdk-native/build/libARStream2/obj/src/arstream2_stream_receiver.c.o
                0x000000000003a520                ARSTREAM2_StreamReceiver_FreeResender
 *fill*         0x000000000003a5f2        0xe 
 .text.ARSTREAM2_StreamReceiver_RunResenderStreamThread
                0x000000000003a600        0x5 /home/sunho/bebop_ws/devel/arsdk/out/arsdk-native/build/libARStream2/obj/src/arstream2_stream_receiver.c.o
                0x000000000003a600                ARSTREAM2_StreamReceiver_RunResenderStreamThread
 *fill*         0x000000000003a605        0xb 
 .text.ARSTREAM2_StreamReceiver_RunResenderControlThread
                0x000000000003a610        0x5 /home/sunho/bebop_ws/devel/arsdk/out/arsdk-native/build/libARStream2/obj/src/arstream2_stream_receiver.c.o
                0x000000000003a610                ARSTREAM2_StreamReceiver_RunResenderControlThread
 *fill*         0x000000000003a615        0xb 
 .text.ARSTREAM2_StreamReceiver_StopResender
                0x000000000003a620       0x10 /home/sunho/bebop_ws/devel/arsdk/out/arsdk-native/build/libARStream2/obj/src/arstream2_stream_receiver.c.o
                0x000000000003a620                ARSTREAM2_StreamReceiver_StopResender
 .text.ARSTREAM2_StreamReceiver_StartRecorder
                0x000000000003a630       0xcf /home/sunho/bebop_ws/devel/arsdk/out/arsdk-native/build/libARStream2/obj/src/arstream2_stream_receiver.c.o
                0x000000000003a630                ARSTREAM2_StreamReceiver_StartRecorder
 *fill*         0x000000000003a6ff        0x1 
 .text.ARSTREAM2_StreamReceiver_StopRecorder
                0x000000000003a700       0xcf /home/sunho/bebop_ws/devel/arsdk/out/arsdk-native/build/libARStream2/obj/src/arstream2_stream_receiver.c.o
                0x000000000003a700                ARSTREAM2_StreamReceiver_StopRecorder
 *(.gnu.warning)

.fini           0x000000000003a7d0        0x9
 *(SORT(.fini))
 .fini          0x000000000003a7d0        0x4 /usr/lib/gcc/x86_64-linux-gnu/4.8/../../../x86_64-linux-gnu/crti.o
                0x000000000003a7d0                _fini
 .fini          0x000000000003a7d4        0x5 /usr/lib/gcc/x86_64-linux-gnu/4.8/../../../x86_64-linux-gnu/crtn.o
                0x000000000003a7d9                PROVIDE (__etext, .)
                0x000000000003a7d9                PROVIDE (_etext, .)
                0x000000000003a7d9                PROVIDE (etext, .)

.rodata         0x000000000003a7e0     0x890e
 *(.rodata .rodata.* .gnu.linkonce.r.*)
 .rodata.str1.1
                0x000000000003a7e0       0xc1 /home/sunho/bebop_ws/devel/arsdk/out/arsdk-native/build/libARStream2/obj/gen/Sources/arstream2_error.c.o
 *fill*         0x000000000003a8a1        0x7 
 .rodata.str1.8
                0x000000000003a8a8       0x2a /home/sunho/bebop_ws/devel/arsdk/out/arsdk-native/build/libARStream2/obj/gen/Sources/arstream2_error.c.o
 *fill*         0x000000000003a8d2        0x2 
 .rodata        0x000000000003a8d4       0x2c /home/sunho/bebop_ws/devel/arsdk/out/arsdk-native/build/libARStream2/obj/gen/Sources/arstream2_error.c.o
 .rodata.str1.1
                0x000000000003a900       0xb1 /home/sunho/bebop_ws/devel/arsdk/out/arsdk-native/build/libARStream2/obj/src/arstream2_h264_filter.c.o
                                         0xb6 (size before relaxing)
 *fill*         0x000000000003a9b1        0x7 
 .rodata.str1.8
                0x000000000003a9b8     0x176f /home/sunho/bebop_ws/devel/arsdk/out/arsdk-native/build/libARStream2/obj/src/arstream2_h264_filter.c.o
 *fill*         0x000000000003c127       0x19 
 .rodata        0x000000000003c140      0x56d /home/sunho/bebop_ws/devel/arsdk/out/arsdk-native/build/libARStream2/obj/src/arstream2_h264_filter.c.o
 *fill*         0x000000000003c6ad        0x3 
 .rodata.cst4   0x000000000003c6b0        0x4 /home/sunho/bebop_ws/devel/arsdk/out/arsdk-native/build/libARStream2/obj/src/arstream2_h264_filter.c.o
 .rodata.str1.1
                0x000000000003c6b4      0x154 /home/sunho/bebop_ws/devel/arsdk/out/arsdk-native/build/libARStream2/obj/src/arstream2_h264_parser.c.o
                                        0x177 (size before relaxing)
 .rodata.str1.8
                0x000000000003c808     0x32ab /home/sunho/bebop_ws/devel/arsdk/out/arsdk-native/build/libARStream2/obj/src/arstream2_h264_parser.c.o
                                       0x3363 (size before relaxing)
 *fill*         0x000000000003fab3        0xd 
 .rodata        0x000000000003fac0      0x620 /home/sunho/bebop_ws/devel/arsdk/out/arsdk-native/build/libARStream2/obj/src/arstream2_h264_parser.c.o
 .rodata.cst8   0x00000000000400e0        0x8 /home/sunho/bebop_ws/devel/arsdk/out/arsdk-native/build/libARStream2/obj/src/arstream2_h264_parser.c.o
 .rodata.cst8   0x0000000000000000        0x8 /home/sunho/bebop_ws/devel/arsdk/out/arsdk-native/build/libARStream2/obj/src/arstream2_h264_writer.c.o
 .rodata.str1.1
                0x00000000000400e8       0x65 /home/sunho/bebop_ws/devel/arsdk/out/arsdk-native/build/libARStream2/obj/src/arstream2_rtp_receiver.c.o
                                         0x7f (size before relaxing)
 *fill*         0x000000000004014d        0x3 
 .rodata.str1.8
                0x0000000000040150     0x113c /home/sunho/bebop_ws/devel/arsdk/out/arsdk-native/build/libARStream2/obj/src/arstream2_rtp_receiver.c.o
 *fill*         0x000000000004128c       0x14 
 .rodata        0x00000000000412a0      0x3cb /home/sunho/bebop_ws/devel/arsdk/out/arsdk-native/build/libARStream2/obj/src/arstream2_rtp_receiver.c.o
 .rodata.str1.1
                0x000000000004166b       0x3c /home/sunho/bebop_ws/devel/arsdk/out/arsdk-native/build/libARStream2/obj/src/arstream2_rtp_sender.c.o
                                         0x7b (size before relaxing)
 *fill*         0x00000000000416a7        0x1 
 .rodata.str1.8
                0x00000000000416a8      0x981 /home/sunho/bebop_ws/devel/arsdk/out/arsdk-native/build/libARStream2/obj/src/arstream2_rtp_sender.c.o
                                        0xcf9 (size before relaxing)
 *fill*         0x0000000000042029       0x17 
 .rodata        0x0000000000042040      0x1c8 /home/sunho/bebop_ws/devel/arsdk/out/arsdk-native/build/libARStream2/obj/src/arstream2_rtp_sender.c.o
 .rodata.cst8   0x0000000000042208        0x8 /home/sunho/bebop_ws/devel/arsdk/out/arsdk-native/build/libARStream2/obj/src/arstream2_rtp_sender.c.o
 .rodata.str1.1
                0x0000000000042210       0x2c /home/sunho/bebop_ws/devel/arsdk/out/arsdk-native/build/libARStream2/obj/src/arstream2_stream_recorder.c.o
                                         0x36 (size before relaxing)
 *fill*         0x000000000004223c        0x4 
 .rodata.str1.8
                0x0000000000042240      0x626 /home/sunho/bebop_ws/devel/arsdk/out/arsdk-native/build/libARStream2/obj/src/arstream2_stream_recorder.c.o
                                        0x766 (size before relaxing)
 *fill*         0x0000000000042866       0x1a 
 .rodata        0x0000000000042880      0x2ae /home/sunho/bebop_ws/devel/arsdk/out/arsdk-native/build/libARStream2/obj/src/arstream2_stream_recorder.c.o
 .rodata.str1.1
                0x0000000000042b2e       0x19 /home/sunho/bebop_ws/devel/arsdk/out/arsdk-native/build/libARStream2/obj/src/arstream2_stream_receiver.c.o
                                         0x22 (size before relaxing)
 *fill*         0x0000000000042b47        0x1 
 .rodata.str1.8
                0x0000000000042b48      0x290 /home/sunho/bebop_ws/devel/arsdk/out/arsdk-native/build/libARStream2/obj/src/arstream2_stream_receiver.c.o
                                        0x346 (size before relaxing)
 *fill*         0x0000000000042dd8        0x8 
 .rodata        0x0000000000042de0      0x30e /home/sunho/bebop_ws/devel/arsdk/out/arsdk-native/build/libARStream2/obj/src/arstream2_stream_receiver.c.o

.rodata1
 *(.rodata1)

.eh_frame_hdr   0x00000000000430f0      0x46c
 *(.eh_frame_hdr)
 .eh_frame_hdr  0x00000000000430f0      0x46c /home/sunho/bebop_ws/devel/arsdk/out/arsdk-native/build/libARStream2/obj/gen/Sources/arstream2_error.c.o

.eh_frame       0x0000000000043560     0x21ac
 *(.eh_frame)
 .eh_frame      0x0000000000043560       0x40 /usr/lib/gcc/x86_64-linux-gnu/4.8/../../../x86_64-linux-gnu/crti.o
 .eh_frame      0x00000000000435a0       0x30 /home/sunho/bebop_ws/devel/arsdk/out/arsdk-native/build/libARStream2/obj/gen/Sources/arstream2_error.c.o
 .eh_frame      0x00000000000435d0      0x5c0 /home/sunho/bebop_ws/devel/arsdk/out/arsdk-native/build/libARStream2/obj/src/arstream2_h264_filter.c.o
                                        0x5a0 (size before relaxing)
 .eh_frame      0x0000000000043b90      0x780 /home/sunho/bebop_ws/devel/arsdk/out/arsdk-native/build/libARStream2/obj/src/arstream2_h264_parser.c.o
                                        0x758 (size before relaxing)
 .eh_frame      0x0000000000044310       0x48 /home/sunho/bebop_ws/devel/arsdk/out/arsdk-native/build/libARStream2/obj/src/arstream2_h264_sei.c.o
                                         0x58 (size before relaxing)
 .eh_frame      0x0000000000044358      0x268 /home/sunho/bebop_ws/devel/arsdk/out/arsdk-native/build/libARStream2/obj/src/arstream2_h264_writer.c.o
                                        0x2a0 (size before relaxing)
 .eh_frame      0x00000000000445c0      0x758 /home/sunho/bebop_ws/devel/arsdk/out/arsdk-native/build/libARStream2/obj/src/arstream2_rtp_receiver.c.o
                                        0x740 (size before relaxing)
 .eh_frame      0x0000000000044d18      0x438 /home/sunho/bebop_ws/devel/arsdk/out/arsdk-native/build/libARStream2/obj/src/arstream2_rtp_sender.c.o
                                        0x420 (size before relaxing)
 .eh_frame      0x0000000000045150      0x278 /home/sunho/bebop_ws/devel/arsdk/out/arsdk-native/build/libARStream2/obj/src/arstream2_stream_recorder.c.o
 .eh_frame      0x00000000000453c8      0x340 /home/sunho/bebop_ws/devel/arsdk/out/arsdk-native/build/libARStream2/obj/src/arstream2_stream_receiver.c.o
                                        0x318 (size before relaxing)
 .eh_frame      0x0000000000045708        0x4 /usr/lib/gcc/x86_64-linux-gnu/4.8/crtendS.o

.gcc_except_table
 *(.gcc_except_table .gcc_except_table.*)

.exception_ranges
 *(.exception_ranges .exception_ranges*)
                0x000000000004570c                . = (ALIGN (0x200000) - ((0x200000 - .) & 0x1fffff))
                0x0000000000245b04                . = DATA_SEGMENT_ALIGN (0x200000, 0x1000)

.eh_frame
 *(.eh_frame)

.gcc_except_table
 *(.gcc_except_table .gcc_except_table.*)

.exception_ranges
 *(.exception_ranges .exception_ranges*)

.tdata
 *(.tdata .tdata.* .gnu.linkonce.td.*)

.tbss
 *(.tbss .tbss.* .gnu.linkonce.tb.*)
 *(.tcommon)

.preinit_array
 *(.preinit_array)

.init_array     0x0000000000245b08        0x8
 *(SORT(.init_array.*) SORT(.ctors.*))
 *(.init_array EXCLUDE_FILE(*crtend?.o *crtend.o *crtbegin?.o *crtbegin.o) .ctors)
 .init_array    0x0000000000245b08        0x8 /usr/lib/gcc/x86_64-linux-gnu/4.8/crtbeginS.o

.fini_array     0x0000000000245b10        0x8
 *(SORT(.fini_array.*) SORT(.dtors.*))
 *(.fini_array EXCLUDE_FILE(*crtend?.o *crtend.o *crtbegin?.o *crtbegin.o) .dtors)
 .fini_array    0x0000000000245b10        0x8 /usr/lib/gcc/x86_64-linux-gnu/4.8/crtbeginS.o

.ctors
 *crtbegin.o(.ctors)
 *crtbegin?.o(.ctors)
 *(EXCLUDE_FILE(*crtend?.o *crtend.o) .ctors)
 *(SORT(.ctors.*))
 *(.ctors)

.dtors
 *crtbegin.o(.dtors)
 *crtbegin?.o(.dtors)
 *(EXCLUDE_FILE(*crtend?.o *crtend.o) .dtors)
 *(SORT(.dtors.*))
 *(.dtors)

.jcr            0x0000000000245b18        0x8
 *(.jcr)
 .jcr           0x0000000000245b18        0x0 /usr/lib/gcc/x86_64-linux-gnu/4.8/crtbeginS.o
 .jcr           0x0000000000245b18        0x8 /usr/lib/gcc/x86_64-linux-gnu/4.8/crtendS.o

.data.rel.ro    0x0000000000245b20      0x260
 *(.data.rel.ro.local* .gnu.linkonce.d.rel.ro.local.*)
 .data.rel.ro.local
                0x0000000000245b20      0x260 /home/sunho/bebop_ws/devel/arsdk/out/arsdk-native/build/libARStream2/obj/src/arstream2_h264_parser.c.o
 *(.data.rel.ro .data.rel.ro.* .gnu.linkonce.d.rel.ro.*)

.dynamic        0x0000000000245d80      0x230
 *(.dynamic)
 .dynamic       0x0000000000245d80      0x230 /usr/lib/gcc/x86_64-linux-gnu/4.8/../../../x86_64-linux-gnu/crti.o
                0x0000000000245d80                _DYNAMIC

.got            0x0000000000245fb0       0x38
 *(.got)
 .got           0x0000000000245fb0       0x38 /usr/lib/gcc/x86_64-linux-gnu/4.8/../../../x86_64-linux-gnu/crti.o
 *(.igot)
                0x0000000000245fe8                . = DATA_SEGMENT_RELRO_END (., (SIZEOF (.got.plt) >= 0x18)?0x18:0x0)

.got.plt        0x0000000000246000      0x420
 *(.got.plt)
 .got.plt       0x0000000000246000      0x420 /usr/lib/gcc/x86_64-linux-gnu/4.8/../../../x86_64-linux-gnu/crti.o
                0x0000000000246000                _GLOBAL_OFFSET_TABLE_
 *(.igot.plt)

.data           0x0000000000246420        0x8
 *(.data .data.* .gnu.linkonce.d.*)
 .data.rel      0x0000000000246420        0x8 /usr/lib/gcc/x86_64-linux-gnu/4.8/crtbeginS.o
                0x0000000000246420                __dso_handle

.tm_clone_table
                0x0000000000246428        0x0
 .tm_clone_table
                0x0000000000246428        0x0 /usr/lib/gcc/x86_64-linux-gnu/4.8/crtbeginS.o
 .tm_clone_table
                0x0000000000246428        0x0 /usr/lib/gcc/x86_64-linux-gnu/4.8/crtendS.o

.data1
 *(.data1)
                0x0000000000246428                _edata = .
                0x0000000000246428                PROVIDE (edata, .)
                0x0000000000246428                . = .
                0x0000000000246428                __bss_start = .

.bss            0x0000000000246428        0x8
 *(.dynbss)
 .dynbss        0x0000000000000000        0x0 /usr/lib/gcc/x86_64-linux-gnu/4.8/../../../x86_64-linux-gnu/crti.o
 *(.bss .bss.* .gnu.linkonce.b.*)
 .bss           0x0000000000246428        0x1 /usr/lib/gcc/x86_64-linux-gnu/4.8/crtbeginS.o
 *(COMMON)
                0x0000000000246430                . = ALIGN ((. != 0x0)?0x8:0x1)
 *fill*         0x0000000000246429        0x7 

.lbss
 *(.dynlbss)
 *(.lbss .lbss.* .gnu.linkonce.lb.*)
 *(LARGE_COMMON)
                0x0000000000246430                . = ALIGN (0x8)
                0x0000000000246430                . = SEGMENT_START ("ldata-segment", .)

.lrodata
 *(.lrodata .lrodata.* .gnu.linkonce.lr.*)

.ldata          0x0000000000646430        0x0
 *(.ldata .ldata.* .gnu.linkonce.l.*)
                0x0000000000646430                . = ALIGN ((. != 0x0)?0x8:0x1)
                0x0000000000646430                . = ALIGN (0x8)
                0x0000000000646430                _end = .
                0x0000000000646430                PROVIDE (end, .)
                0x0000000000646430                . = DATA_SEGMENT_END (.)

.stab
 *(.stab)

.stabstr
 *(.stabstr)

.stab.excl
 *(.stab.excl)

.stab.exclstr
 *(.stab.exclstr)

.stab.index
 *(.stab.index)

.stab.indexstr
 *(.stab.indexstr)

.comment        0x0000000000000000       0x2b
 *(.comment)
 .comment       0x0000000000000000       0x2b /usr/lib/gcc/x86_64-linux-gnu/4.8/crtbeginS.o
                                         0x2c (size before relaxing)
 .comment       0x0000000000000000       0x2c /home/sunho/bebop_ws/devel/arsdk/out/arsdk-native/build/libARStream2/obj/gen/Sources/arstream2_error.c.o
 .comment       0x0000000000000000       0x2c /home/sunho/bebop_ws/devel/arsdk/out/arsdk-native/build/libARStream2/obj/src/arstream2_h264_filter.c.o
 .comment       0x0000000000000000       0x2c /home/sunho/bebop_ws/devel/arsdk/out/arsdk-native/build/libARStream2/obj/src/arstream2_h264_parser.c.o
 .comment       0x0000000000000000       0x2c /home/sunho/bebop_ws/devel/arsdk/out/arsdk-native/build/libARStream2/obj/src/arstream2_h264_sei.c.o
 .comment       0x0000000000000000       0x2c /home/sunho/bebop_ws/devel/arsdk/out/arsdk-native/build/libARStream2/obj/src/arstream2_h264_writer.c.o
 .comment       0x0000000000000000       0x2c /home/sunho/bebop_ws/devel/arsdk/out/arsdk-native/build/libARStream2/obj/src/arstream2_rtp_receiver.c.o
 .comment       0x0000000000000000       0x2c /home/sunho/bebop_ws/devel/arsdk/out/arsdk-native/build/libARStream2/obj/src/arstream2_rtp_sender.c.o
 .comment       0x0000000000000000       0x2c /home/sunho/bebop_ws/devel/arsdk/out/arsdk-native/build/libARStream2/obj/src/arstream2_stream_recorder.c.o
 .comment       0x0000000000000000       0x2c /home/sunho/bebop_ws/devel/arsdk/out/arsdk-native/build/libARStream2/obj/src/arstream2_stream_receiver.c.o
 .comment       0x0000000000000000       0x2c /usr/lib/gcc/x86_64-linux-gnu/4.8/crtendS.o

.debug
 *(.debug)

.line
 *(.line)

.debug_srcinfo
 *(.debug_srcinfo)

.debug_sfnames
 *(.debug_sfnames)

.debug_aranges  0x0000000000000000      0x9f0
 *(.debug_aranges)
 .debug_aranges
                0x0000000000000000       0x30 /home/sunho/bebop_ws/devel/arsdk/out/arsdk-native/build/libARStream2/obj/gen/Sources/arstream2_error.c.o
 .debug_aranges
                0x0000000000000030      0x180 /home/sunho/bebop_ws/devel/arsdk/out/arsdk-native/build/libARStream2/obj/src/arstream2_h264_filter.c.o
 .debug_aranges
                0x00000000000001b0      0x1e0 /home/sunho/bebop_ws/devel/arsdk/out/arsdk-native/build/libARStream2/obj/src/arstream2_h264_parser.c.o
 .debug_aranges
                0x0000000000000390       0x50 /home/sunho/bebop_ws/devel/arsdk/out/arsdk-native/build/libARStream2/obj/src/arstream2_h264_sei.c.o
 .debug_aranges
                0x00000000000003e0       0xd0 /home/sunho/bebop_ws/devel/arsdk/out/arsdk-native/build/libARStream2/obj/src/arstream2_h264_writer.c.o
 .debug_aranges
                0x00000000000004b0      0x210 /home/sunho/bebop_ws/devel/arsdk/out/arsdk-native/build/libARStream2/obj/src/arstream2_rtp_receiver.c.o
 .debug_aranges
                0x00000000000006c0      0x140 /home/sunho/bebop_ws/devel/arsdk/out/arsdk-native/build/libARStream2/obj/src/arstream2_rtp_sender.c.o
 .debug_aranges
                0x0000000000000800       0xc0 /home/sunho/bebop_ws/devel/arsdk/out/arsdk-native/build/libARStream2/obj/src/arstream2_stream_recorder.c.o
 .debug_aranges
                0x00000000000008c0      0x130 /home/sunho/bebop_ws/devel/arsdk/out/arsdk-native/build/libARStream2/obj/src/arstream2_stream_receiver.c.o

.debug_pubnames
 *(.debug_pubnames)

.debug_info     0x0000000000000000    0x46429
 *(.debug_info .gnu.linkonce.wi.*)
 .debug_info    0x0000000000000000       0xc3 /home/sunho/bebop_ws/devel/arsdk/out/arsdk-native/build/libARStream2/obj/gen/Sources/arstream2_error.c.o
 .debug_info    0x00000000000000c3     0xba82 /home/sunho/bebop_ws/devel/arsdk/out/arsdk-native/build/libARStream2/obj/src/arstream2_h264_filter.c.o
 .debug_info    0x000000000000bb45    0x1c7e8 /home/sunho/bebop_ws/devel/arsdk/out/arsdk-native/build/libARStream2/obj/src/arstream2_h264_parser.c.o
 .debug_info    0x000000000002832d      0x89d /home/sunho/bebop_ws/devel/arsdk/out/arsdk-native/build/libARStream2/obj/src/arstream2_h264_sei.c.o
 .debug_info    0x0000000000028bca     0x59a8 /home/sunho/bebop_ws/devel/arsdk/out/arsdk-native/build/libARStream2/obj/src/arstream2_h264_writer.c.o
 .debug_info    0x000000000002e572     0x9265 /home/sunho/bebop_ws/devel/arsdk/out/arsdk-native/build/libARStream2/obj/src/arstream2_rtp_receiver.c.o
 .debug_info    0x00000000000377d7     0x6ecb /home/sunho/bebop_ws/devel/arsdk/out/arsdk-native/build/libARStream2/obj/src/arstream2_rtp_sender.c.o
 .debug_info    0x000000000003e6a2     0x4c19 /home/sunho/bebop_ws/devel/arsdk/out/arsdk-native/build/libARStream2/obj/src/arstream2_stream_recorder.c.o
 .debug_info    0x00000000000432bb     0x316e /home/sunho/bebop_ws/devel/arsdk/out/arsdk-native/build/libARStream2/obj/src/arstream2_stream_receiver.c.o

.debug_abbrev   0x0000000000000000     0x1e6d
 *(.debug_abbrev)
 .debug_abbrev  0x0000000000000000       0x7d /home/sunho/bebop_ws/devel/arsdk/out/arsdk-native/build/libARStream2/obj/gen/Sources/arstream2_error.c.o
 .debug_abbrev  0x000000000000007d      0x490 /home/sunho/bebop_ws/devel/arsdk/out/arsdk-native/build/libARStream2/obj/src/arstream2_h264_filter.c.o
 .debug_abbrev  0x000000000000050d      0x3e3 /home/sunho/bebop_ws/devel/arsdk/out/arsdk-native/build/libARStream2/obj/src/arstream2_h264_parser.c.o
 .debug_abbrev  0x00000000000008f0      0x1cf /home/sunho/bebop_ws/devel/arsdk/out/arsdk-native/build/libARStream2/obj/src/arstream2_h264_sei.c.o
 .debug_abbrev  0x0000000000000abf      0x366 /home/sunho/bebop_ws/devel/arsdk/out/arsdk-native/build/libARStream2/obj/src/arstream2_h264_writer.c.o
 .debug_abbrev  0x0000000000000e25      0x4fc /home/sunho/bebop_ws/devel/arsdk/out/arsdk-native/build/libARStream2/obj/src/arstream2_rtp_receiver.c.o
 .debug_abbrev  0x0000000000001321      0x46b /home/sunho/bebop_ws/devel/arsdk/out/arsdk-native/build/libARStream2/obj/src/arstream2_rtp_sender.c.o
 .debug_abbrev  0x000000000000178c      0x3ca /home/sunho/bebop_ws/devel/arsdk/out/arsdk-native/build/libARStream2/obj/src/arstream2_stream_recorder.c.o
 .debug_abbrev  0x0000000000001b56      0x317 /home/sunho/bebop_ws/devel/arsdk/out/arsdk-native/build/libARStream2/obj/src/arstream2_stream_receiver.c.o

.debug_line     0x0000000000000000     0xabed
 *(.debug_line .debug_line.* .debug_line_end)
 .debug_line    0x0000000000000000       0xbf /home/sunho/bebop_ws/devel/arsdk/out/arsdk-native/build/libARStream2/obj/gen/Sources/arstream2_error.c.o
 .debug_line    0x00000000000000bf     0x1722 /home/sunho/bebop_ws/devel/arsdk/out/arsdk-native/build/libARStream2/obj/src/arstream2_h264_filter.c.o
 .debug_line    0x00000000000017e1     0x3c21 /home/sunho/bebop_ws/devel/arsdk/out/arsdk-native/build/libARStream2/obj/src/arstream2_h264_parser.c.o
 .debug_line    0x0000000000005402      0x213 /home/sunho/bebop_ws/devel/arsdk/out/arsdk-native/build/libARStream2/obj/src/arstream2_h264_sei.c.o
 .debug_line    0x0000000000005615     0x24e9 /home/sunho/bebop_ws/devel/arsdk/out/arsdk-native/build/libARStream2/obj/src/arstream2_h264_writer.c.o
 .debug_line    0x0000000000007afe     0x1321 /home/sunho/bebop_ws/devel/arsdk/out/arsdk-native/build/libARStream2/obj/src/arstream2_rtp_receiver.c.o
 .debug_line    0x0000000000008e1f     0x103c /home/sunho/bebop_ws/devel/arsdk/out/arsdk-native/build/libARStream2/obj/src/arstream2_rtp_sender.c.o
 .debug_line    0x0000000000009e5b      0x87d /home/sunho/bebop_ws/devel/arsdk/out/arsdk-native/build/libARStream2/obj/src/arstream2_stream_recorder.c.o
 .debug_line    0x000000000000a6d8      0x515 /home/sunho/bebop_ws/devel/arsdk/out/arsdk-native/build/libARStream2/obj/src/arstream2_stream_receiver.c.o

.debug_frame
 *(.debug_frame)

.debug_str      0x0000000000000000     0x6988
 *(.debug_str)
 .debug_str     0x0000000000000000      0x23d /home/sunho/bebop_ws/devel/arsdk/out/arsdk-native/build/libARStream2/obj/gen/Sources/arstream2_error.c.o
                                        0x248 (size before relaxing)
 .debug_str     0x000000000000023d     0x28a4 /home/sunho/bebop_ws/devel/arsdk/out/arsdk-native/build/libARStream2/obj/src/arstream2_h264_filter.c.o
                                       0x2ba5 (size before relaxing)
 .debug_str     0x0000000000002ae1      0x83f /home/sunho/bebop_ws/devel/arsdk/out/arsdk-native/build/libARStream2/obj/src/arstream2_h264_parser.c.o
                                       0x1786 (size before relaxing)
 .debug_str     0x0000000000003320       0xeb /home/sunho/bebop_ws/devel/arsdk/out/arsdk-native/build/libARStream2/obj/src/arstream2_h264_sei.c.o
                                        0x5f5 (size before relaxing)
 .debug_str     0x000000000000340b      0x4aa /home/sunho/bebop_ws/devel/arsdk/out/arsdk-native/build/libARStream2/obj/src/arstream2_h264_writer.c.o
                                       0x120a (size before relaxing)
 .debug_str     0x00000000000038b5     0x17c8 /home/sunho/bebop_ws/devel/arsdk/out/arsdk-native/build/libARStream2/obj/src/arstream2_rtp_receiver.c.o
                                       0x21c0 (size before relaxing)
 .debug_str     0x000000000000507d      0x6fa /home/sunho/bebop_ws/devel/arsdk/out/arsdk-native/build/libARStream2/obj/src/arstream2_rtp_sender.c.o
                                       0x1a13 (size before relaxing)
 .debug_str     0x0000000000005777      0xda3 /home/sunho/bebop_ws/devel/arsdk/out/arsdk-native/build/libARStream2/obj/src/arstream2_stream_recorder.c.o
                                       0x192b (size before relaxing)
 .debug_str     0x000000000000651a      0x46e /home/sunho/bebop_ws/devel/arsdk/out/arsdk-native/build/libARStream2/obj/src/arstream2_stream_receiver.c.o
                                       0x14b7 (size before relaxing)

.debug_loc      0x0000000000000000    0x69b54
 *(.debug_loc)
 .debug_loc     0x0000000000000000       0x39 /home/sunho/bebop_ws/devel/arsdk/out/arsdk-native/build/libARStream2/obj/gen/Sources/arstream2_error.c.o
 .debug_loc     0x0000000000000039     0xbae0 /home/sunho/bebop_ws/devel/arsdk/out/arsdk-native/build/libARStream2/obj/src/arstream2_h264_filter.c.o
 .debug_loc     0x000000000000bb19    0x2101a /home/sunho/bebop_ws/devel/arsdk/out/arsdk-native/build/libARStream2/obj/src/arstream2_h264_parser.c.o
 .debug_loc     0x000000000002cb33      0xcf2 /home/sunho/bebop_ws/devel/arsdk/out/arsdk-native/build/libARStream2/obj/src/arstream2_h264_sei.c.o
 .debug_loc     0x000000000002d825    0x2645e /home/sunho/bebop_ws/devel/arsdk/out/arsdk-native/build/libARStream2/obj/src/arstream2_h264_writer.c.o
 .debug_loc     0x0000000000053c83     0x8c76 /home/sunho/bebop_ws/devel/arsdk/out/arsdk-native/build/libARStream2/obj/src/arstream2_rtp_receiver.c.o
 .debug_loc     0x000000000005c8f9     0x89bb /home/sunho/bebop_ws/devel/arsdk/out/arsdk-native/build/libARStream2/obj/src/arstream2_rtp_sender.c.o
 .debug_loc     0x00000000000652b4     0x2892 /home/sunho/bebop_ws/devel/arsdk/out/arsdk-native/build/libARStream2/obj/src/arstream2_stream_recorder.c.o
 .debug_loc     0x0000000000067b46     0x200e /home/sunho/bebop_ws/devel/arsdk/out/arsdk-native/build/libARStream2/obj/src/arstream2_stream_receiver.c.o

.debug_macinfo
 *(.debug_macinfo)

.debug_weaknames
 *(.debug_weaknames)

.debug_funcnames
 *(.debug_funcnames)

.debug_typenames
 *(.debug_typenames)

.debug_varnames
 *(.debug_varnames)

.debug_pubtypes
 *(.debug_pubtypes)

.debug_ranges   0x0000000000000000     0xd300
 *(.debug_ranges)
 .debug_ranges  0x0000000000000000       0x20 /home/sunho/bebop_ws/devel/arsdk/out/arsdk-native/build/libARStream2/obj/gen/Sources/arstream2_error.c.o
 .debug_ranges  0x0000000000000020     0x1cf0 /home/sunho/bebop_ws/devel/arsdk/out/arsdk-native/build/libARStream2/obj/src/arstream2_h264_filter.c.o
 .debug_ranges  0x0000000000001d10     0x4050 /home/sunho/bebop_ws/devel/arsdk/out/arsdk-native/build/libARStream2/obj/src/arstream2_h264_parser.c.o
 .debug_ranges  0x0000000000005d60      0x1f0 /home/sunho/bebop_ws/devel/arsdk/out/arsdk-native/build/libARStream2/obj/src/arstream2_h264_sei.c.o
 .debug_ranges  0x0000000000005f50     0x4150 /home/sunho/bebop_ws/devel/arsdk/out/arsdk-native/build/libARStream2/obj/src/arstream2_h264_writer.c.o
 .debug_ranges  0x000000000000a0a0     0x14c0 /home/sunho/bebop_ws/devel/arsdk/out/arsdk-native/build/libARStream2/obj/src/arstream2_rtp_receiver.c.o
 .debug_ranges  0x000000000000b560     0x1210 /home/sunho/bebop_ws/devel/arsdk/out/arsdk-native/build/libARStream2/obj/src/arstream2_rtp_sender.c.o
 .debug_ranges  0x000000000000c770      0x9a0 /home/sunho/bebop_ws/devel/arsdk/out/arsdk-native/build/libARStream2/obj/src/arstream2_stream_recorder.c.o
 .debug_ranges  0x000000000000d110      0x1f0 /home/sunho/bebop_ws/devel/arsdk/out/arsdk-native/build/libARStream2/obj/src/arstream2_stream_receiver.c.o

.debug_macro
 *(.debug_macro)

.gnu.attributes
 *(.gnu.attributes)

/DISCARD/
 *(.note.GNU-stack)
 *(.gnu_debuglink)
 *(.gnu.lto_*)
OUTPUT(out/arsdk-native/build/libARStream2/libarstream2.so elf64-x86-64)
